D/RILJ    ( 1358): [3768]> SCREEN_STATE: true
E/RILD    (  250): GMISC-MGR: evt(107)
E/RILD    (  250): [L] TX: (M)MISC_CMD (S)MISC_SCREEN_STATUS (T)EVENT l:8 m:04 a:00 [ 01 ]
D/RIL-QMI (  245): qmuxd: RX 58 bytes on fd=23 from qmux_client_id=1
D/RIL-QMI (  245): [SMDPORT] >> BEFORE, Write SMD Port [fd = 10] [msg_len = 24]
D/RIL-QMI (  245): [SMDPORT] << AFTER, Write SMD Port [rc = 0]
E/RIL-QMI (  245): [SMDPORT] >> BEFORE, Read SMD Port [fd = 10]
E/RIL-QMI (  245): [SMDPORT] << AFTER, Read SMD Port [num_read = 20] [errno = 25]
D/RIL-QMI (  245): qmuxd: TX message on fd=23, to qmux_client_id=1, len=54
E/RILD    (  250): SendMessage: svc(NAS), msg(0x50:QMI_NAS_CONFIG_SIG_INFO), sync(1), internal(1), size(372)
D/RIL-QMI (  245): qmuxd: RX 196 bytes on fd=23 from qmux_client_id=1
D/RIL-QMI (  245): [SMDPORT] >> BEFORE, Write SMD Port [fd = 10] [msg_len = 162]
D/RIL-QMI (  245): [SMDPORT] << AFTER, Write SMD Port [rc = 0]
E/RIL-QMI (  245): [SMDPORT] >> BEFORE, Read SMD Port [fd = 10]
E/RIL-QMI (  245): [SMDPORT] << AFTER, Read SMD Port [num_read = 20] [errno = 25]
D/RIL-QMI (  245): qmuxd: TX message on fd=23, to qmux_client_id=1, len=54
E/RILD    (  250): ReceiveMessage: svc(NAS), msg(0x50:QMI_NAS_CONFIG_SIG_INFO), indi(0), size(8), err(0)
E/RILD    (  250): Result(0), Error(0)
E/RILD    (  250): SendMessage: svc(NAS), msg(0x2:QMI_NAS_SET_EVENT_REPORT), sync(1), internal(1), size(104)
D/RIL-QMI (  245): qmuxd: RX 51 bytes on fd=23 from qmux_client_id=1
D/RIL-QMI (  245): [SMDPORT] >> BEFORE, Write SMD Port [fd = 10] [msg_len = 17]
D/RIL-QMI (  245): [SMDPORT] << AFTER, Write SMD Port [rc = 0]
E/RIL-QMI (  245): [SMDPORT] >> BEFORE, Read SMD Port [fd = 10]
E/RIL-QMI (  245): [SMDPORT] << AFTER, Read SMD Port [num_read = 20] [errno = 25]
D/RIL-QMI (  245): qmuxd: TX message on fd=23, to qmux_client_id=1, len=54
E/RILD    (  250): ReceiveMessage: svc(NAS), msg(0x2:QMI_NAS_SET_EVENT_REPORT), indi(0), size(8), err(0)
E/RILD    (  250): RxSetEventReport: Receive set event report response
E/RILD    (  250): Result(0), Error(0)
E/RILD    (  250): SendMessage: svc(NAS), msg(0x4D:QMI_NAS_GET_SYS_INFO), sync(1), internal(1), size(0)
D/RIL-QMI (  245): qmuxd: RX 47 bytes on fd=23 from qmux_client_id=1
D/RIL-QMI (  245): [SMDPORT] >> BEFORE, Write SMD Port [fd = 10] [msg_len = 13]
D/RIL-QMI (  245): [SMDPORT] << AFTER, Write SMD Port [rc = 0]
E/RIL-QMI (  245): [SMDPORT] >> BEFORE, Read SMD Port [fd = 10]
E/RIL-QMI (  245): [SMDPORT] << AFTER, Read SMD Port [num_read = 134] [errno = 25]
D/RIL-QMI (  245): qmuxd: TX message on fd=23, to qmux_client_id=1, len=168
E/RILD    (  250): ReceiveMessage: svc(NAS), msg(0x4D:QMI_NAS_GET_SYS_INFO), indi(0), size(1068), err(0)
E/RILD    (  250): Result(0), Error(0)
E/RILD    (  250): [VoLTE] VoPS [0], EbSupport [0], EmergencyAccessBarred [0]
E/RILD    (  250): [CS] 1x reg [0], gsm reg [1], wcdma reg [2], lte reg [2], hdr reg [0], Td reg [0]
E/RILD    (  250): UpdateVoiceRte() - mVoiceRte(2), mVoiceRteConfidenceTag(1), mReportedLteSmsStatus(0)
E/RILD    (  250): UpdateDataRte: [PS] 1x reg [0], gsm reg [1], wcdma reg [2], lte reg [2], hdr reg [0], Td reg [0]
E/RILD    (  250): UpdateDataRte: pref_data_tech(3), radio_tech_flag(1)
E/RILD    (  250): UpdateDataRte: mDataRte(2), confidence(1)
E/RILD    (  250): UpdateImsRte: mImsRte(0), mImsRteConfidenceTag(4)
E/RILD    (  250): UpdateVoiceTech() - RteType: 1, VoiceRadioTech: 1 -> 1
E/RILD    (  250): GetVoiceSysInfo: regState(1), voiceRte(16), isRte3gpp(1)
E/RILD    (  250): IsConsideredRegistered: cs 1x(0), gsm(1), wcdma(2), lte(2), hdr(0), Td(0)
E/RILD    (  250): FindCurrentMccMnc: mcc(310), mnc(260)
E/RILD    (  250): cdmaCcsSupported: 0, SimulVoiceAndDataCapability Valid: 1, Value: 0
E/RILD    (  250): mReportedDataTechnology Valid: 1, Value: 2
E/RILD    (  250): .. VoPS: 0, EbSupport: 0, EmergencyBarring: 0
E/RILD    (  250): BuildVoiceRegState : rData->mTac : 0
E/RILD    (  250): IsAnyRteChanged: rte changed, old and new rte snapshot:
E/RILD    (  250): rte voice(0), data(0), ims(0), voiceConf(0), dataConf(0), imsConf(4)
E/RILD    (  250): rte voice(2), data(2), ims(0), voiceConf(1), dataConf(1), imsConf(4)
E/RILD    (  250): EnableNetworkingIndications: Rte changed
E/RILD    (  250): mCurrentRestricedState = 0
E/RILD    (  250): cs_bar_status 3
E/RILD    (  250): ps_bar_status 3
E/RILD    (  250): UpdateRestrictedDetails nRestrictedStateDetail 0
E/RILD    (  250): SendMessage: svc(NAS), msg(0x3:QMI_NAS_INDICATION_REGISTER), sync(1), internal(1), size(51)
D/RIL-QMI (  245): qmuxd: RX 99 bytes on fd=23 from qmux_client_id=1
D/RIL-QMI (  245): [SMDPORT] >> BEFORE, Write SMD Port [fd = 10] [msg_len = 65]
D/RIL-QMI (  245): [SMDPORT] << AFTER, Write SMD Port [rc = 0]
E/RIL-QMI (  245): [SMDPORT] >> BEFORE, Read SMD Port [fd = 10]
E/RIL-QMI (  245): [SMDPORT] << AFTER, Read SMD Port [num_read = 20] [errno = 25]
D/RIL-QMI (  245): qmuxd: TX message on fd=23, to qmux_client_id=1, len=54
E/RILD    (  250): ReceiveMessage: svc(NAS), msg(0x3:QMI_NAS_INDICATION_REGISTER), indi(0), size(8), err(0)
E/RILD    (  250): RxSetIndicationRegister: Receive indication reg response
E/RILD    (  250): IsConsideredRegistered: Cache hit 1
E/RILD    (  250): IsConsideredRegistered: Cache hit 1
E/RILD    (  250): need sig info-0, need err rate-0
E/RILD    (  250): Result(0), Error(0)
E/RILD    (  250): SendMessage: svc(NAS), msg(0x4D:QMI_NAS_GET_SYS_INFO), sync(1), internal(1), size(0)
D/RIL-QMI (  245): qmuxd: RX 47 bytes on fd=23 from qmux_client_id=1
D/RIL-QMI (  245): [SMDPORT] >> BEFORE, Write SMD Port [fd = 10] [msg_len = 13]
E/RIL-QMI (  245): [SMDPORT] >> BEFORE, Read SMD Port [fd = 10]
D/RIL-QMI (  245): [SMDPORT] << AFTER, Write SMD Port [rc = 0]
E/RIL-QMI (  245): [SMDPORT] << AFTER, Read SMD Port [num_read = 134] [errno = 25]
D/RIL-QMI (  245): qmuxd: TX message on fd=23, to qmux_client_id=1, len=168
E/RILD    (  250): ReceiveMessage: svc(NAS), msg(0x4D:QMI_NAS_GET_SYS_INFO), indi(0), size(1068), err(0)
E/RILD    (  250): Result(0), Error(0)
E/RILD    (  250): [VoLTE] VoPS [0], EbSupport [0], EmergencyAccessBarred [0]
E/RILD    (  250): [CS] 1x reg [0], gsm reg [1], wcdma reg [2], lte reg [2], hdr reg [0], Td reg [0]
E/RILD    (  250): UpdateVoiceRte() - mVoiceRte(2), mVoiceRteConfidenceTag(1), mReportedLteSmsStatus(0)
E/RILD    (  250): UpdateDataRte: [PS] 1x reg [0], gsm reg [1], wcdma reg [2], lte reg [2], hdr reg [0], Td reg [0]
E/RILD    (  250): UpdateDataRte: pref_data_tech(3), radio_tech_flag(1)
E/RILD    (  250): UpdateDataRte: mDataRte(2), confidence(1)
E/RILD    (  250): UpdateImsRte: mImsRte(0), mImsRteConfidenceTag(4)
E/RILD    (  250): UpdateVoiceTech() - RteType: 1, VoiceRadioTech: 1 -> 1
E/RILD    (  250): GetVoiceSysInfo: regState(1), voiceRte(16), isRte3gpp(1)
E/RILD    (  250): IsConsideredRegistered: cs 1x(0), gsm(1), wcdma(2), lte(2), hdr(0), Td(0)
E/RILD    (  250): FindCurrentMccMnc: mcc(310), mnc(260)
E/RILD    (  250): cdmaCcsSupported: 0, SimulVoiceAndDataCapability Valid: 1, Value: 0
E/RILD    (  250): mReportedDataTechnology Valid: 1, Value: 2
E/RILD    (  250): .. VoPS: 0, EbSupport: 0, EmergencyBarring: 0
E/RILD    (  250): BuildVoiceRegState : rData->mTac : 0
E/RILD    (  250): IsConsideredRegistered: Cache hit 1
E/RILD    (  250): IsConsideredRegistered: Cache hit 1
E/RILD    (  250): need sig info-0, need err rate-0
E/RILD    (  250): GLNET-MGR: evt(210)
E/RILD    (  250): NET-MGR: EVENT_SCREEN_STATE
E/RILD    (  250): [FD] Set FD time: 5000
E/RILD    (  250): GMISC-MGR: evt(118)
E/RILD    (  250): GLNET-MGR: evt(200)
E/RILD    (  250): NET-MGR: EVENT_NETWORK_STATE_CHANGED
E/RILD    (  250): GLNET-MGR: evt(201)
D/RILJ    ( 1358): [UNSL]< UNSOL_RESPONSE_VOICE_NETWORK_STATE_CHANGED
E/RILD    (  250): NET-MGR: EVENT_NETWORK_SIGNAL_STRENGTH
E/RILD    (  250): OnNetworkSignalStrength() - mSignalBar: 2
E/RILD    (  250): IsRegisteredNetworkType(): netType[1]  feature[00] state[0] 
E/RILD    (  250): GLNET-MGR: evt(201)
E/RILD    (  250): NET-MGR: EVENT_NETWORK_SIGNAL_STRENGTH
E/RILD    (  250): OnNetworkSignalStrength() - mSignalBar: 2
E/RILD    (  250): IsRegisteredNetworkType(): netType[1]  feature[00] state[0] 
D/RILJ    ( 1358): [3768]< SCREEN_STATE 
D/RILJ    ( 1358): [3769]> OPERATOR
D/RILJ    ( 1358): [UNSL]< UNSOL_RESPONSE_VOICE_NETWORK_STATE_CHANGED
D/RILJ    ( 1358): [3770]> DATA_REGISTRATION_STATE
E/RILD    (  250): GLNET-MGR: evt(108)
E/RILD    (  250): DoOperator():
E/RILD    (  250): IsRegisteredNetworkType(): netType[1]  feature[00] state[0] 
E/RILD    (  250): IsConsideredRegistered: Cache hit 1
E/RILD    (  250): IsInService: rat(2), service(1)
E/RILD    (  250): IsConsideredRegistered: Cache hit 1
E/RILD    (  250): FindCurrentMccMnc: mcc(310), mnc(260)
E/RILD    (  250): IsInService: rat(1), service(0)
E/RILD    (  250): GLNET-MGR: evt(109)
E/RILD    (  250): GNET-MGR: EVENT_OPERATOR_DONE
E/RILD    (  250): EVENT_OPERATOR_DONE (T-Mobile ,TMO,310260)
D/RILJ    ( 1358): [3769]< OPERATOR {T-Mobile , TMO, 310260, null}
D/RILJ    ( 1358): [3771]> VOICE_REGISTRATION_STATE
E/RILD    (  250): GLNET-MGR: evt(102)
E/RILD    (  250): DoDataNetRegState():
E/RILD    (  250): TxGetSysInfo: Cache hit!
E/RILD    (  250): GetDataRegs: group( CDMA), reg(0)
E/RILD    (  250): GetDataRegs: group( EVDO), reg(0)
E/RILD    (  250): GetDataRegs: group(  GSM), reg(1)
E/RILD    (  250): GetDataRegs: group( UMTS), reg(2)
E/RILD    (  250): GetDataRegs: group(EHRPD), reg(0)
E/RILD    (  250): GetDataRegs: group(  LTE), reg(2)
E/RILD    (  250): GetDataRegs: group(TDSCDMA), reg(0)
E/RILD    (  250): BuildDataRegState: prefData(3) flag(1) networktype(0) radiotech(2) from WDS
E/RILD    (  250): CheckRoamingStatus: return 1
E/RILD    (  250): BuildDataRegState: isRegistered : 1, dataTechToReport : 3
E/RILD    (  250): BuildDataRegState: pref data tech reg 1
E/RILD    (  250): BuildDataRegState: registered...
E/RILD    (  250): mOptionalRadioTech:0
E/RILD    (  250): BuildDataRegState() - VoPS: 0, EbSupport: 0, EmergencyBarring: 0
E/RILD    (  250): mConsideredDataTechnology Valid: 1, Value: 2
E/RILD    (  250): ProcessDataRegStateResp: VOICE_NETWORK_STATE_CHANGED
E/RILD    (  250): GLNET-MGR: evt(200)
E/RILD    (  250): NET-MGR: EVENT_NETWORK_STATE_CHANGED
E/RILD    (  250): GLNET-MGR: evt(103)
E/RILD    (  250): NET-MGR: EVENT_DATA_NET_REG_STATE_DONE
D/RILJ    ( 1358): [UNSL]< UNSOL_RESPONSE_VOICE_NETWORK_STATE_CHANGED
D/RILJ    ( 1358): [3772]> QUERY_NETWORK_SELECTION_MODE
D/RILJ    ( 1358): [3770]< DATA_REGISTRATION_STATE {1, a192, 00007f6d, 2, null, 4}
E/RILD    (  250): GLNET-MGR: evt(100)
E/RILD    (  250): DoVoiceNetRegState():
E/RILD    (  250): IsRegisteredNetworkType(): netType[1]  feature[00] state[0] 
E/RILD    (  250): TxGetSysInfo: Cache hit!
E/RILD    (  250): GetVoiceSysInfo: regState(1), voiceRte(16), isRte3gpp(1)
E/RILD    (  250): IsConsideredRegistered: Cache hit 1
E/RILD    (  250): FindCurrentMccMnc: mcc(310), mnc(260)
E/RILD    (  250): cdmaCcsSupported: 0, SimulVoiceAndDataCapability Valid: 1, Value: 0
E/RILD    (  250): mReportedDataTechnology Valid: 1, Value: 2
E/RILD    (  250): .. VoPS: 0, EbSupport: 0, EmergencyBarring: 0
E/RILD    (  250): BuildVoiceRegState : rData->mTac : 0
E/RILD    (  250): GLNET-MGR: evt(101)
E/RILD    (  250): GNET-MGR: EVENT_VOICE_NET_REG_STATE_DONE
D/RILJ    ( 1358): [3773]> OPERATOR
E/RILD    (  250): Hall IC - ON
E/RILD    (  250): GLNET-MGR: evt(118)
E/RILD    (  250): DoGetNetSelectionMode():
D/RILJ    ( 1358): [3771]< VOICE_REGISTRATION_STATE {1, a192, 00007f6d, 16, null, null, null, null, null, null, null, null, null, null, null}
E/RILD    (  250): GLNET-MGR: evt(119)
E/RILD    (  250): NET-MGR: EVENT_GET_NETWORK_SELECTION_MODE_DONE
D/RILJ    ( 1358): [3774]> DATA_REGISTRATION_STATE
E/RILD    (  250): GLNET-MGR: evt(108)
E/RILD    (  250): DoOperator():
E/RILD    (  250): IsRegisteredNetworkType(): netType[1]  feature[00] state[0] 
E/RILD    (  250): IsConsideredRegistered: Cache hit 1
E/RILD    (  250): IsInService: rat(2), service(1)
E/RILD    (  250): IsConsideredRegistered: Cache hit 1
E/RILD    (  250): FindCurrentMccMnc: mcc(310), mnc(260)
E/RILD    (  250): IsInService: rat(1), service(0)
E/RILD    (  250): GLNET-MGR: evt(109)
E/RILD    (  250): GNET-MGR: EVENT_OPERATOR_DONE
E/RILD    (  250): EVENT_OPERATOR_DONE (T-Mobile ,TMO,310260)
E/RILD    (  250): GLNET-MGR: evt(102)
E/RILD    (  250): DoDataNetRegState():
E/RILD    (  250): TxGetSysInfo: Cache hit!
E/RILD    (  250): GetDataRegs: group( CDMA), reg(0)
E/RILD    (  250): GetDataRegs: group( EVDO), reg(0)
E/RILD    (  250): GetDataRegs: group(  GSM), reg(1)
E/RILD    (  250): GetDataRegs: group( UMTS), reg(2)
E/RILD    (  250): GetDataRegs: group(EHRPD), reg(0)
E/RILD    (  250): GetDataRegs: group(  LTE), reg(2)
E/RILD    (  250): GetDataRegs: group(TDSCDMA), reg(0)
E/RILD    (  250): BuildDataRegState: prefData(3) flag(1) networktype(0) radiotech(2) from WDS
E/RILD    (  250): CheckRoamingStatus: return 1
E/RILD    (  250): BuildDataRegState: isRegistered : 1, dataTechToReport : 3
E/RILD    (  250): BuildDataRegState: pref data tech reg 1
E/RILD    (  250): BuildDataRegState: registered...
E/RILD    (  250): mOptionalRadioTech:0
E/RILD    (  250): BuildDataRegState() - VoPS: 0, EbSupport: 0, EmergencyBarring: 0
E/RILD    (  250): mConsideredDataTechnology Valid: 1, Value: 2
E/RILD    (  250): GLNET-MGR: evt(103)
E/RILD    (  250): NET-MGR: EVENT_DATA_NET_REG_STATE_DONE
D/RILJ    ( 1358): [3775]> VOICE_REGISTRATION_STATE
D/RILJ    ( 1358): [3772]< QUERY_NETWORK_SELECTION_MODE {0}
E/RILD    (  250): GLNET-MGR: evt(100)
E/RILD    (  250): DoVoiceNetRegState():
E/RILD    (  250): IsRegisteredNetworkType(): netType[1]  feature[00] state[0] 
E/RILD    (  250): TxGetSysInfo: Cache hit!
E/RILD    (  250): GetVoiceSysInfo: regState(1), voiceRte(16), isRte3gpp(1)
E/RILD    (  250): IsConsideredRegistered: Cache hit 1
E/RILD    (  250): FindCurrentMccMnc: mcc(310), mnc(260)
E/RILD    (  250): cdmaCcsSupported: 0, SimulVoiceAndDataCapability Valid: 1, Value: 0
E/RILD    (  250): mReportedDataTechnology Valid: 1, Value: 2
E/RILD    (  250): .. VoPS: 0, EbSupport: 0, EmergencyBarring: 0
E/RILD    (  250): BuildVoiceRegState : rData->mTac : 0
E/RILD    (  250): GLNET-MGR: evt(101)
E/RILD    (  250): GNET-MGR: EVENT_VOICE_NET_REG_STATE_DONE
E/RILD    (  250): Hall IC - ON
D/RILJ    ( 1358): [3773]< OPERATOR {T-Mobile , TMO, 310260, null}
D/RILJ    ( 1358): [3774]< DATA_REGISTRATION_STATE {1, a192, 00007f6d, 2, null, 4}
D/RILJ    ( 1358): [3775]< VOICE_REGISTRATION_STATE {1, a192, 00007f6d, 16, null, null, null, null, null, null, null, null, null, null, null}
D/RILJ    ( 1358): [3776]> QUERY_NETWORK_SELECTION_MODE
E/RILD    (  250): GLNET-MGR: evt(118)
E/RILD    (  250): DoGetNetSelectionMode():
E/RILD    (  250): GLNET-MGR: evt(119)
E/RILD    (  250): NET-MGR: EVENT_GET_NETWORK_SELECTION_MODE_DONE
D/RILJ    ( 1358): [3777]> OPERATOR
D/RILJ    ( 1358): [3778]> DATA_REGISTRATION_STATE
E/RILD    (  250): GLNET-MGR: evt(108)
E/RILD    (  250): DoOperator():
E/RILD    (  250): IsRegisteredNetworkType(): netType[1]  feature[00] state[0] 
E/RILD    (  250): IsConsideredRegistered: Cache hit 1
E/RILD    (  250): IsInService: rat(2), service(1)
E/RILD    (  250): IsConsideredRegistered: Cache hit 1
E/RILD    (  250): FindCurrentMccMnc: mcc(310), mnc(260)
E/RILD    (  250): IsInService: rat(1), service(0)
E/RILD    (  250): GLNET-MGR: evt(109)
E/RILD    (  250): GNET-MGR: EVENT_OPERATOR_DONE
E/RILD    (  250): EVENT_OPERATOR_DONE (T-Mobile ,TMO,310260)
D/RILJ    ( 1358): [3776]< QUERY_NETWORK_SELECTION_MODE {0}
D/RILJ    ( 1358): [3779]> VOICE_REGISTRATION_STATE
D/RILJ    ( 1358): [3777]< OPERATOR {T-Mobile , TMO, 310260, null}
E/RILD    (  250): GLNET-MGR: evt(102)
E/RILD    (  250): DoDataNetRegState():
E/RILD    (  250): TxGetSysInfo: Cache hit!
E/RILD    (  250): GetDataRegs: group( CDMA), reg(0)
E/RILD    (  250): GetDataRegs: group( EVDO), reg(0)
E/RILD    (  250): GetDataRegs: group(  GSM), reg(1)
E/RILD    (  250): GetDataRegs: group( UMTS), reg(2)
E/RILD    (  250): GetDataRegs: group(EHRPD), reg(0)
E/RILD    (  250): GetDataRegs: group(  LTE), reg(2)
E/RILD    (  250): GetDataRegs: group(TDSCDMA), reg(0)
E/RILD    (  250): BuildDataRegState: prefData(3) flag(1) networktype(0) radiotech(2) from WDS
E/RILD    (  250): CheckRoamingStatus: return 1
E/RILD    (  250): BuildDataRegState: isRegistered : 1, dataTechToReport : 3
E/RILD    (  250): BuildDataRegState: pref data tech reg 1
E/RILD    (  250): BuildDataRegState: registered...
E/RILD    (  250): mOptionalRadioTech:0
E/RILD    (  250): BuildDataRegState() - VoPS: 0, EbSupport: 0, EmergencyBarring: 0
E/RILD    (  250): mConsideredDataTechnology Valid: 1, Value: 2
E/RILD    (  250): GLNET-MGR: evt(103)
E/RILD    (  250): NET-MGR: EVENT_DATA_NET_REG_STATE_DONE
D/RILJ    ( 1358): [3780]> QUERY_NETWORK_SELECTION_MODE
E/RILD    (  250): GLNET-MGR: evt(100)
E/RILD    (  250): DoVoiceNetRegState():
E/RILD    (  250): IsRegisteredNetworkType(): netType[1]  feature[00] state[0] 
E/RILD    (  250): TxGetSysInfo: Cache hit!
E/RILD    (  250): GetVoiceSysInfo: regState(1), voiceRte(16), isRte3gpp(1)
E/RILD    (  250): IsConsideredRegistered: Cache hit 1
E/RILD    (  250): FindCurrentMccMnc: mcc(310), mnc(260)
E/RILD    (  250): cdmaCcsSupported: 0, SimulVoiceAndDataCapability Valid: 1, Value: 0
E/RILD    (  250): mReportedDataTechnology Valid: 1, Value: 2
E/RILD    (  250): .. VoPS: 0, EbSupport: 0, EmergencyBarring: 0
E/RILD    (  250): BuildVoiceRegState : rData->mTac : 0
E/RILD    (  250): GLNET-MGR: evt(101)
E/RILD    (  250): GNET-MGR: EVENT_VOICE_NET_REG_STATE_DONE
E/RILD    (  250): Hall IC - ON
D/RILJ    ( 1358): [3778]< DATA_REGISTRATION_STATE {1, a192, 00007f6d, 2, null, 4}
D/RILJ    ( 1358): [3779]< VOICE_REGISTRATION_STATE {1, a192, 00007f6d, 16, null, null, null, null, null, null, null, null, null, null, null}
E/RILD    (  250): GLNET-MGR: evt(118)
E/RILD    (  250): DoGetNetSelectionMode():
E/RILD    (  250): GLNET-MGR: evt(119)
E/RILD    (  250): NET-MGR: EVENT_GET_NETWORK_SELECTION_MODE_DONE
D/PHONE   ( 1358): [ServiceState] setDataRegState=0
D/PHONE   ( 1358): [ServiceState] setDataRadioTechnology=2
D/GsmSST  ( 1358): [GsmSST] handlPollStateResultMessage: GsmSST setDataRegState=0 regState=1 dataRadioTechnology=2
D/RILJ    ( 1358): [3780]< QUERY_NETWORK_SELECTION_MODE {0}
D/PHONE   ( 1358): [ServiceState] setVoiceRegState=0
E/PHONE   ( 1358): [ServiceState] setState deprecated use setVoiceRegState()
D/GsmSST  ( 1358): [GsmSST] Poll ServiceState done:  oldSS=[0 0 home T-Mobile  TMO 310260  GSM EDGE CSS not supported -1 -1 RoamInd=-1 DefRoamInd=-1 EmergOnly=false] newSS=[0 0 home T-Mobile  TMO 310260  GSM EDGE CSS not supported -1 -1 RoamInd=-1 DefRoamInd=-1 EmergOnly=false] oldMaxDataCalls=4 mNewMaxDataCalls=4 oldReasonDataDenied=-1 mNewReasonDataDenied=-1
D/PHONE   ( 1358): [ServiceState] setNullState=1
E/RILD    (  250): LDC-MGR: evt(10002)
E/RILD    (  250): RefreshAttachApn: reason 5
E/RILD    (  250): IsEsmFlagZeroNetwork: 310260 operator ESM flag 1
E/RILD    (  250): getPreferredApnId(): preferredApnId = 637
E/RILD    (  250): db prepare error
E/RILD    (  250): IsAttachApnChanged: Failed to load attach apn
E/RILD    (  250): RefreshAttachApn: read Attach Apn from DB failed
E/RILD    (  250): RefreshAttachApn: delete prev retry event and set retry after 1sec
D/GsmDCT  ( 1358): onReceive: action=android.intent.action.SCREEN_OFF
D/GsmDCT  ( 1358): stopNetStatPoll
D/GsmDCT  ( 1358): overall state is CONNECTING
D/RILJ    ( 1358): [3781]> SCREEN_STATE: false
E/RILD    (  250): GMISC-MGR: evt(107)
E/RILD    (  250): [L] TX: (M)MISC_CMD (S)MISC_SCREEN_STATUS (T)EVENT l:8 m:05 a:00 [ 00 ]
D/RIL-QMI (  245): qmuxd: RX 58 bytes on fd=23 from qmux_client_id=1
D/RIL-QMI (  245): [SMDPORT] >> BEFORE, Write SMD Port [fd = 10] [msg_len = 24]
D/RIL-QMI (  245): [SMDPORT] << AFTER, Write SMD Port [rc = 0]
E/RIL-QMI (  245): [SMDPORT] >> BEFORE, Read SMD Port [fd = 10]
E/RIL-QMI (  245): [SMDPORT] << AFTER, Read SMD Port [num_read = 20] [errno = 25]
D/RIL-QMI (  245): qmuxd: TX message on fd=23, to qmux_client_id=1, len=54
E/RILD    (  250): SendMessage: svc(NAS), msg(0x50:QMI_NAS_CONFIG_SIG_INFO), sync(1), internal(1), size(372)
D/RIL-QMI (  245): qmuxd: RX 196 bytes on fd=23 from qmux_client_id=1
D/RIL-QMI (  245): [SMDPORT] >> BEFORE, Write SMD Port [fd = 10] [msg_len = 162]
D/RIL-QMI (  245): [SMDPORT] << AFTER, Write SMD Port [rc = 0]
E/RIL-QMI (  245): [SMDPORT] >> BEFORE, Read SMD Port [fd = 10]
E/RIL-QMI (  245): [SMDPORT] << AFTER, Read SMD Port [num_read = 20] [errno = 25]
D/RIL-QMI (  245): qmuxd: TX message on fd=23, to qmux_client_id=1, len=54
E/RILD    (  250): ReceiveMessage: svc(NAS), msg(0x50:QMI_NAS_CONFIG_SIG_INFO), indi(0), size(8), err(0)
E/RILD    (  250): Result(0), Error(0)
E/RILD    (  250): SendMessage: svc(NAS), msg(0x2:QMI_NAS_SET_EVENT_REPORT), sync(1), internal(1), size(104)
D/RIL-QMI (  245): qmuxd: RX 51 bytes on fd=23 from qmux_client_id=1
D/RIL-QMI (  245): [SMDPORT] >> BEFORE, Write SMD Port [fd = 10] [msg_len = 17]
D/RIL-QMI (  245): [SMDPORT] << AFTER, Write SMD Port [rc = 0]
E/RIL-QMI (  245): [SMDPORT] >> BEFORE, Read SMD Port [fd = 10]
E/RIL-QMI (  245): [SMDPORT] << AFTER, Read SMD Port [num_read = 20] [errno = 25]
D/RIL-QMI (  245): qmuxd: TX message on fd=23, to qmux_client_id=1, len=54
E/RILD    (  250): ReceiveMessage: svc(NAS), msg(0x2:QMI_NAS_SET_EVENT_REPORT), indi(0), size(8), err(0)
E/RILD    (  250): RxSetEventReport: Receive set event report response
E/RILD    (  250): Result(0), Error(0)
E/RILD    (  250): SendMessage: svc(NAS), msg(0x3:QMI_NAS_INDICATION_REGISTER), sync(1), internal(1), size(51)
D/RIL-QMI (  245): qmuxd: RX 99 bytes on fd=23 from qmux_client_id=1
D/RIL-QMI (  245): [SMDPORT] >> BEFORE, Write SMD Port [fd = 10] [msg_len = 65]
D/RIL-QMI (  245): [SMDPORT] << AFTER, Write SMD Port [rc = 0]
E/RIL-QMI (  245): [SMDPORT] >> BEFORE, Read SMD Port [fd = 10]
E/RIL-QMI (  245): [SMDPORT] << AFTER, Read SMD Port [num_read = 20] [errno = 25]
D/RIL-QMI (  245): qmuxd: TX message on fd=23, to qmux_client_id=1, len=54
E/RILD    (  250): ReceiveMessage: svc(NAS), msg(0x3:QMI_NAS_INDICATION_REGISTER), indi(0), size(8), err(0)
E/RILD    (  250): RxSetIndicationRegister: Receive indication reg response
E/RILD    (  250): IsConsideredRegistered: Cache hit 1
E/RILD    (  250): IsConsideredRegistered: Cache hit 1
E/RILD    (  250): need sig info-0, need err rate-0
E/RILD    (  250): Result(0), Error(0)
E/RILD    (  250): GLNET-MGR: evt(210)
E/RILD    (  250): NET-MGR: EVENT_SCREEN_STATE
E/RILD    (  250): [FD] Set FD time: 5000
E/RILD    (  250): GMISC-MGR: evt(118)
E/RILD    (  250): GLNET-MGR: evt(201)
E/RILD    (  250): NET-MGR: EVENT_NETWORK_SIGNAL_STRENGTH
E/RILD    (  250): OnNetworkSignalStrength() - mSignalBar: 2
E/RILD    (  250): IsRegisteredNetworkType(): netType[1]  feature[00] state[0] 
D/RILJ    ( 1358): [3781]< SCREEN_STATE 
D/GsmDCT  ( 1358): onReceive: action=android.intent.action.SCREEN_ON
D/GsmDCT  ( 1358): stopNetStatPoll
D/GsmDCT  ( 1358): overall state is CONNECTING
D/RILJ    ( 1358): [3782]> SCREEN_STATE: true
E/RILD    (  250): GMISC-MGR: evt(107)
E/RILD    (  250): [L] TX: (M)MISC_CMD (S)MISC_SCREEN_STATUS (T)EVENT l:8 m:06 a:00 [ 01 ]
D/RIL-QMI (  245): qmuxd: RX 58 bytes on fd=23 from qmux_client_id=1
D/RIL-QMI (  245): [SMDPORT] >> BEFORE, Write SMD Port [fd = 10] [msg_len = 24]
D/RIL-QMI (  245): [SMDPORT] << AFTER, Write SMD Port [rc = 0]
E/RIL-QMI (  245): [SMDPORT] >> BEFORE, Read SMD Port [fd = 10]
E/RIL-QMI (  245): [SMDPORT] << AFTER, Read SMD Port [num_read = 20] [errno = 25]
D/RIL-QMI (  245): qmuxd: TX message on fd=23, to qmux_client_id=1, len=54
E/RILD    (  250): SendMessage: svc(NAS), msg(0x50:QMI_NAS_CONFIG_SIG_INFO), sync(1), internal(1), size(372)
D/RIL-QMI (  245): qmuxd: RX 196 bytes on fd=23 from qmux_client_id=1
D/RIL-QMI (  245): [SMDPORT] >> BEFORE, Write SMD Port [fd = 10] [msg_len = 162]
D/RIL-QMI (  245): [SMDPORT] << AFTER, Write SMD Port [rc = 0]
E/RIL-QMI (  245): [SMDPORT] >> BEFORE, Read SMD Port [fd = 10]
E/RIL-QMI (  245): [SMDPORT] << AFTER, Read SMD Port [num_read = 20] [errno = 25]
D/RIL-QMI (  245): qmuxd: TX message on fd=23, to qmux_client_id=1, len=54
E/RILD    (  250): ReceiveMessage: svc(NAS), msg(0x50:QMI_NAS_CONFIG_SIG_INFO), indi(0), size(8), err(0)
E/RILD    (  250): Result(0), Error(0)
E/RILD    (  250): SendMessage: svc(NAS), msg(0x2:QMI_NAS_SET_EVENT_REPORT), sync(1), internal(1), size(104)
D/RIL-QMI (  245): qmuxd: RX 51 bytes on fd=23 from qmux_client_id=1
D/RIL-QMI (  245): [SMDPORT] >> BEFORE, Write SMD Port [fd = 10] [msg_len = 17]
D/RIL-QMI (  245): [SMDPORT] << AFTER, Write SMD Port [rc = 0]
E/RIL-QMI (  245): [SMDPORT] >> BEFORE, Read SMD Port [fd = 10]
E/RIL-QMI (  245): [SMDPORT] << AFTER, Read SMD Port [num_read = 20] [errno = 25]
D/RIL-QMI (  245): qmuxd: TX message on fd=23, to qmux_client_id=1, len=54
E/RILD    (  250): ReceiveMessage: svc(NAS), msg(0x2:QMI_NAS_SET_EVENT_REPORT), indi(0), size(8), err(0)
E/RILD    (  250): RxSetEventReport: Receive set event report response
E/RILD    (  250): Result(0), Error(0)
E/RILD    (  250): SendMessage: svc(NAS), msg(0x4D:QMI_NAS_GET_SYS_INFO), sync(1), internal(1), size(0)
D/RIL-QMI (  245): qmuxd: RX 47 bytes on fd=23 from qmux_client_id=1
D/RIL-QMI (  245): [SMDPORT] >> BEFORE, Write SMD Port [fd = 10] [msg_len = 13]
D/RIL-QMI (  245): [SMDPORT] << AFTER, Write SMD Port [rc = 0]
E/RIL-QMI (  245): [SMDPORT] >> BEFORE, Read SMD Port [fd = 10]
E/RIL-QMI (  245): [SMDPORT] << AFTER, Read SMD Port [num_read = 134] [errno = 25]
D/RIL-QMI (  245): qmuxd: TX message on fd=23, to qmux_client_id=1, len=168
E/RILD    (  250): ReceiveMessage: svc(NAS), msg(0x4D:QMI_NAS_GET_SYS_INFO), indi(0), size(1068), err(0)
E/RILD    (  250): Result(0), Error(0)
E/RILD    (  250): [VoLTE] VoPS [0], EbSupport [0], EmergencyAccessBarred [0]
E/RILD    (  250): [CS] 1x reg [0], gsm reg [1], wcdma reg [2], lte reg [2], hdr reg [0], Td reg [0]
E/RILD    (  250): UpdateVoiceRte() - mVoiceRte(2), mVoiceRteConfidenceTag(1), mReportedLteSmsStatus(0)
E/RILD    (  250): UpdateDataRte: [PS] 1x reg [0], gsm reg [1], wcdma reg [2], lte reg [2], hdr reg [0], Td reg [0]
E/RILD    (  250): UpdateDataRte: pref_data_tech(3), radio_tech_flag(1)
E/RILD    (  250): UpdateDataRte: mDataRte(2), confidence(1)
E/RILD    (  250): UpdateImsRte: mImsRte(0), mImsRteConfidenceTag(4)
E/RILD    (  250): UpdateVoiceTech() - RteType: 1, VoiceRadioTech: 1 -> 1
E/RILD    (  250): GetVoiceSysInfo: regState(1), voiceRte(16), isRte3gpp(1)
E/RILD    (  250): IsConsideredRegistered: cs 1x(0), gsm(1), wcdma(2), lte(2), hdr(0), Td(0)
E/RILD    (  250): FindCurrentMccMnc: mcc(310), mnc(260)
E/RILD    (  250): cdmaCcsSupported: 0, SimulVoiceAndDataCapability Valid: 1, Value: 0
E/RILD    (  250): mReportedDataTechnology Valid: 1, Value: 2
E/RILD    (  250): .. VoPS: 0, EbSupport: 0, EmergencyBarring: 0
E/RILD    (  250): BuildVoiceRegState : rData->mTac : 0
E/RILD    (  250): IsAnyRteChanged: rte changed, old and new rte snapshot:
E/RILD    (  250): rte voice(0), data(0), ims(0), voiceConf(0), dataConf(0), imsConf(4)
E/RILD    (  250): rte voice(2), data(2), ims(0), voiceConf(1), dataConf(1), imsConf(4)
E/RILD    (  250): EnableNetworkingIndications: Rte changed
E/RILD    (  250): mCurrentRestricedState = 0
E/RILD    (  250): cs_bar_status 3
E/RILD    (  250): ps_bar_status 3
E/RILD    (  250): UpdateRestrictedDetails nRestrictedStateDetail 0
E/RILD    (  250): SendMessage: svc(NAS), msg(0x3:QMI_NAS_INDICATION_REGISTER), sync(1), internal(1), size(51)
D/RIL-QMI (  245): qmuxd: RX 99 bytes on fd=23 from qmux_client_id=1
D/RIL-QMI (  245): [SMDPORT] >> BEFORE, Write SMD Port [fd = 10] [msg_len = 65]
D/RIL-QMI (  245): [SMDPORT] << AFTER, Write SMD Port [rc = 0]
E/RIL-QMI (  245): [SMDPORT] >> BEFORE, Read SMD Port [fd = 10]
E/RIL-QMI (  245): [SMDPORT] << AFTER, Read SMD Port [num_read = 20] [errno = 25]
D/RIL-QMI (  245): qmuxd: TX message on fd=23, to qmux_client_id=1, len=54
E/RILD    (  250): ReceiveMessage: svc(NAS), msg(0x3:QMI_NAS_INDICATION_REGISTER), indi(0), size(8), err(0)
E/RILD    (  250): RxSetIndicationRegister: Receive indication reg response
E/RILD    (  250): IsConsideredRegistered: Cache hit 1
E/RILD    (  250): IsConsideredRegistered: Cache hit 1
E/RILD    (  250): need sig info-1, need err rate-0
E/RILD    (  250): Request for Signal Info
E/RILD    (  250): SendMessage: svc(NAS), msg(0x4F:QMI_NAS_GET_SIG_INFO), sync(1), internal(1), size(0)
D/RIL-QMI (  245): qmuxd: RX 47 bytes on fd=23 from qmux_client_id=1
D/RIL-QMI (  245): [SMDPORT] >> BEFORE, Write SMD Port [fd = 10] [msg_len = 13]
D/RIL-QMI (  245): [SMDPORT] << AFTER, Write SMD Port [rc = 0]
E/RIL-QMI (  245): [SMDPORT] >> BEFORE, Read SMD Port [fd = 10]
E/RIL-QMI (  245): [SMDPORT] << AFTER, Read SMD Port [num_read = 29] [errno = 25]
D/RIL-QMI (  245): qmuxd: TX message on fd=23, to qmux_client_id=1, len=63
E/RILD    (  250): ReceiveMessage: svc(NAS), msg(0x4F:QMI_NAS_GET_SIG_INFO), indi(0), size(68), err(0)
E/RILD    (  250): Result(0), Error(0)
E/RILD    (  250): Result(0), Error(0)
E/RILD    (  250): SendMessage: svc(NAS), msg(0x4D:QMI_NAS_GET_SYS_INFO), sync(1), internal(1), size(0)
D/RIL-QMI (  245): qmuxd: RX 47 bytes on fd=23 from qmux_client_id=1
D/RIL-QMI (  245): [SMDPORT] >> BEFORE, Write SMD Port [fd = 10] [msg_len = 13]
D/RIL-QMI (  245): [SMDPORT] << AFTER, Write SMD Port [rc = 0]
E/RIL-QMI (  245): [SMDPORT] >> BEFORE, Read SMD Port [fd = 10]
E/RIL-QMI (  245): [SMDPORT] << AFTER, Read SMD Port [num_read = 134] [errno = 25]
D/RIL-QMI (  245): qmuxd: TX message on fd=23, to qmux_client_id=1, len=168
E/RILD    (  250): ReceiveMessage: svc(NAS), msg(0x4D:QMI_NAS_GET_SYS_INFO), indi(0), size(1068), err(0)
E/RILD    (  250): Result(0), Error(0)
E/RILD    (  250): [VoLTE] VoPS [0], EbSupport [0], EmergencyAccessBarred [0]
E/RILD    (  250): [CS] 1x reg [0], gsm reg [1], wcdma reg [2], lte reg [2], hdr reg [0], Td reg [0]
E/RILD    (  250): UpdateVoiceRte() - mVoiceRte(2), mVoiceRteConfidenceTag(1), mReportedLteSmsStatus(0)
E/RILD    (  250): UpdateDataRte: [PS] 1x reg [0], gsm reg [1], wcdma reg [2], lte reg [2], hdr reg [0], Td reg [0]
E/RILD    (  250): UpdateDataRte: pref_data_tech(3), radio_tech_flag(1)
E/RILD    (  250): UpdateDataRte: mDataRte(2), confidence(1)
E/RILD    (  250): UpdateImsRte: mImsRte(0), mImsRteConfidenceTag(4)
E/RILD    (  250): UpdateVoiceTech() - RteType: 1, VoiceRadioTech: 1 -> 1
E/RILD    (  250): GetVoiceSysInfo: regState(1), voiceRte(16), isRte3gpp(1)
E/RILD    (  250): IsConsideredRegistered: cs 1x(0), gsm(1), wcdma(2), lte(2), hdr(0), Td(0)
E/RILD    (  250): FindCurrentMccMnc: mcc(310), mnc(260)
E/RILD    (  250): cdmaCcsSupported: 0, SimulVoiceAndDataCapability Valid: 1, Value: 0
E/RILD    (  250): mReportedDataTechnology Valid: 1, Value: 2
E/RILD    (  250): .. VoPS: 0, EbSupport: 0, EmergencyBarring: 0
E/RILD    (  250): BuildVoiceRegState : rData->mTac : 0
E/RILD    (  250): IsConsideredRegistered: Cache hit 1
E/RILD    (  250): IsConsideredRegistered: Cache hit 1
E/RILD    (  250): need sig info-0, need err rate-0
E/RILD    (  250): GLNET-MGR: evt(210)
E/RILD    (  250): NET-MGR: EVENT_SCREEN_STATE
E/RILD    (  250): [FD] Set FD time: 5000
E/RILD    (  250): GMISC-MGR: evt(118)
E/RILD    (  250): GLNET-MGR: evt(200)
E/RILD    (  250): NET-MGR: EVENT_NETWORK_STATE_CHANGED
E/RILD    (  250): GLNET-MGR: evt(201)
E/RILD    (  250): NET-MGR: EVENT_NETWORK_SIGNAL_STRENGTH
E/RILD    (  250): OnNetworkSignalStrength() - mSignalBar: 1
E/RILD    (  250): IsRegisteredNetworkType(): netType[1]  feature[00] state[0] 
E/RILD    (  250): GLNET-MGR: evt(201)
E/RILD    (  250): NET-MGR: EVENT_NETWORK_SIGNAL_STRENGTH
E/RILD    (  250): OnNetworkSignalStrength() - mSignalBar: 1
E/RILD    (  250): IsRegisteredNetworkType(): netType[1]  feature[00] state[0] 
D/RILJ    ( 1358): [UNSL]< UNSOL_RESPONSE_VOICE_NETWORK_STATE_CHANGED
D/RILJ    ( 1358): [3783]> OPERATOR
D/RILJ    ( 1358): [3782]< SCREEN_STATE 
D/RILJ    ( 1358): [3784]> DATA_REGISTRATION_STATE
D/RILJ    ( 1358): [UNSL]< UNSOL_RESPONSE_VOICE_NETWORK_STATE_CHANGED
E/RILD    (  250): GLNET-MGR: evt(108)
E/RILD    (  250): DoOperator():
E/RILD    (  250): IsRegisteredNetworkType(): netType[1]  feature[00] state[0] 
E/RILD    (  250): IsConsideredRegistered: Cache hit 1
E/RILD    (  250): IsInService: rat(2), service(1)
E/RILD    (  250): IsConsideredRegistered: Cache hit 1
E/RILD    (  250): FindCurrentMccMnc: mcc(310), mnc(260)
E/RILD    (  250): IsInService: rat(1), service(0)
E/RILD    (  250): GLNET-MGR: evt(109)
E/RILD    (  250): GNET-MGR: EVENT_OPERATOR_DONE
E/RILD    (  250): EVENT_OPERATOR_DONE (T-Mobile ,TMO,310260)
D/RILJ    ( 1358): [3783]< OPERATOR {T-Mobile , TMO, 310260, null}
D/RILJ    ( 1358): [3785]> VOICE_REGISTRATION_STATE
E/RILD    (  250): GLNET-MGR: evt(102)
E/RILD    (  250): DoDataNetRegState():
E/RILD    (  250): TxGetSysInfo: Cache hit!
E/RILD    (  250): GetDataRegs: group( CDMA), reg(0)
E/RILD    (  250): GetDataRegs: group( EVDO), reg(0)
E/RILD    (  250): GetDataRegs: group(  GSM), reg(1)
E/RILD    (  250): GetDataRegs: group( UMTS), reg(2)
E/RILD    (  250): GetDataRegs: group(EHRPD), reg(0)
E/RILD    (  250): GetDataRegs: group(  LTE), reg(2)
E/RILD    (  250): GetDataRegs: group(TDSCDMA), reg(0)
E/RILD    (  250): BuildDataRegState: prefData(3) flag(1) networktype(0) radiotech(2) from WDS
E/RILD    (  250): CheckRoamingStatus: return 1
E/RILD    (  250): BuildDataRegState: isRegistered : 1, dataTechToReport : 3
E/RILD    (  250): BuildDataRegState: pref data tech reg 1
E/RILD    (  250): BuildDataRegState: registered...
E/RILD    (  250): mOptionalRadioTech:0
E/RILD    (  250): BuildDataRegState() - VoPS: 0, EbSupport: 0, EmergencyBarring: 0
E/RILD    (  250): mConsideredDataTechnology Valid: 1, Value: 2
E/RILD    (  250): ProcessDataRegStateResp: VOICE_NETWORK_STATE_CHANGED
E/RILD    (  250): GLNET-MGR: evt(200)
E/RILD    (  250): NET-MGR: EVENT_NETWORK_STATE_CHANGED
E/RILD    (  250): GLNET-MGR: evt(103)
E/RILD    (  250): NET-MGR: EVENT_DATA_NET_REG_STATE_DONE
D/RILJ    ( 1358): [UNSL]< UNSOL_RESPONSE_VOICE_NETWORK_STATE_CHANGED
D/RILJ    ( 1358): [3786]> QUERY_NETWORK_SELECTION_MODE
E/RILD    (  250): GLNET-MGR: evt(100)
E/RILD    (  250): DoVoiceNetRegState():
E/RILD    (  250): IsRegisteredNetworkType(): netType[1]  feature[00] state[0] 
E/RILD    (  250): TxGetSysInfo: Cache hit!
E/RILD    (  250): GetVoiceSysInfo: regState(1), voiceRte(16), isRte3gpp(1)
E/RILD    (  250): IsConsideredRegistered: Cache hit 1
E/RILD    (  250): FindCurrentMccMnc: mcc(310), mnc(260)
E/RILD    (  250): cdmaCcsSupported: 0, SimulVoiceAndDataCapability Valid: 1, Value: 0
E/RILD    (  250): mReportedDataTechnology Valid: 1, Value: 2
E/RILD    (  250): .. VoPS: 0, EbSupport: 0, EmergencyBarring: 0
E/RILD    (  250): BuildVoiceRegState : rData->mTac : 0
E/RILD    (  250): GLNET-MGR: evt(101)
E/RILD    (  250): GNET-MGR: EVENT_VOICE_NET_REG_STATE_DONE
E/RILD    (  250): Hall IC - ON
E/RILD    (  250): GLNET-MGR: evt(118)
E/RILD    (  250): DoGetNetSelectionMode():
D/RILJ    ( 1358): [3787]> OPERATOR
E/RILD    (  250): GLNET-MGR: evt(119)
E/RILD    (  250): NET-MGR: EVENT_GET_NETWORK_SELECTION_MODE_DONE
D/RILJ    ( 1358): [3784]< DATA_REGISTRATION_STATE {1, a192, 00007f6d, 2, null, 4}
D/RILJ    ( 1358): [3788]> DATA_REGISTRATION_STATE
E/RILD    (  250): GLNET-MGR: evt(108)
E/RILD    (  250): DoOperator():
E/RILD    (  250): IsRegisteredNetworkType(): netType[1]  feature[00] state[0] 
E/RILD    (  250): IsConsideredRegistered: Cache hit 1
E/RILD    (  250): IsInService: rat(2), service(1)
E/RILD    (  250): IsConsideredRegistered: Cache hit 1
E/RILD    (  250): FindCurrentMccMnc: mcc(310), mnc(260)
E/RILD    (  250): IsInService: rat(1), service(0)
E/RILD    (  250): GLNET-MGR: evt(109)
E/RILD    (  250): GNET-MGR: EVENT_OPERATOR_DONE
E/RILD    (  250): EVENT_OPERATOR_DONE (T-Mobile ,TMO,310260)
D/RILJ    ( 1358): [3785]< VOICE_REGISTRATION_STATE {1, a192, 00007f6d, 16, null, null, null, null, null, null, null, null, null, null, null}
D/RILJ    ( 1358): [3786]< QUERY_NETWORK_SELECTION_MODE {0}
D/RILJ    ( 1358): [3787]< OPERATOR {T-Mobile , TMO, 310260, null}
D/RILJ    ( 1358): [3789]> VOICE_REGISTRATION_STATE
E/RILD    (  250): GLNET-MGR: evt(102)
E/RILD    (  250): DoDataNetRegState():
E/RILD    (  250): TxGetSysInfo: Cache hit!
E/RILD    (  250): GetDataRegs: group( CDMA), reg(0)
E/RILD    (  250): GetDataRegs: group( EVDO), reg(0)
E/RILD    (  250): GetDataRegs: group(  GSM), reg(1)
E/RILD    (  250): GetDataRegs: group( UMTS), reg(2)
E/RILD    (  250): GetDataRegs: group(EHRPD), reg(0)
E/RILD    (  250): GetDataRegs: group(  LTE), reg(2)
E/RILD    (  250): GetDataRegs: group(TDSCDMA), reg(0)
E/RILD    (  250): BuildDataRegState: prefData(3) flag(1) networktype(0) radiotech(2) from WDS
E/RILD    (  250): CheckRoamingStatus: return 1
E/RILD    (  250): BuildDataRegState: isRegistered : 1, dataTechToReport : 3
E/RILD    (  250): BuildDataRegState: pref data tech reg 1
E/RILD    (  250): BuildDataRegState: registered...
E/RILD    (  250): mOptionalRadioTech:0
E/RILD    (  250): BuildDataRegState() - VoPS: 0, EbSupport: 0, EmergencyBarring: 0
E/RILD    (  250): mConsideredDataTechnology Valid: 1, Value: 2
E/RILD    (  250): GLNET-MGR: evt(103)
E/RILD    (  250): NET-MGR: EVENT_DATA_NET_REG_STATE_DONE
D/RILJ    ( 1358): [3788]< DATA_REGISTRATION_STATE {1, a192, 00007f6d, 2, null, 4}
D/RILJ    ( 1358): [3790]> QUERY_NETWORK_SELECTION_MODE
E/RILD    (  250): GLNET-MGR: evt(100)
E/RILD    (  250): DoVoiceNetRegState():
E/RILD    (  250): IsRegisteredNetworkType(): netType[1]  feature[00] state[0] 
E/RILD    (  250): TxGetSysInfo: Cache hit!
E/RILD    (  250): GetVoiceSysInfo: regState(1), voiceRte(16), isRte3gpp(1)
E/RILD    (  250): IsConsideredRegistered: Cache hit 1
E/RILD    (  250): FindCurrentMccMnc: mcc(310), mnc(260)
E/RILD    (  250): cdmaCcsSupported: 0, SimulVoiceAndDataCapability Valid: 1, Value: 0
E/RILD    (  250): mReportedDataTechnology Valid: 1, Value: 2
E/RILD    (  250): .. VoPS: 0, EbSupport: 0, EmergencyBarring: 0
E/RILD    (  250): BuildVoiceRegState : rData->mTac : 0
E/RILD    (  250): GLNET-MGR: evt(101)
E/RILD    (  250): GNET-MGR: EVENT_VOICE_NET_REG_STATE_DONE
E/RILD    (  250): Hall IC - ON
D/RILJ    ( 1358): [3789]< VOICE_REGISTRATION_STATE {1, a192, 00007f6d, 16, null, null, null, null, null, null, null, null, null, null, null}
E/RILD    (  250): GLNET-MGR: evt(118)
E/RILD    (  250): DoGetNetSelectionMode():
E/RILD    (  250): GLNET-MGR: evt(119)
E/RILD    (  250): NET-MGR: EVENT_GET_NETWORK_SELECTION_MODE_DONE
D/RILJ    ( 1358): [3790]< QUERY_NETWORK_SELECTION_MODE {0}
D/RILJ    ( 1358): [3791]> OPERATOR
E/RILD    (  250): GLNET-MGR: evt(108)
E/RILD    (  250): DoOperator():
E/RILD    (  250): IsRegisteredNetworkType(): netType[1]  feature[00] state[0] 
E/RILD    (  250): IsConsideredRegistered: Cache hit 1
E/RILD    (  250): IsInService: rat(2), service(1)
D/RILJ    ( 1358): [3792]> DATA_REGISTRATION_STATE
E/RILD    (  250): IsConsideredRegistered: Cache hit 1
E/RILD    (  250): FindCurrentMccMnc: mcc(310), mnc(260)
E/RILD    (  250): IsInService: rat(1), service(0)
E/RILD    (  250): GLNET-MGR: evt(109)
E/RILD    (  250): GNET-MGR: EVENT_OPERATOR_DONE
E/RILD    (  250): EVENT_OPERATOR_DONE (T-Mobile ,TMO,310260)
D/RILJ    ( 1358): [3791]< OPERATOR {T-Mobile , TMO, 310260, null}
D/RILJ    ( 1358): [3793]> VOICE_REGISTRATION_STATE
E/RILD    (  250): GLNET-MGR: evt(102)
E/RILD    (  250): DoDataNetRegState():
E/RILD    (  250): TxGetSysInfo: Cache hit!
E/RILD    (  250): GetDataRegs: group( CDMA), reg(0)
E/RILD    (  250): GetDataRegs: group( EVDO), reg(0)
E/RILD    (  250): GetDataRegs: group(  GSM), reg(1)
E/RILD    (  250): GetDataRegs: group( UMTS), reg(2)
E/RILD    (  250): GetDataRegs: group(EHRPD), reg(0)
E/RILD    (  250): GetDataRegs: group(  LTE), reg(2)
E/RILD    (  250): GetDataRegs: group(TDSCDMA), reg(0)
E/RILD    (  250): BuildDataRegState: prefData(3) flag(1) networktype(0) radiotech(2) from WDS
E/RILD    (  250): CheckRoamingStatus: return 1
E/RILD    (  250): BuildDataRegState: isRegistered : 1, dataTechToReport : 3
E/RILD    (  250): BuildDataRegState: pref data tech reg 1
E/RILD    (  250): BuildDataRegState: registered...
E/RILD    (  250): mOptionalRadioTech:0
E/RILD    (  250): BuildDataRegState() - VoPS: 0, EbSupport: 0, EmergencyBarring: 0
E/RILD    (  250): mConsideredDataTechnology Valid: 1, Value: 2
E/RILD    (  250): GLNET-MGR: evt(103)
E/RILD    (  250): NET-MGR: EVENT_DATA_NET_REG_STATE_DONE
D/RILJ    ( 1358): [3792]< DATA_REGISTRATION_STATE {1, a192, 00007f6d, 2, null, 4}
D/RILJ    ( 1358): [3794]> QUERY_NETWORK_SELECTION_MODE
E/RILD    (  250): GLNET-MGR: evt(100)
E/RILD    (  250): DoVoiceNetRegState():
E/RILD    (  250): IsRegisteredNetworkType(): netType[1]  feature[00] state[0] 
E/RILD    (  250): TxGetSysInfo: Cache hit!
E/RILD    (  250): GetVoiceSysInfo: regState(1), voiceRte(16), isRte3gpp(1)
E/RILD    (  250): IsConsideredRegistered: Cache hit 1
E/RILD    (  250): FindCurrentMccMnc: mcc(310), mnc(260)
E/RILD    (  250): cdmaCcsSupported: 0, SimulVoiceAndDataCapability Valid: 1, Value: 0
E/RILD    (  250): mReportedDataTechnology Valid: 1, Value: 2
E/RILD    (  250): .. VoPS: 0, EbSupport: 0, EmergencyBarring: 0
E/RILD    (  250): BuildVoiceRegState : rData->mTac : 0
E/RILD    (  250): GLNET-MGR: evt(101)
E/RILD    (  250): GNET-MGR: EVENT_VOICE_NET_REG_STATE_DONE
D/PHONE   ( 1358): [ServiceState] setDataRegState=0
D/PHONE   ( 1358): [ServiceState] setDataRadioTechnology=2
D/GsmSST  ( 1358): [GsmSST] handlPollStateResultMessage: GsmSST setDataRegState=0 regState=1 dataRadioTechnology=2
E/RILD    (  250): Hall IC - ON
D/RILJ    ( 1358): [3793]< VOICE_REGISTRATION_STATE {1, a192, 00007f6d, 16, null, null, null, null, null, null, null, null, null, null, null}
E/RILD    (  250): GLNET-MGR: evt(118)
E/RILD    (  250): DoGetNetSelectionMode():
E/RILD    (  250): GLNET-MGR: evt(119)
E/RILD    (  250): NET-MGR: EVENT_GET_NETWORK_SELECTION_MODE_DONE
D/RILJ    ( 1358): [3794]< QUERY_NETWORK_SELECTION_MODE {0}
D/PHONE   ( 1358): [ServiceState] setVoiceRegState=0
E/PHONE   ( 1358): [ServiceState] setState deprecated use setVoiceRegState()
D/GsmSST  ( 1358): [GsmSST] Poll ServiceState done:  oldSS=[0 0 home T-Mobile  TMO 310260  GSM EDGE CSS not supported -1 -1 RoamInd=-1 DefRoamInd=-1 EmergOnly=false] newSS=[0 0 home T-Mobile  TMO 310260  GSM EDGE CSS not supported -1 -1 RoamInd=-1 DefRoamInd=-1 EmergOnly=false] oldMaxDataCalls=4 mNewMaxDataCalls=4 oldReasonDataDenied=-1 mNewReasonDataDenied=-1
D/PHONE   ( 1358): [ServiceState] setNullState=1
D/GsmDC-1 ( 1358): [dcRac] onReceive: action=com.android.internal.telephony.dataconnection.DataConnection.GsmDC-1.action_retry sendMessage(what:EVENT_RETRY_CONNECTION, tag:2)
D/GsmDC-1 ( 1358): DcRetryingState EVENT_RETRY_CONNECTION RetryCount=1 mConnectionParams={mTag=2 mApnContext={mApnType=default mState=RETRYING mWaitingDataProfiles={[[ApnSettingV2] T-Mobile US LTE, 637, 310260, fast.t-mobile.com, null, http://mms.msg.eng.t-mobile.com/mms/wapenc, null, null, null, -1, default | supl | mms, IP, IP, true, 0]} mWaitingApnsPermanentFailureCountDown=1 mDataProfile={[ApnSettingV2] T-Mobile US LTE, 637, 310260, fast.t-mobile.com, null, http://mms.msg.eng.t-mobile.com/mms/wapenc, null, null, null, -1, default | supl | mms, IP, IP, true, 0} mReason=lostDataConnection mDataEnabled=true mDependencyMet=true} mInitialMaxRetry=1 mProfileId=0 mRat=2 mOnCompletedMsg={what=0x42000 when=-2m7s837ms obj={mApnType=default mState=RETRYING mWaitingDataProfiles={[[ApnSettingV2] T-Mobile US LTE, 637, 310260, fast.t-mobile.com, null, http://mms.msg.eng.t-mobile.com/mms/wapenc, null, null, null, -1, default | supl | mms, IP, IP, true, 0]} mWaitingApnsPermanentFailureCountDown=1 mDataProfile={[ApnSettingV2] T-Mobile US LTE, 637, 310260, fast.t-mobile.com, null, http://mms.msg.eng.t-mobile.com/mms/wapenc, null, null, null, -1, default | supl | mms, IP, IP, true, 0} mReason=lostDataConnection mDataEnabled=true mDependencyMet=true} target=Handler (com.android.internal.telephony.dataconnection.DcTracker) {42290c50} replyTo=null}}
D/GsmDC-1 ( 1358): onConnect: mApnSetting=[ApnSettingV2] T-Mobile US LTE, 637, 310260, fast.t-mobile.com, null, http://mms.msg.eng.t-mobile.com/mms/wapenc, null, null, null, -1, default | supl | mms, IP, IP, true, 0 cp={mTag=2 mApnContext={mApnType=default mState=RETRYING mWaitingDataProfiles={[[ApnSettingV2] T-Mobile US LTE, 637, 310260, fast.t-mobile.com, null, http://mms.msg.eng.t-mobile.com/mms/wapenc, null, null, null, -1, default | supl | mms, IP, IP, true, 0]} mWaitingApnsPermanentFailureCountDown=1 mDataProfile={[ApnSettingV2] T-Mobile US LTE, 637, 310260, fast.t-mobile.com, null, http://mms.msg.eng.t-mobile.com/mms/wapenc, null, null, null, -1, default | supl | mms, IP, IP, true, 0} mReason=lostDataConnection mDataEnabled=true mDependencyMet=true} mInitialMaxRetry=1 mProfileId=0 mRat=2 mOnCompletedMsg={what=0x42000 when=-2m7s838ms obj={mApnType=default mState=RETRYING mWaitingDataProfiles={[[ApnSettingV2] T-Mobile US LTE, 637, 310260, fast.t-mobile.com, null, http://mms.msg.eng.t-mobile.com/mms/wapenc, null, null, null, -1, default | supl | mms, IP, IP, true, 0]} mWaitingApnsPermanentFailureCountDown=1 mDataProfile={[ApnSettingV2] T-Mobile US LTE, 637, 310260, fast.t-mobile.com, null, http://mms.msg.eng.t-mobile.com/mms/wapenc, null, null, null, -1, default | supl | mms, IP, IP, true, 0} mReason=lostDataConnection mDataEnabled=true mDependencyMet=true} target=Handler (com.android.internal.telephony.dataconnection.DcTracker) {42290c50} replyTo=null}}
D/RILJ    ( 1358): [3795]> SETUP_DATA_CALL 4 0 fast.t-mobile.com none none 3 IP
E/RILD    (  250): LDC-MGR: evt(100)
E/RILD    (  250): DoSetupDataCall: Refresh apn is ongoing
D/RILJ    ( 1358): [3795]< SETUP_DATA_CALL DataCallResponse: {version=7 status=14 retry=5000 cid=0 active=0 type=IP' ifname=' ' addresses=[0.0.0.0] dnses=[0.0.0.0,0.0.0.0] gateways=[0.0.0.0]}
D/GsmDC-1 ( 1358): DcActivatingState: msg={what=EVENT_SETUP_DATA_CONNECTION_DONE when=0 obj=android.os.AsyncResult@4234e648 target=Handler (com.android.internal.util.StateMachine$SmHandler) {4241c538} replyTo=null}
D/GsmDC-1 ( 1358): DcActivatingState onSetupConnectionCompleted result=ERR_RilError  SetupResult.mFailCause=UNKNOWN dc={GsmDC-1: State=DcActivatingState mApnSetting=[ApnSettingV2] T-Mobile US LTE, 637, 310260, fast.t-mobile.com, null, http://mms.msg.eng.t-mobile.com/mms/wapenc, null, null, null, -1, default | supl | mms, IP, IP, true, 0 RefCount=1 mCid=-1 mCreateTime=-1 mLastastFailTime=-1 mLastFailCause=NONE mTag=2 mRetryManager=RetryManager: { forever=false maxRetry=10 curMaxRetry=1 retry=1 config={default_randomization=2000,5000,10000,20000,40000,80000:5000,160000:5000,320000:5000,640000:5000,1280000:5000,1800000:5000} retryArray={5000:2000 10000:2000 20000:2000 40000:2000 80000:5000 160000:5000 320000:5000 640000:5000 1280000:5000 1800000:5000 }} mLinkProperties={LinkAddresses: []  Routes: [] DnsAddresses: [] Domains: nullMTU: 0} mLinkCapabilities={} mApnContexts=[{mApnType=default mState=RETRYING mWaitingDataProfiles={[[ApnSettingV2] T-Mobile US LTE, 637, 310260, fast.t-mobile.com, null, http://mms.msg.eng.t-mobile.com/mms/wapenc, null, null, null, -1, default | supl | mms, IP, IP, true, 0]} mWaitingApnsPermanentFailureCountDown=1 mDataProfile={[ApnSettingV2] T-Mobile US LTE, 637, 310260, fast.t-mobile.com, null, http://mms.msg.eng.t-mobile.com/mms/wapenc, null, null, null, -1, default | supl | mms, IP, IP, true, 0} mReason=lostDataConnection mDataEnabled=true mDependencyMet=true}]}
D/GsmDC-1 ( 1358): [dcRac] getSuggestedRetryTime: suggestedRetryTime is >= 0 use it
D/GsmDC-1 ( 1358): [dcRac] getSuggestedRetryTime: 5000 response=DataCallResponse: {version=7 status=14 retry=5000 cid=0 active=0 type=IP' ifname=' ' addresses=[0.0.0.0] dnses=[0.0.0.0,0.0.0.0] gateways=[0.0.0.0]} dc={GsmDC-1: State=DcActivatingState mApnSetting=[ApnSettingV2] T-Mobile US LTE, 637, 310260, fast.t-mobile.com, null, http://mms.msg.eng.t-mobile.com/mms/wapenc, null, null, null, -1, default | supl | mms, IP, IP, true, 0 RefCount=1 mCid=-1 mCreateTime=-1 mLastastFailTime=-1 mLastFailCause=NONE mTag=2 mRetryManager=RetryManager: { forever=false maxRetry=10 curMaxRetry=1 retry=1 config={default_randomization=2000,5000,10000,20000,40000,80000:5000,160000:5000,320000:5000,640000:5000,1280000:5000,1800000:5000} retryArray={5000:2000 10000:2000 20000:2000 40000:2000 80000:5000 160000:5000 320000:5000 640000:5000 1280000:5000 1800000:5000 }} mLinkProperties={LinkAddresses: []  Routes: [] DnsAddresses: [] Domains: nullMTU: 0} mLinkCapabilities={} mApnContexts=[{mApnType=default mState=RETRYING mWaitingDataProfiles={[[ApnSettingV2] T-Mobile US LTE, 637, 310260, fast.t-mobile.com, null, http://mms.msg.eng.t-mobile.com/mms/wapenc, null, null, null, -1, default | supl | mms, IP, IP, true, 0]} mWaitingApnsPermanentFailureCountDown=1 mDataProfile={[ApnSettingV2] T-Mobile US LTE, 637, 310260, fast.t-mobile.com, null, http://mms.msg.eng.t-mobile.com/mms/wapenc, null, null, null, -1, default | supl | mms, IP, IP, true, 0} mReason=lostDataConnection mDataEnabled=true mDependencyMet=true}]}
D/isRestartRadioFail( 1358): radioResetOnRegularDeact=true
D/GsmDC-1 ( 1358): DcActivatingState: ERR_RilError  delay=5000 isRetryNeeded=false result=ERR_RilError  SetupResult.mFailCause=UNKNOWN result.isRestartRadioFail=false result.isPermanentFail=false
D/isRestartRadioFail( 1358): radioResetOnRegularDeact=true
D/GsmDC-1 ( 1358): DcActivatingState: ERR_RilError retry
D/GsmDC-1 ( 1358): [dcRac] startRetryAlarm: next attempt in 5s what=262154 tag=2
D/RILJ    ( 1358): responseDataCallList ver=7 num=0
D/RILJ    ( 1358): [UNSL]< UNSOL_DATA_CALL_LIST_CHANGED []
D/GsmDC-1 ( 1358): DcRetryingState: enter() mTag=2, call notifyAllOfDisconnectDcRetrying lostConnection
