D/GsmSST  ( 1358): [GsmSST] Poll ServiceState done:  oldSS=[3 3 home null null null  Unknown Unknown CSS not supported -1 -1 RoamInd=-1 DefRoamInd=-1 EmergOnly=false] newSS=[1 1 home null null null  Unknown Unknown CSS not supported -1 -1 RoamInd=-1 DefRoamInd=-1 EmergOnly=false] oldMaxDataCalls=1 mNewMaxDataCalls=4 oldReasonDataDenied=-1 mNewReasonDataDenied=-1
D/PHONE   ( 1358): [ServiceState] setNullState=1
D/GsmSST  ( 1358): [GsmSST] updateSpnDisplay: radio is on but out of service, set plmn='No service.'
D/GsmSST  ( 1358): [GsmSST] updateSpnDisplay: changed sending intent rule=0 showPlmn='true' plmn='No service.' showSpn='false' spn=''
D/GsmSST  ( 1358): [GsmSST] operatorNumeric is null
D/GsmSST  ( 1358): [GsmSST] notifyDataRegStateRilRadioTechnologyChanged: drs=1 rat=0
D/GsmSST  ( 1358): [GsmSST] Iwlan feature available = false
D/GsmDCT  ( 1358): get all active apn types
D/GsmSST  ( 1358): [GsmSST] getCellLocation(): X good mCellLoc=[0,0,-1]
D/UiccController( 1358): Received EVENT_GET_ICC_STATUS_DONE
D/UiccController( 1358): Update already existing card
D/UiccCard( 1358): 2 applications
D/UiccCardApplication( 1358): APPTYPE_USIM update. New {APPTYPE_USIM,APPSTATE_READY,pin1=PINSTATE_DISABLED,pin2=PINSTATE_ENABLED_NOT_VERIFIED}
D/UiccCardApplication( 1358): APPTYPE_ISIM update. New {APPTYPE_ISIM,APPSTATE_READY,pin1=PINSTATE_DISABLED,pin2=PINSTATE_ENABLED_NOT_VERIFIED}
D/CAT     ( 1358): CatService: Return current sInstance
D/UiccCard( 1358): update: radioState=RADIO_ON mLastRadioState=RADIO_ON
D/UiccController( 1358): Notifying IccChangedRegistrants
D/SIMRecords( 1358): [SIMRecords] fetchSimRecords 0
D/RILJ    ( 1358): [3677]> getIMSI: GET_IMSI aid: A0000000871002FFFFFFFF8906190000
D/RILJ    ( 1358): [3678]> iccIO: SIM_IO 0xc0 0x2fe2  path: 3F00,0,0,15 aid: A0000000871002FFFFFFFF8906190000
E/RILD    (  250): SIM-MGR: evt(108)
E/RILD    (  250): SendMessage: svc(UIM), msg(0x20:QMI_UIM_READ_TRANSPARENT), sync(0), internal(0), size(76)
D/RIL-QMI (  245): qmuxd: RX 69 bytes on fd=23 from qmux_client_id=1
D/RIL-QMI (  245): [SMDPORT] >> BEFORE, Write SMD Port [fd = 10] [msg_len = 35]
D/RIL-QMI (  245): [SMDPORT] << AFTER, Write SMD Port [rc = 0]
E/RILD    (  250): SIM-MGR: evt(101)
E/RILD    (  250): TxSimIo: cmd:0xc0, fileId:0x2fe2, path:?, p1:0, p2:0, p3:15 convPath: 3f00 convAid: a0000000871002ffffffff8906190000
E/RILD    (  250): TxSimIoGetResponse: for fileId: 0x2fe2 session type: 6 firstLevelDfPath: 0x0
E/RILD    (  250): SendMessage: svc(UIM), msg(0x24:QMI_UIM_GET_FILE_ATTRIBUTES), sync(0), internal(0), size(72)
D/RILJ    ( 1358): [3679]> iccIO: SIM_IO 0xc0 0x6f40  path: 3F007FFF,0,0,15 aid: A0000000871002FFFFFFFF8906190000
D/RIL-QMI (  245): qmuxd: RX 60 bytes on fd=23 from qmux_client_id=1
D/RIL-QMI (  245): [SMDPORT] >> BEFORE, Write SMD Port [fd = 10] [msg_len = 26]
D/RIL-QMI (  245): [SMDPORT] << AFTER, Write SMD Port [rc = 0]
E/RIL-QMI (  245): [SMDPORT] >> BEFORE, Read SMD Port [fd = 10]
E/RIL-QMI (  245): [SMDPORT] << AFTER, Read SMD Port [num_read = 39] [errno = 25]
D/RIL-QMI (  245): qmuxd: TX message on fd=23, to qmux_client_id=1, len=73
E/RILD    (  250): QmiSolicitedCallback: msgId(32), err(0)
E/RILD    (  250): ReceiveMessage: svc(UIM), msg(0x20:QMI_UIM_READ_TRANSPARENT), indi(0), size(4132), err(0)
E/RILD    (  250): Result(0), Error(0)
E/RILD    (  250): SIM-MGR: evt(208)
E/RILD    (  250): IMSI: 310260577645151
D/RILJ    ( 1358): [3680]> iccIO: SIM_IO 0xc0 0x6fc9  path: 3F007FFF,0,0,15 aid: A0000000871002FFFFFFFF8906190000
E/RILD    (  250): Notify IMSI loaded(changed).
E/RILD    (  250): LDC-MGR: evt(106)
E/RILD    (  250): RefreshAttachApn: reason 2
E/RILD    (  250): IsEsmFlagZeroNetwork: 310260 operator ESM flag 1
D/RILJ    ( 1358): [3677]< GET_IMSI 
D/RILJ    ( 1358): [3681]> iccIO: SIM_IO 0xc0 0x6fad  path: 3F007FFF,0,0,15 aid: A0000000871002FFFFFFFF8906190000
D/RILJ    ( 1358): [3682]> iccIO: SIM_IO 0xc0 0x6fca  path: 3F007FFF,0,0,15 aid: A0000000871002FFFFFFFF8906190000
D/RILJ    ( 1358): [3683]> iccIO: SIM_IO 0xc0 0x6f11  path: 3F007FFF,0,0,15 aid: A0000000871002FFFFFFFF8906190000
E/RILD    (  250): getPreferredApnId(): preferredApnId = 637
E/RILD    (  250): db prepare error
E/RILD    (  250): IsAttachApnChanged: Failed to load attach apn
E/RILD    (  250): RefreshAttachApn: read Attach Apn from DB failed
E/RILD    (  250): RefreshAttachApn: delete prev retry event and set retry after 1sec
E/RILD    (  250): GMISC-MGR: evt(134)
E/RILD    (  250): MISC_MGR: EVENT_IMSI_READY_FOR_ERI
E/RILD    (  250): OnImsiReadyForEri(): CDMA ModelProxy is not used.
E/RILD    (  250): SIM-MGR: evt(101)
E/RILD    (  250): TxSimIo: cmd:0xc0, fileId:0x6f40, path:?, p1:0, p2:0, p3:15 convPath: 3f007fff convAid: a0000000871002ffffffff8906190000
E/RILD    (  250): TxSimIoGetResponse: for fileId: 0x6f40 session type: 0 firstLevelDfPath: 0x7fff
D/RILJ    ( 1358): [3684]> iccIO: SIM_IO 0xc0 0x6fcb  path: 3F007FFF,0,0,15 aid: A0000000871002FFFFFFFF8906190000
E/RILD    (  250): SendMessage: svc(UIM), msg(0x24:QMI_UIM_GET_FILE_ATTRIBUTES), sync(0), internal(0), size(72)
D/RIL-QMI (  245): qmuxd: RX 62 bytes on fd=23 from qmux_client_id=1
E/RILD    (  250): SIM-MGR: evt(101)
E/RILD    (  250): TxSimIo: cmd:0xc0, fileId:0x6fc9, path:?, p1:0, p2:0, p3:15 convPath: 3f007fff convAid: a0000000871002ffffffff8906190000
E/RILD    (  250): TxSimIoGetResponse: for fileId: 0x6fc9 session type: 0 firstLevelDfPath: 0x7fff
D/RIL-QMI (  245): [SMDPORT] >> BEFORE, Write SMD Port [fd = 10] [msg_len = 28]
E/RILD    (  250): SendMessage: svc(UIM), msg(0x24:QMI_UIM_GET_FILE_ATTRIBUTES), sync(0), internal(0), size(72)
D/RIL-QMI (  245): [SMDPORT] << AFTER, Write SMD Port [rc = 0]
E/RILD    (  250): SIM-MGR: evt(101)
D/RIL-QMI (  245): qmuxd: RX 62 bytes on fd=23 from qmux_client_id=1
E/RILD    (  250): TxSimIo: cmd:0xc0, fileId:0x6fad, path:?, p1:0, p2:0, p3:15 convPath: 3f007fff convAid: a0000000871002ffffffff8906190000
E/RILD    (  250): TxSimIoGetResponse: for fileId: 0x6fad session type: 0 firstLevelDfPath: 0x7fff
E/RILD    (  250): SendMessage: svc(UIM), msg(0x24:QMI_UIM_GET_FILE_ATTRIBUTES), sync(0), internal(0), size(72)
D/RIL-QMI (  245): [SMDPORT] >> BEFORE, Write SMD Port [fd = 10] [msg_len = 28]
D/RIL-QMI (  245): [SMDPORT] << AFTER, Write SMD Port [rc = 0]
E/RILD    (  250): SIM-MGR: evt(101)
D/RIL-QMI (  245): qmuxd: RX 62 bytes on fd=23 from qmux_client_id=1
E/RILD    (  250): TxSimIo: cmd:0xc0, fileId:0x6fca, path:?, p1:0, p2:0, p3:15 convPath: 3f007fff convAid: a0000000871002ffffffff8906190000
E/RILD    (  250): TxSimIoGetResponse: for fileId: 0x6fca session type: 0 firstLevelDfPath: 0x7fff
E/RILD    (  250): SendMessage: svc(UIM), msg(0x24:QMI_UIM_GET_FILE_ATTRIBUTES), sync(0), internal(0), size(72)
D/RIL-QMI (  245): [SMDPORT] >> BEFORE, Write SMD Port [fd = 10] [msg_len = 28]
D/RIL-QMI (  245): [SMDPORT] << AFTER, Write SMD Port [rc = 0]
D/RIL-QMI (  245): qmuxd: RX 62 bytes on fd=23 from qmux_client_id=1
E/RILD    (  250): SIM-MGR: evt(101)
E/RILD    (  250): TxSimIo: cmd:0xc0, fileId:0x6f11, path:?, p1:0, p2:0, p3:15 convPath: 3f007fff convAid: a0000000871002ffffffff8906190000
E/RILD    (  250): TxSimIoGetResponse: for fileId: 0x6f11 session type: 0 firstLevelDfPath: 0x7fff
D/RIL-QMI (  245): [SMDPORT] >> BEFORE, Write SMD Port [fd = 10] [msg_len = 28]
E/RILD    (  250): SendMessage: svc(UIM), msg(0x24:QMI_UIM_GET_FILE_ATTRIBUTES), sync(0), internal(0), size(72)
D/RIL-QMI (  245): [SMDPORT] << AFTER, Write SMD Port [rc = 0]
D/RIL-QMI (  245): qmuxd: RX 62 bytes on fd=23 from qmux_client_id=1
D/RIL-QMI (  245): [SMDPORT] >> BEFORE, Write SMD Port [fd = 10] [msg_len = 28]
D/RIL-QMI (  245): [SMDPORT] << AFTER, Write SMD Port [rc = 0]
E/RILD    (  250): SIM-MGR: evt(101)
E/RILD    (  250): TxSimIo: cmd:0xc0, fileId:0x6fcb, path:?, p1:0, p2:0, p3:15 convPath: 3f007fff convAid: a0000000871002ffffffff8906190000
E/RILD    (  250): TxSimIoGetResponse: for fileId: 0x6fcb session type: 0 firstLevelDfPath: 0x7fff
E/RILD    (  250): SendMessage: svc(UIM), msg(0x24:QMI_UIM_GET_FILE_ATTRIBUTES), sync(0), internal(0), size(72)
D/RIL-QMI (  245): qmuxd: RX 62 bytes on fd=23 from qmux_client_id=1
D/RIL-QMI (  245): [SMDPORT] >> BEFORE, Write SMD Port [fd = 10] [msg_len = 28]
D/RILJ    ( 1358): [3685]> iccIO: SIM_IO 0xc0 0x6f13  path: 3F007FFF,0,0,15 aid: A0000000871002FFFFFFFF8906190000
D/RIL-QMI (  245): [SMDPORT] << AFTER, Write SMD Port [rc = 0]
E/RILD    (  250): SIM-MGR: evt(101)
E/RILD    (  250): TxSimIo: cmd:0xc0, fileId:0x6f13, path:?, p1:0, p2:0, p3:15 convPath: 3f007fff convAid: a0000000871002ffffffff8906190000
E/RILD    (  250): TxSimIoGetResponse: for fileId: 0x6f13 session type: 0 firstLevelDfPath: 0x7fff
E/RILD    (  250): SendMessage: svc(UIM), msg(0x24:QMI_UIM_GET_FILE_ATTRIBUTES), sync(0), internal(0), size(72)
D/RIL-QMI (  245): qmuxd: RX 62 bytes on fd=23 from qmux_client_id=1
D/RIL-QMI (  245): [SMDPORT] >> BEFORE, Write SMD Port [fd = 10] [msg_len = 28]
D/RIL-QMI (  245): [SMDPORT] << AFTER, Write SMD Port [rc = 0]
D/RILJ    ( 1358): [3686]> iccIO: SIM_IO 0xc0 0x6f46  path: 3F007FFF,0,0,15 aid: A0000000871002FFFFFFFF8906190000
E/RILD    (  250): SIM-MGR: evt(101)
E/RILD    (  250): TxSimIo: cmd:0xc0, fileId:0x6f46, path:?, p1:0, p2:0, p3:15 convPath: 3f007fff convAid: a0000000871002ffffffff8906190000
E/RILD    (  250): TxSimIoGetResponse: for fileId: 0x6f46 session type: 0 firstLevelDfPath: 0x7fff
E/RILD    (  250): SendMessage: svc(UIM), msg(0x24:QMI_UIM_GET_FILE_ATTRIBUTES), sync(0), internal(0), size(72)
D/RIL-QMI (  245): qmuxd: RX 62 bytes on fd=23 from qmux_client_id=1
D/RIL-QMI (  245): [SMDPORT] >> BEFORE, Write SMD Port [fd = 10] [msg_len = 28]
D/RIL-QMI (  245): [SMDPORT] << AFTER, Write SMD Port [rc = 0]
D/RILJ    ( 1358): [3687]> iccIO: SIM_IO 0xc0 0x6fcd  path: 3F007FFF,0,0,15 aid: A0000000871002FFFFFFFF8906190000
E/RILD    (  250): SIM-MGR: evt(101)
E/RILD    (  250): TxSimIo: cmd:0xc0, fileId:0x6fcd, path:?, p1:0, p2:0, p3:15 convPath: 3f007fff convAid: a0000000871002ffffffff8906190000
E/RILD    (  250): TxSimIoGetResponse: for fileId: 0x6fcd session type: 0 firstLevelDfPath: 0x7fff
E/RILD    (  250): SendMessage: svc(UIM), msg(0x24:QMI_UIM_GET_FILE_ATTRIBUTES), sync(0), internal(0), size(72)
D/RIL-QMI (  245): qmuxd: RX 62 bytes on fd=23 from qmux_client_id=1
D/RIL-QMI (  245): [SMDPORT] >> BEFORE, Write SMD Port [fd = 10] [msg_len = 28]
D/RIL-QMI (  245): [SMDPORT] << AFTER, Write SMD Port [rc = 0]
D/RILJ    ( 1358): [3688]> iccIO: SIM_IO 0xc0 0x6fc5  path: 3F007FFF,0,0,15 aid: A0000000871002FFFFFFFF8906190000
D/RILJ    ( 1358): [3689]> iccIO: SIM_IO 0xc0 0x6f38  path: 3F007FFF,0,0,15 aid: A0000000871002FFFFFFFF8906190000
D/RILJ    ( 1358): [3690]> iccIO: SIM_IO 0xc0 0x6f16  path: 3F007FFF,0,0,15 aid: A0000000871002FFFFFFFF8906190000
D/RILJ    ( 1358): [3691]> iccIO: SIM_IO 0xc0 0x6f15  path: 3F007FFF,0,0,15 aid: A0000000871002FFFFFFFF8906190000
D/RILJ    ( 1358): [3692]> iccIO: SIM_IO 0xc0 0x6f3e  path: 3F007FFF,0,0,15 aid: A0000000871002FFFFFFFF8906190000
D/SIMRecords( 1358): [SIMRecords] fetchSimRecords 16 requested: true
D/RILJ    ( 1358): [3693]> iccIO: SIM_IO 0xc0 0x6f02  path: 3F007FFF,0,0,15 aid: A0000000871004FFFFFFFF8907030000
D/RILJ    ( 1358): [3694]> iccIO: SIM_IO 0xc0 0x6f04  path: 3F007FFF,0,0,15 aid: A0000000871004FFFFFFFF8907030000
D/RILJ    ( 1358): [3695]> iccIO: SIM_IO 0xc0 0x6f03  path: 3F007FFF,0,0,15 aid: A0000000871004FFFFFFFF8907030000
E/RIL-QMI (  245): [SMDPORT] >> BEFORE, Read SMD Port [fd = 10]
E/RIL-QMI (  245): [SMDPORT] << AFTER, Read SMD Port [num_read = 91] [errno = 25]
D/RIL-QMI (  245): qmuxd: TX message on fd=23, to qmux_client_id=1, len=125
E/RILD    (  250): QmiSolicitedCallback: msgId(36), err(0)
E/RILD    (  250): ReceiveMessage: svc(UIM), msg(0x24:QMI_UIM_GET_FILE_ATTRIBUTES), indi(0), size(1108), err(0)
E/RILD    (  250): Result(0), Error(0)
E/RILD    (  250): RxSimIoGetResponse: fileSize: 10 fileId: 0x2fe2 fileType: 0 recordSize: 0 recordCount: 0
E/RILD    (  250): RxSimIoGetResponse: for fileId: 0x2fe2 sw1: 0x90 sw2: 0x0 len: 15
E/RILD    (  250): SIM-MGR: evt(201)
D/IsimUiccRecords( 1358): [ISIM] fetchIsimRecords 3
E/RILD    (  250): SIM-MGR: evt(101)
E/RILD    (  250): TxSimIo: cmd:0xc0, fileId:0x6fc5, path:?, p1:0, p2:0, p3:15 convPath: 3f007fff convAid: a0000000871002ffffffff8906190000
E/RILD    (  250): TxSimIoGetResponse: for fileId: 0x6fc5 session type: 0 firstLevelDfPath: 0x7fff
D/UiccCardApplication( 1358): Query facility FDN : FDN service available: true enabled: false
E/RILD    (  250): SendMessage: svc(UIM), msg(0x24:QMI_UIM_GET_FILE_ATTRIBUTES), sync(0), internal(0), size(72)
D/RIL-QMI (  245): qmuxd: RX 62 bytes on fd=23 from qmux_client_id=1
D/RIL-QMI (  245): [SMDPORT] >> BEFORE, Write SMD Port [fd = 10] [msg_len = 28]
D/RIL-QMI (  245): [SMDPORT] << AFTER, Write SMD Port [rc = 0]
D/RILJ    ( 1358): [3678]< SIM_IO IccIoResponse sw1:0x90 sw2:0x0
D/UiccCardApplication( 1358): Query facility lock : 0
D/UiccCardApplication( 1358): Query facility FDN : FDN service available: true enabled: false
D/UiccCardApplication( 1358): Query facility lock : 0
D/CAT     ( 1358): CatService: MSG_ID_ICC_CHANGED
D/CAT     ( 1358): CatService: New Card State = CARDSTATE_PRESENT Old Card State = CARDSTATE_ABSENT
D/RILJ    ( 1358): [3696]> RIL_REQUEST_REPORT_STK_SERVICE_IS_RUNNING
D/SimPhoneBookIM( 1358): [SimPbInterfaceManager] Card update received: com.android.internal.telephony.uicc.UiccCard@42336fb0
D/SimPhoneBookIM( 1358): [SimPbInterfaceManager] Card is 3G
D/SimPhoneBookIM( 1358): [SimPbInterfaceManager] Card is 3G
D/SimPhoneBookIM( 1358): [SimPbInterfaceManager] Setting currentApp: com.android.internal.telephony.uicc.UiccCardApplication@423374c0
D/GSMPhone( 1358): [GSMPhone] New Uicc application found
D/GsmSST  ( 1358): [GsmSST] New card found
D/UiccCardApplication( 1358): Notifying 1 registrant: READY
D/GsmDCT  ( 1358): handleMessage msg={ when=-48ms what=270369 obj=android.os.AsyncResult@42385758 target=com.android.internal.telephony.dataconnection.DcTracker }
D/GsmDCT  ( 1358): onUpdateIcc: newIccRecords null
D/GsmSMSDispatcher( 1358): New Uicc application found
D/IccCardProxy( 1358): Icc changed. Reregestering.
D/SIMRecords( 1358): [SIMRecords] getOperatorNumeric: IMSI == null
E/IccCardProxy( 1358): updateproperty Operator name = null, loaded = false
D/UiccCardApplication( 1358): Notifying 1 registrant: READY
D/SIMRecords( 1358): [SIMRecords] getOperatorNumeric: IMSI == null
D/IccCardProxy( 1358): updateActiveRecord app type = 1mIccRecords = SimRecords: mDestroyed=false mContext=com.android.phone.PhoneGlobals@42245c78 mCi=com.android.internal.telephony.SamsungQualcommRIL@4224b010 mFh=Handler (com.android.internal.telephony.uicc.UsimFileHandler) {42339ea8} mParentApp=com.android.internal.telephony.uicc.UiccCardApplication@423374c0 recordsLoadedRegistrants=android.os.RegistrantList@4233c928 mImsiReadyRegistrants=android.os.RegistrantList@4233c950 mRecordsEventsRegistrants=android.os.RegistrantList@4233c978 mNewSmsRegistrants=android.os.RegistrantList@4233c9a0 mNetworkSelectionModeAutomaticRegistrants=android.os.RegistrantList@4233c9c8 recordsToLoad=16 adnCache=Handler (com.android.internal.telephony.uicc.AdnRecordCache) {4233cb30} recordsRequested=true iccid=null msisdn=null msisdnTag=null voiceMailNum=null voiceMailTag=null newVoiceMailNum=null newVoiceMailTag=null isVoiceMailFixed=false mImsi=null mncLength=-1 mailboxIndex=0 spn=null mVmConfigcom.android.internal.telephony.uicc.VoiceMailConstants@4233d610 mSpnOverride=mSpnOverride callForwardingEnabled=false spnState=READ_SPN_3GPP mCphsInfo=null mCspPlmnEnabled=true efMWIS=null efCPHS_MWI=null mEfCff=null mEfCfis=null getOperatorNumeric=null
D/IccCardProxy( 1358): Setting SIM Record as active
D/IccCardProxy( 1358): Broadcasting intent ACTION_SIM_STATE_CHANGED READY reason null
E/RILD    (  250): STK-MGR: evt(113)
D/RILJ    ( 1358): [3696]< RIL_REQUEST_REPORT_STK_SERVICE_IS_RUNNING 
D/CAT     ( 1358): CatService: MSG_ID_ICC_CHANGED
D/CAT     ( 1358): CatService: New Card State = CARDSTATE_PRESENT Old Card State = CARDSTATE_PRESENT
D/GsmDCT  ( 1358): handleMessage msg={ when=-34ms what=270376 obj=android.os.AsyncResult@4238a520 target=com.android.internal.telephony.dataconnection.DcTracker }
D/GsmDCT  ( 1358): onUpdateIcc: newIccRecords null
D/SimPhoneBookIM( 1358): [SimPbInterfaceManager] Card update received: com.android.internal.telephony.uicc.UiccCard@42336fb0
D/SimPhoneBookIM( 1358): [SimPbInterfaceManager] Card is 3G
D/SimPhoneBookIM( 1358): [SimPbInterfaceManager] Existing app found
D/GsmDCT  ( 1358): handleMessage msg={ when=-32ms what=270369 obj=android.os.AsyncResult@4238b9d0 target=com.android.internal.telephony.dataconnection.DcTracker }
D/GsmDCT  ( 1358): onUpdateIcc: newIccRecords null
D/CAT     ( 1358): CatService: MSG_ID_ICC_CHANGED
D/CAT     ( 1358): CatService: New Card State = CARDSTATE_PRESENT Old Card State = CARDSTATE_PRESENT
D/SIMRecords( 1358): [SIMRecords] IMSI: xxxxxxx
D/SIMRecords( 1358): [SIMRecords] onRecordLoaded 15 requested: true
D/RILJ    ( 1358): [3697]> iccIO: SIM_IO 0xb0 0x2fe2  path: 3F00,0,0,10 aid: A0000000871002FFFFFFFF8906190000
D/RILJ    ( 1358): setCurrentPreferredNetworkType: 9
D/RILJ    ( 1358): [3698]> REQUEST_SET_PREFERRED_NETWORK_TYPE : 9
D/RILJ    ( 1358): [3699]> OPERATOR
E/RILD    (  250): GLNET-MGR: evt(114)
E/RILD    (  250): DoSetPreferredNetworkType(): PreferredNetType = 9
E/RILD    (  250): SendMessage: svc(NAS), msg(0x33:QMI_NAS_SET_SYSTEM_SELECTION_PREFERENCE), sync(1), internal(0), size(200)
D/RIL-QMI (  245): qmuxd: RX 52 bytes on fd=23 from qmux_client_id=1
D/RIL-QMI (  245): [SMDPORT] >> BEFORE, Write SMD Port [fd = 10] [msg_len = 18]
D/RIL-QMI (  245): [SMDPORT] << AFTER, Write SMD Port [rc = 0]
D/RILJ    ( 1358): [3700]> DATA_REGISTRATION_STATE
E/RIL-QMI (  245): [SMDPORT] >> BEFORE, Read SMD Port [fd = 10]
E/RIL-QMI (  245): [SMDPORT] << AFTER, Read SMD Port [num_read = 20] [errno = 25]
D/RIL-QMI (  245): qmuxd: TX message on fd=23, to qmux_client_id=1, len=54
E/RILD    (  250): ReceiveMessage: svc(NAS), msg(0x33:QMI_NAS_SET_SYSTEM_SELECTION_PREFERENCE), indi(0), size(8), err(0)
E/RILD    (  250): Set System Selection Pref: result(0)
E/RILD    (  250): Result(0), Error(0)
E/RILD    (  250): GLNET-MGR: evt(115)
E/RILD    (  250): GLNET-MGR: EVENT_SET_PREFERRED_NETWORK_TYPE_DONE
E/RILD    (  250): LDC-MGR: evt(10000)
E/RILD    (  250): RefreshAttachApn: reason 4
E/RILD    (  250): IsEsmFlagZeroNetwork: 310260 operator ESM flag 1
D/RILJ    ( 1358): [3701]> VOICE_REGISTRATION_STATE
D/RILJ    ( 1358): [3698]< REQUEST_SET_PREFERRED_NETWORK_TYPE 
E/RILD    (  250): getPreferredApnId(): preferredApnId = 637
D/RILJ    ( 1358): [3702]> QUERY_NETWORK_SELECTION_MODE
E/RILD    (  250): db prepare error
D/IccCardProxy( 1358): Broadcasting intent ACTION_SIM_STATE_CHANGED IMSI reason null
E/RILD    (  250): IsAttachApnChanged: Failed to load attach apn
E/RILD    (  250): RefreshAttachApn: read Attach Apn from DB failed
E/RILD    (  250): RefreshAttachApn: waiting for retry
E/RILD    (  250): GLNET-MGR: evt(108)
E/RILD    (  250): DoOperator():
E/RILD    (  250): IsRegisteredNetworkType(): netType[1]  feature[00] state[0] 
E/RILD    (  250): IsConsideredRegistered: cs 1x(0), gsm(2), wcdma(2), lte(2), hdr(0), Td(0)
E/RILD    (  250): IsConsideredRegistered: ps 1x(0), gsm(2), wcdma(2), lte(2), hdr(0), Td(0)
E/RILD    (  250): GetOperatorName: Not registered.
E/RILD    (  250): GLNET-MGR: evt(109)
E/RILD    (  250): GNET-MGR: EVENT_OPERATOR_DONE
E/RILD    (  250): GLNET-MGR: evt(102)
E/RILD    (  250): DoDataNetRegState():
E/RILD    (  250): SendMessage: svc(NAS), msg(0x4D:QMI_NAS_GET_SYS_INFO), sync(1), internal(0), size(0)
D/RIL-QMI (  245): qmuxd: RX 47 bytes on fd=23 from qmux_client_id=1
D/RIL-QMI (  245): [SMDPORT] >> BEFORE, Write SMD Port [fd = 10] [msg_len = 13]
D/RIL-QMI (  245): [SMDPORT] << AFTER, Write SMD Port [rc = 0]
D/RILJ    ( 1358): [3699]< OPERATOR {null, null, null, null}
E/RIL-QMI (  245): [SMDPORT] >> BEFORE, Read SMD Port [fd = 10]
E/RIL-QMI (  245): [SMDPORT] << AFTER, Read SMD Port [num_read = 111] [errno = 25]
D/RIL-QMI (  245): qmuxd: TX message on fd=23, to qmux_client_id=1, len=145
E/RIL-QMI (  245): [SMDPORT] >> BEFORE, Read SMD Port [fd = 10]
E/RILD    (  250): QmiUnsolicitedCallback: msgId(52)
E/RIL-QMI (  245): [SMDPORT] << AFTER, Read SMD Port [num_read = 93] [errno = 25]
D/RIL-QMI (  245): qmuxd: TX message on fd=23, to qmux_client_id=1, len=127
E/RILD    (  250): ReceiveMessage: svc(NAS), msg(0x34:QMI_NAS_GET_SYSTEM_SELECTION_PREFERENCE), indi(1), size(200), err(0)
E/RILD    (  250): NotifyEmergencyCallbackMode(): isEnter(0), doUnsol(1)
E/RILD    (  250): QmiSolicitedCallback: msgId(36), err(0)
E/RILD    (  250): ReceiveMessage: svc(UIM), msg(0x24:QMI_UIM_GET_FILE_ATTRIBUTES), indi(0), size(1108), err(0)
E/RILD    (  250): Result(0), Error(0)
E/RILD    (  250): RxSimIoGetResponse: fileSize: 128 fileId: 0x6f40 fileType: 2 recordSize: 32 recordCount: 4
E/RILD    (  250): RxSimIoGetResponse: for fileId: 0x6f40 sw1: 0x90 sw2: 0x0 len: 15
E/RIL-QMI (  245): [SMDPORT] >> BEFORE, Read SMD Port [fd = 10]
E/RIL-QMI (  245): [SMDPORT] << AFTER, Read SMD Port [num_read = 52] [errno = 25]
D/RIL-QMI (  245): qmuxd: TX message on fd=23, to qmux_client_id=1, len=86
E/RILD    (  250): ReceiveMessage: svc(NAS), msg(0x4D:QMI_NAS_GET_SYS_INFO), indi(0), size(1068), err(0)
E/RILD    (  250): Result(0), Error(0)
E/RILD    (  250): [VoLTE] VoPS [0], EbSupport [0], EmergencyAccessBarred [0]
E/RILD    (  250): [CS] 1x reg [0], gsm reg [2], wcdma reg [2], lte reg [2], hdr reg [0], Td reg [0]
E/RILD    (  250): UpdateVoiceRte() - mVoiceRte(0), mVoiceRteConfidenceTag(4), mReportedLteSmsStatus(0)
E/RILD    (  250): UpdateDataRte: [PS] 1x reg [0], gsm reg [2], wcdma reg [2], lte reg [2], hdr reg [0], Td reg [0]
E/RILD    (  250): UpdateDataRte: pref_data_tech(0), radio_tech_flag(1)
E/RILD    (  250): UpdateDataRte: mDataRte(0), confidence(4)
E/RILD    (  250): UpdateImsRte: mImsRte(0), mImsRteConfidenceTag(4)
E/RILD    (  250): UpdateVoiceTech() - RteType: 2, VoiceRadioTech: 0 -> 0
E/RILD    (  250): GetDataRegs: group( CDMA), reg(0)
E/RILD    (  250): GetDataRegs: group( EVDO), reg(0)
E/RILD    (  250): GetDataRegs: group(  GSM), reg(2)
E/RILD    (  250): GetDataRegs: group( UMTS), reg(2)
E/RILD    (  250): GetDataRegs: group(EHRPD), reg(0)
E/RILD    (  250): GetDataRegs: group(  LTE), reg(2)
E/RILD    (  250): GetDataRegs: group(TDSCDMA), reg(0)
E/RILD    (  250): BuildDataRegState: prefData(0) flag(1) networktype(0) radiotech(0) from WDS
E/RILD    (  250): BuildDataRegState: not registered..
E/RILD    (  250): BuildDataRegState: vrte(5), state(2), dataTechToReport(6)
E/RILD    (  250): BuildDataRegState: isRegistered : 0, dataTechToReport : 6
E/RILD    (  250): BuildDataRegState: pref data tech reg 2
E/RILD    (  250): BuildDataRegState() - VoPS: 0, EbSupport: 0, EmergencyBarring: 0
E/RILD    (  250): mConsideredDataTechnology Valid: 1, Value: 0
E/RILD    (  250): SIM-MGR: evt(201)
E/RILD    (  250): GLNET-MGR: evt(103)
E/RILD    (  250): NET-MGR: EVENT_DATA_NET_REG_STATE_DONE
E/RILD    (  250): it was rat 0 but it will be unknown owing to no service
E/RILD    (  250): SIM-MGR: evt(101)
E/RILD    (  250): TxSimIo: cmd:0xc0, fileId:0x6f38, path:?, p1:0, p2:0, p3:15 convPath: 3f007fff convAid: a0000000871002ffffffff8906190000
E/RILD    (  250): TxSimIoGetResponse: for fileId: 0x6f38 session type: 0 firstLevelDfPath: 0x7fff
E/RILD    (  250): SendMessage: svc(UIM), msg(0x24:QMI_UIM_GET_FILE_ATTRIBUTES), sync(0), internal(0), size(72)
E/RILD    (  250): GLNET-MGR: evt(100)
E/RILD    (  250): DoVoiceNetRegState():
E/RILD    (  250): IsRegisteredNetworkType(): netType[1]  feature[00] state[0] 
E/RILD    (  250): SendMessage: svc(NAS), msg(0x4D:QMI_NAS_GET_SYS_INFO), sync(1), internal(0), size(0)
D/RIL-QMI (  245): qmuxd: RX 62 bytes on fd=23 from qmux_client_id=1
D/RIL-QMI (  245): [SMDPORT] >> BEFORE, Write SMD Port [fd = 10] [msg_len = 28]
D/RIL-QMI (  245): [SMDPORT] << AFTER, Write SMD Port [rc = 0]
D/RIL-QMI (  245): qmuxd: RX 47 bytes on fd=23 from qmux_client_id=1
D/RIL-QMI (  245): [SMDPORT] >> BEFORE, Write SMD Port [fd = 10] [msg_len = 13]
D/RIL-QMI (  245): [SMDPORT] << AFTER, Write SMD Port [rc = 0]
D/RILJ    ( 1358): [3679]< SIM_IO IccIoResponse sw1:0x90 sw2:0x0
D/RILJ    ( 1358): [3700]< DATA_REGISTRATION_STATE {2, 0000, 00000000, 0, null, 4}
E/RIL-QMI (  245): [SMDPORT] >> BEFORE, Read SMD Port [fd = 10]
E/RIL-QMI (  245): [SMDPORT] << AFTER, Read SMD Port [num_read = 52] [errno = 25]
D/RIL-QMI (  245): qmuxd: TX message on fd=23, to qmux_client_id=1, len=86
E/RILD    (  250): ReceiveMessage: svc(NAS), msg(0x4D:QMI_NAS_GET_SYS_INFO), indi(0), size(1068), err(0)
E/RILD    (  250): Result(0), Error(0)
E/RILD    (  250): [VoLTE] VoPS [0], EbSupport [0], EmergencyAccessBarred [0]
E/RILD    (  250): [CS] 1x reg [0], gsm reg [2], wcdma reg [2], lte reg [2], hdr reg [0], Td reg [0]
E/RILD    (  250): UpdateVoiceRte() - mVoiceRte(0), mVoiceRteConfidenceTag(4), mReportedLteSmsStatus(0)
E/RILD    (  250): UpdateDataRte: [PS] 1x reg [0], gsm reg [2], wcdma reg [2], lte reg [2], hdr reg [0], Td reg [0]
E/RILD    (  250): UpdateDataRte: pref_data_tech(0), radio_tech_flag(1)
E/RILD    (  250): UpdateDataRte: mDataRte(0), confidence(4)
E/RILD    (  250): UpdateImsRte: mImsRte(0), mImsRteConfidenceTag(4)
E/RILD    (  250): UpdateVoiceTech() - RteType: 2, VoiceRadioTech: 0 -> 0
E/RILD    (  250): GetVoiceSysInfo: regState(2), voiceRte(0), isRte3gpp(1)
E/RILD    (  250):  ... cid invalid, set cid to previous value 0, 0
E/RILD    (  250): cdmaCcsSupported: 0, SimulVoiceAndDataCapability Valid: 1, Value: 0
E/RILD    (  250): mReportedDataTechnology Valid: 0, Value: 0
E/RILD    (  250): .. VoPS: 0, EbSupport: 0, EmergencyBarring: 0
E/RILD    (  250): BuildVoiceRegState : rData->mTac : 0
E/RILD    (  250): GLNET-MGR: evt(101)
E/RILD    (  250): GNET-MGR: EVENT_VOICE_NET_REG_STATE_DONE
E/RILD    (  250): Hall IC - OFF
E/RILD    (  250): GLNET-MGR: evt(118)
E/RILD    (  250): DoGetNetSelectionMode():
E/RILD    (  250): GLNET-MGR: evt(119)
E/RILD    (  250): NET-MGR: EVENT_GET_NETWORK_SELECTION_MODE_DONE
D/RILJ    ( 1358): [3703]> iccIO: SIM_IO 0xb2 0x6f40  path: 3F007FFF,1,4,32 aid: A0000000871002FFFFFFFF8906190000
D/RILJ    ( 1358): [3701]< VOICE_REGISTRATION_STATE {2, 0000, 00000000, 0, null, null, null, null, null, null, null, null, null, null, null}
D/PHONE   ( 1358): [ServiceState] setDataRegState=1
D/PHONE   ( 1358): [ServiceState] setDataRadioTechnology=0
D/GsmSST  ( 1358): [GsmSST] handlPollStateResultMessage: GsmSST setDataRegState=1 regState=2 dataRadioTechnology=0
D/PHONE   ( 1358): [ServiceState] setVoiceRegState=1
E/PHONE   ( 1358): [ServiceState] setState deprecated use setVoiceRegState()
D/RILJ    ( 1358): [3702]< QUERY_NETWORK_SELECTION_MODE {0}
D/GsmSST  ( 1358): [GsmSST] Poll ServiceState done:  oldSS=[1 1 home null null null  Unknown Unknown CSS not supported -1 -1 RoamInd=-1 DefRoamInd=-1 EmergOnly=false] newSS=[1 1 home null null null  Unknown Unknown CSS not supported -1 -1 RoamInd=-1 DefRoamInd=-1 EmergOnly=false] oldMaxDataCalls=4 mNewMaxDataCalls=4 oldReasonDataDenied=-1 mNewReasonDataDenied=-1
D/PHONE   ( 1358): [ServiceState] setNullState=1
E/RIL-QMI (  245): [SMDPORT] >> BEFORE, Read SMD Port [fd = 10]
E/RIL-QMI (  245): [SMDPORT] << AFTER, Read SMD Port [num_read = 94] [errno = 25]
D/RIL-QMI (  245): qmuxd: TX message on fd=23, to qmux_client_id=1, len=128
E/RILD    (  250): QmiSolicitedCallback: msgId(36), err(0)
E/RILD    (  250): ReceiveMessage: svc(UIM), msg(0x24:QMI_UIM_GET_FILE_ATTRIBUTES), indi(0), size(1108), err(0)
E/RILD    (  250): Result(0), Error(0)
E/RILD    (  250): RxSimIoGetResponse: fileSize: 4 fileId: 0x6fc9 fileType: 2 recordSize: 4 recordCount: 1
E/RILD    (  250): RxSimIoGetResponse: for fileId: 0x6fc9 sw1: 0x90 sw2: 0x0 len: 15
E/RILD    (  250): SIM-MGR: evt(201)
E/RILD    (  250): SIM-MGR: evt(101)
E/RILD    (  250): TxSimIo: cmd:0xc0, fileId:0x6f16, path:?, p1:0, p2:0, p3:15 convPath: 3f007fff convAid: a0000000871002ffffffff8906190000
E/RILD    (  250): TxSimIoGetResponse: for fileId: 0x6f16 session type: 0 firstLevelDfPath: 0x7fff
E/RILD    (  250): SendMessage: svc(UIM), msg(0x24:QMI_UIM_GET_FILE_ATTRIBUTES), sync(0), internal(0), size(72)
D/RIL-QMI (  245): qmuxd: RX 62 bytes on fd=23 from qmux_client_id=1
D/RIL-QMI (  245): [SMDPORT] >> BEFORE, Write SMD Port [fd = 10] [msg_len = 28]
D/RIL-QMI (  245): [SMDPORT] << AFTER, Write SMD Port [rc = 0]
D/RILJ    ( 1358): [3680]< SIM_IO IccIoResponse sw1:0x90 sw2:0x0
D/RILJ    ( 1358): [3704]> iccIO: SIM_IO 0xb2 0x6fc9  path: 3F007FFF,1,4,4 aid: A0000000871002FFFFFFFF8906190000
E/RIL-QMI (  245): [SMDPORT] >> BEFORE, Read SMD Port [fd = 10]
E/RIL-QMI (  245): [SMDPORT] << AFTER, Read SMD Port [num_read = 91] [errno = 25]
D/RIL-QMI (  245): qmuxd: TX message on fd=23, to qmux_client_id=1, len=125
E/RILD    (  250): QmiSolicitedCallback: msgId(36), err(0)
E/RILD    (  250): ReceiveMessage: svc(UIM), msg(0x24:QMI_UIM_GET_FILE_ATTRIBUTES), indi(0), size(1108), err(0)
E/RILD    (  250): Result(0), Error(0)
E/RILD    (  250): RxSimIoGetResponse: fileSize: 4 fileId: 0x6fad fileType: 0 recordSize: 0 recordCount: 0
E/RILD    (  250): RxSimIoGetResponse: for fileId: 0x6fad sw1: 0x90 sw2: 0x0 len: 15
E/RILD    (  250): SIM-MGR: evt(201)
E/RILD    (  250): SIM-MGR: evt(101)
E/RILD    (  250): TxSimIo: cmd:0xc0, fileId:0x6f15, path:?, p1:0, p2:0, p3:15 convPath: 3f007fff convAid: a0000000871002ffffffff8906190000
E/RILD    (  250): TxSimIoGetResponse: for fileId: 0x6f15 session type: 0 firstLevelDfPath: 0x7fff
E/RILD    (  250): SendMessage: svc(UIM), msg(0x24:QMI_UIM_GET_FILE_ATTRIBUTES), sync(0), internal(0), size(72)
D/RIL-QMI (  245): qmuxd: RX 62 bytes on fd=23 from qmux_client_id=1
D/RILJ    ( 1358): [3681]< SIM_IO IccIoResponse sw1:0x90 sw2:0x0
D/RIL-QMI (  245): [SMDPORT] >> BEFORE, Write SMD Port [fd = 10] [msg_len = 28]
D/RIL-QMI (  245): [SMDPORT] << AFTER, Write SMD Port [rc = 0]
D/RILJ    ( 1358): [3705]> iccIO: SIM_IO 0xb0 0x6fad  path: 3F007FFF,0,0,4 aid: A0000000871002FFFFFFFF8906190000
E/RIL-QMI (  245): [SMDPORT] >> BEFORE, Read SMD Port [fd = 10]
E/RIL-QMI (  245): [SMDPORT] << AFTER, Read SMD Port [num_read = 94] [errno = 25]
D/RIL-QMI (  245): qmuxd: TX message on fd=23, to qmux_client_id=1, len=128
E/RILD    (  250): QmiSolicitedCallback: msgId(36), err(0)
E/RILD    (  250): ReceiveMessage: svc(UIM), msg(0x24:QMI_UIM_GET_FILE_ATTRIBUTES), indi(0), size(1108), err(0)
E/RILD    (  250): Result(0), Error(0)
E/RILD    (  250): RxSimIoGetResponse: fileSize: 5 fileId: 0x6fca fileType: 2 recordSize: 5 recordCount: 1
E/RILD    (  250): RxSimIoGetResponse: for fileId: 0x6fca sw1: 0x90 sw2: 0x0 len: 15
E/RILD    (  250): SIM-MGR: evt(201)
E/RILD    (  250): SIM-MGR: evt(101)
E/RILD    (  250): TxSimIo: cmd:0xc0, fileId:0x6f3e, path:?, p1:0, p2:0, p3:15 convPath: 3f007fff convAid: a0000000871002ffffffff8906190000
E/RILD    (  250): TxSimIoGetResponse: for fileId: 0x6f3e session type: 0 firstLevelDfPath: 0x7fff
E/RILD    (  250): SendMessage: svc(UIM), msg(0x24:QMI_UIM_GET_FILE_ATTRIBUTES), sync(0), internal(0), size(72)
D/RIL-QMI (  245): qmuxd: RX 62 bytes on fd=23 from qmux_client_id=1
D/RIL-QMI (  245): [SMDPORT] >> BEFORE, Write SMD Port [fd = 10] [msg_len = 28]
D/RIL-QMI (  245): [SMDPORT] << AFTER, Write SMD Port [rc = 0]
D/RILJ    ( 1358): [3682]< SIM_IO IccIoResponse sw1:0x90 sw2:0x0
D/RILJ    ( 1358): [3706]> iccIO: SIM_IO 0xb2 0x6fca  path: 3F007FFF,1,4,5 aid: A0000000871002FFFFFFFF8906190000
E/RIL-QMI (  245): [SMDPORT] >> BEFORE, Read SMD Port [fd = 10]
E/RIL-QMI (  245): [SMDPORT] << AFTER, Read SMD Port [num_read = 25] [errno = 25]
D/RIL-QMI (  245): qmuxd: TX message on fd=23, to qmux_client_id=1, len=59
E/RILD    (  250): QmiSolicitedCallback: msgId(36), err(0)
E/RILD    (  250): ReceiveMessage: svc(UIM), msg(0x24:QMI_UIM_GET_FILE_ATTRIBUTES), indi(0), size(1108), err(0)
E/RILD    (  250): Result(1), Error(80)
E/RILD    (  250): RxSimIoGetResponse: for fileId: 0x6f11 sw1: 0x6a sw2: 0x82 len: 0
E/RILD    (  250): SIM-MGR: evt(201)
E/RILD    (  250): SIM-MGR: evt(101)
E/RILD    (  250): TxSimIo: cmd:0xc0, fileId:0x6f02, path:?, p1:0, p2:0, p3:15 convPath: 3f007fff convAid: a0000000871004ffffffff8907030000
E/RILD    (  250): TxSimIoGetResponse: for fileId: 0x6f02 session type: 4 firstLevelDfPath: 0x7fff
E/RILD    (  250): SendMessage: svc(UIM), msg(0x24:QMI_UIM_GET_FILE_ATTRIBUTES), sync(0), internal(0), size(72)
D/RIL-QMI (  245): qmuxd: RX 78 bytes on fd=23 from qmux_client_id=1
D/RIL-QMI (  245): [SMDPORT] >> BEFORE, Write SMD Port [fd = 10] [msg_len = 44]
D/RIL-QMI (  245): [SMDPORT] << AFTER, Write SMD Port [rc = 0]
D/RilRequest( 1358): [3683]< SIM_IO error: com.android.internal.telephony.CommandException: GENERIC_FAILURE ret=null
D/SIMRecords( 1358): [SIMRecords] EF_CPHS_MWI: null
D/SIMRecords( 1358): [SIMRecords] EVENT_GET_VOICE_MAIL_INDICATOR_CPHS_DONE exception = com.android.internal.telephony.CommandException: GENERIC_FAILURE
D/SIMRecords( 1358): [SIMRecords] onRecordLoaded 14 requested: true
E/RIL-QMI (  245): [SMDPORT] >> BEFORE, Read SMD Port [fd = 10]
E/RIL-QMI (  245): [SMDPORT] << AFTER, Read SMD Port [num_read = 93] [errno = 25]
D/RIL-QMI (  245): qmuxd: TX message on fd=23, to qmux_client_id=1, len=127
E/RILD    (  250): QmiSolicitedCallback: msgId(36), err(0)
E/RILD    (  250): ReceiveMessage: svc(UIM), msg(0x24:QMI_UIM_GET_FILE_ATTRIBUTES), indi(0), size(1108), err(0)
E/RILD    (  250): Result(0), Error(0)
E/RILD    (  250): RxSimIoGetResponse: fileSize: 32 fileId: 0x6fcb fileType: 2 recordSize: 16 recordCount: 2
E/RILD    (  250): RxSimIoGetResponse: for fileId: 0x6fcb sw1: 0x90 sw2: 0x0 len: 15
E/RILD    (  250): SIM-MGR: evt(201)
E/RILD    (  250): SIM-MGR: evt(101)
E/RILD    (  250): TxSimIo: cmd:0xc0, fileId:0x6f04, path:?, p1:0, p2:0, p3:15 convPath: 3f007fff convAid: a0000000871004ffffffff8907030000
E/RILD    (  250): TxSimIoGetResponse: for fileId: 0x6f04 session type: 4 firstLevelDfPath: 0x7fff
E/RILD    (  250): SendMessage: svc(UIM), msg(0x24:QMI_UIM_GET_FILE_ATTRIBUTES), sync(0), internal(0), size(72)
D/RIL-QMI (  245): qmuxd: RX 78 bytes on fd=23 from qmux_client_id=1
D/RIL-QMI (  245): [SMDPORT] >> BEFORE, Write SMD Port [fd = 10] [msg_len = 44]
D/RIL-QMI (  245): [SMDPORT] << AFTER, Write SMD Port [rc = 0]
D/RILJ    ( 1358): [3684]< SIM_IO IccIoResponse sw1:0x90 sw2:0x0
D/RILJ    ( 1358): [3707]> iccIO: SIM_IO 0xb2 0x6fcb  path: 3F007FFF,1,4,16 aid: A0000000871002FFFFFFFF8906190000
E/RIL-QMI (  245): [SMDPORT] >> BEFORE, Read SMD Port [fd = 10]
E/RIL-QMI (  245): [SMDPORT] << AFTER, Read SMD Port [num_read = 25] [errno = 25]
D/RIL-QMI (  245): qmuxd: TX message on fd=23, to qmux_client_id=1, len=59
E/RILD    (  250): QmiSolicitedCallback: msgId(36), err(0)
E/RILD    (  250): ReceiveMessage: svc(UIM), msg(0x24:QMI_UIM_GET_FILE_ATTRIBUTES), indi(0), size(1108), err(0)
E/RILD    (  250): Result(1), Error(80)
E/RILD    (  250): RxSimIoGetResponse: for fileId: 0x6f13 sw1: 0x6a sw2: 0x82 len: 0
E/RILD    (  250): SIM-MGR: evt(201)
E/RILD    (  250): SIM-MGR: evt(101)
E/RILD    (  250): TxSimIo: cmd:0xc0, fileId:0x6f03, path:?, p1:0, p2:0, p3:15 convPath: 3f007fff convAid: a0000000871004ffffffff8907030000
E/RILD    (  250): TxSimIoGetResponse: for fileId: 0x6f03 session type: 4 firstLevelDfPath: 0x7fff
E/RILD    (  250): SendMessage: svc(UIM), msg(0x24:QMI_UIM_GET_FILE_ATTRIBUTES), sync(0), internal(0), size(72)
D/RIL-QMI (  245): qmuxd: RX 78 bytes on fd=23 from qmux_client_id=1
D/RIL-QMI (  245): [SMDPORT] >> BEFORE, Write SMD Port [fd = 10] [msg_len = 44]
D/RIL-QMI (  245): [SMDPORT] << AFTER, Write SMD Port [rc = 0]
D/RilRequest( 1358): [3685]< SIM_IO error: com.android.internal.telephony.CommandException: GENERIC_FAILURE ret=null
E/RIL-QMI (  245): [SMDPORT] >> BEFORE, Read SMD Port [fd = 10]
E/RIL-QMI (  245): [SMDPORT] << AFTER, Read SMD Port [num_read = 20] [errno = 25]
D/RIL-QMI (  245): qmuxd: TX message on fd=23, to qmux_client_id=1, len=54
E/RILD    (  250): QmiSolicitedCallback: msgId(36), err(0)
E/RILD    (  250): ReceiveMessage: svc(UIM), msg(0x24:QMI_UIM_GET_FILE_ATTRIBUTES), indi(0), size(1108), err(0)
E/RILD    (  250): Result(1), Error(16)
E/RILD    (  250): RxSimIoGetResponse: for fileId: 0x6f46 sw1: 0x94 sw2: 0x4 len: 0
E/RILD    (  250): SIM-MGR: evt(201)
E/RILD    (  250): SIM-MGR: evt(101)
E/RILD    (  250): TxSimIo: cmd:0xb0, fileId:0x2fe2, path:?, p1:0, p2:0, p3:10 convPath: 3f00 convAid: a0000000871002ffffffff8906190000
E/RILD    (  250): TxSimIoReadBinary: for fileId: 0x2fe2 session type: 6 firstLevelDfPath: 0x0
E/RILD    (  250): SendMessage: svc(UIM), msg(0x20:QMI_UIM_READ_TRANSPARENT), sync(0), internal(0), size(76)
D/RIL-QMI (  245): qmuxd: RX 67 bytes on fd=23 from qmux_client_id=1
D/RIL-QMI (  245): [SMDPORT] >> BEFORE, Write SMD Port [fd = 10] [msg_len = 33]
D/RIL-QMI (  245): [SMDPORT] << AFTER, Write SMD Port [rc = 0]
D/RilRequest( 1358): [3686]< SIM_IO error: com.android.internal.telephony.CommandException: GENERIC_FAILURE ret=null
D/SIMRecords( 1358): [SIMRecords] onRecordLoaded 13 requested: true
D/RILJ    ( 1358): [3708]> iccIO: SIM_IO 0xc0 0x6f14  path: 3F007FFF,0,0,15 aid: A0000000871002FFFFFFFF8906190000
D/SIMRecords( 1358): [SIMRecords] onRecordLoaded 13 requested: true
E/RIL-QMI (  245): [SMDPORT] >> BEFORE, Read SMD Port [fd = 10]
E/RIL-QMI (  245): [SMDPORT] << AFTER, Read SMD Port [num_read = 20] [errno = 25]
D/RIL-QMI (  245): qmuxd: TX message on fd=23, to qmux_client_id=1, len=54
E/RILD    (  250): QmiSolicitedCallback: msgId(36), err(0)
E/RILD    (  250): ReceiveMessage: svc(UIM), msg(0x24:QMI_UIM_GET_FILE_ATTRIBUTES), indi(0), size(1108), err(0)
E/RILD    (  250): Result(1), Error(16)
E/RILD    (  250): RxSimIoGetResponse: for fileId: 0x6fcd sw1: 0x94 sw2: 0x4 len: 0
E/RILD    (  250): SIM-MGR: evt(201)
E/RILD    (  250): SIM-MGR: evt(101)
E/RILD    (  250): TxSimIo: cmd:0xb2, fileId:0x6f40, path:?, p1:1, p2:4, p3:32 convPath: 3f007fff convAid: a0000000871002ffffffff8906190000
E/RILD    (  250): TxSimIoReadRecord: for fileId: 0x6f40 session type: 0 firstLevelDfPath: 0x7fff
E/RILD    (  250): SendMessage: svc(UIM), msg(0x21:QMI_UIM_READ_RECORD), sync(0), internal(0), size(76)
D/RIL-QMI (  245): qmuxd: RX 69 bytes on fd=23 from qmux_client_id=1
D/RIL-QMI (  245): [SMDPORT] >> BEFORE, Write SMD Port [fd = 10] [msg_len = 35]
D/RIL-QMI (  245): [SMDPORT] << AFTER, Write SMD Port [rc = 0]
D/RilRequest( 1358): [3687]< SIM_IO error: com.android.internal.telephony.CommandException: GENERIC_FAILURE ret=null
D/SIMRecords( 1358): [SIMRecords] onRecordLoaded 12 requested: true
E/RIL-QMI (  245): [SMDPORT] >> BEFORE, Read SMD Port [fd = 10]
E/RIL-QMI (  245): [SMDPORT] << AFTER, Read SMD Port [num_read = 94] [errno = 25]
D/RIL-QMI (  245): qmuxd: TX message on fd=23, to qmux_client_id=1, len=128
E/RILD    (  250): QmiSolicitedCallback: msgId(36), err(0)
E/RILD    (  250): ReceiveMessage: svc(UIM), msg(0x24:QMI_UIM_GET_FILE_ATTRIBUTES), indi(0), size(1108), err(0)
E/RILD    (  250): Result(0), Error(0)
E/RILD    (  250): RxSimIoGetResponse: fileSize: 300 fileId: 0x6fc5 fileType: 2 recordSize: 30 recordCount: 10
E/RILD    (  250): RxSimIoGetResponse: for fileId: 0x6fc5 sw1: 0x90 sw2: 0x0 len: 15
E/RILD    (  250): SIM-MGR: evt(201)
E/RILD    (  250): SIM-MGR: evt(101)
E/RILD    (  250): TxSimIo: cmd:0xb2, fileId:0x6fc9, path:?, p1:1, p2:4, p3:4 convPath: 3f007fff convAid: a0000000871002ffffffff8906190000
E/RILD    (  250): TxSimIoReadRecord: for fileId: 0x6fc9 session type: 0 firstLevelDfPath: 0x7fff
E/RILD    (  250): SendMessage: svc(UIM), msg(0x21:QMI_UIM_READ_RECORD), sync(0), internal(0), size(76)
D/RIL-QMI (  245): qmuxd: RX 69 bytes on fd=23 from qmux_client_id=1
D/RIL-QMI (  245): [SMDPORT] >> BEFORE, Write SMD Port [fd = 10] [msg_len = 35]
D/RIL-QMI (  245): [SMDPORT] << AFTER, Write SMD Port [rc = 0]
D/RILJ    ( 1358): [3688]< SIM_IO IccIoResponse sw1:0x90 sw2:0x0
D/RILJ    ( 1358): [3709]> iccIO: SIM_IO 0xb2 0x6fc5  path: 3F007FFF,1,4,30 aid: A0000000871002FFFFFFFF8906190000
E/RIL-QMI (  245): [SMDPORT] >> BEFORE, Read SMD Port [fd = 10]
E/RIL-QMI (  245): [SMDPORT] << AFTER, Read SMD Port [num_read = 91] [errno = 25]
D/RIL-QMI (  245): qmuxd: TX message on fd=23, to qmux_client_id=1, len=125
E/RILD    (  250): QmiSolicitedCallback: msgId(36), err(0)
E/RILD    (  250): ReceiveMessage: svc(UIM), msg(0x24:QMI_UIM_GET_FILE_ATTRIBUTES), indi(0), size(1108), err(0)
E/RILD    (  250): Result(0), Error(0)
E/RILD    (  250): RxSimIoGetResponse: fileSize: 10 fileId: 0x6f38 fileType: 0 recordSize: 0 recordCount: 0
E/RILD    (  250): RxSimIoGetResponse: for fileId: 0x6f38 sw1: 0x90 sw2: 0x0 len: 15
E/RILD    (  250): SIM-MGR: evt(201)
E/RILD    (  250): SetServiceTableInfo: SstLoaded
E/RILD    (  250): SIM-MGR: evt(101)
E/RILD    (  250): TxSimIo: cmd:0xb0, fileId:0x6fad, path:?, p1:0, p2:0, p3:4 convPath: 3f007fff convAid: a0000000871002ffffffff8906190000
E/RILD    (  250): TxSimIoReadBinary: for fileId: 0x6fad session type: 0 firstLevelDfPath: 0x7fff
E/RILD    (  250): SendMessage: svc(UIM), msg(0x20:QMI_UIM_READ_TRANSPARENT), sync(0), internal(0), size(76)
D/RIL-QMI (  245): qmuxd: RX 69 bytes on fd=23 from qmux_client_id=1
D/RIL-QMI (  245): [SMDPORT] >> BEFORE, Write SMD Port [fd = 10] [msg_len = 35]
D/RIL-QMI (  245): [SMDPORT] << AFTER, Write SMD Port [rc = 0]
D/RILJ    ( 1358): [3689]< SIM_IO IccIoResponse sw1:0x90 sw2:0x0
D/RILJ    ( 1358): [3710]> iccIO: SIM_IO 0xb0 0x6f38  path: 3F007FFF,0,0,10 aid: A0000000871002FFFFFFFF8906190000
E/RIL-QMI (  245): [SMDPORT] >> BEFORE, Read SMD Port [fd = 10]
E/RIL-QMI (  245): [SMDPORT] << AFTER, Read SMD Port [num_read = 25] [errno = 25]
D/RIL-QMI (  245): qmuxd: TX message on fd=23, to qmux_client_id=1, len=59
E/RILD    (  250): QmiSolicitedCallback: msgId(36), err(0)
E/RILD    (  250): ReceiveMessage: svc(UIM), msg(0x24:QMI_UIM_GET_FILE_ATTRIBUTES), indi(0), size(1108), err(0)
E/RILD    (  250): Result(1), Error(80)
E/RILD    (  250): RxSimIoGetResponse: for fileId: 0x6f16 sw1: 0x6a sw2: 0x82 len: 0
E/RILD    (  250): SIM-MGR: evt(201)
E/RILD    (  250): SIM-MGR: evt(101)
E/RILD    (  250): TxSimIo: cmd:0xb2, fileId:0x6fca, path:?, p1:1, p2:4, p3:5 convPath: 3f007fff convAid: a0000000871002ffffffff8906190000
E/RILD    (  250): TxSimIoReadRecord: for fileId: 0x6fca session type: 0 firstLevelDfPath: 0x7fff
E/RILD    (  250): SendMessage: svc(UIM), msg(0x21:QMI_UIM_READ_RECORD), sync(0), internal(0), size(76)
D/RIL-QMI (  245): qmuxd: RX 69 bytes on fd=23 from qmux_client_id=1
D/RIL-QMI (  245): [SMDPORT] >> BEFORE, Write SMD Port [fd = 10] [msg_len = 35]
D/RIL-QMI (  245): [SMDPORT] << AFTER, Write SMD Port [rc = 0]
D/RilRequest( 1358): [3690]< SIM_IO error: com.android.internal.telephony.CommandException: GENERIC_FAILURE ret=null
D/SIMRecords( 1358): [SIMRecords] onRecordLoaded 11 requested: true
E/RIL-QMI (  245): [SMDPORT] >> BEFORE, Read SMD Port [fd = 10]
E/RIL-QMI (  245): [SMDPORT] << AFTER, Read SMD Port [num_read = 34] [errno = 25]
D/RIL-QMI (  245): qmuxd: TX message on fd=23, to qmux_client_id=1, len=68
E/RILD    (  250): QmiSolicitedCallback: msgId(32), err(0)
E/RILD    (  250): ReceiveMessage: svc(UIM), msg(0x20:QMI_UIM_READ_TRANSPARENT), indi(0), size(4132), err(0)
E/RILD    (  250): Result(0), Error(0)
E/RILD    (  250): RxSimIoReadBinary: for fileId: 0x6fad  sw1: 0x90 sw2: 0x0 len: 4
E/RILD    (  250): SIM-MGR: evt(201)
E/RILD    (  250): SIM-MGR: evt(101)
E/RILD    (  250): TxSimIo: cmd:0xb2, fileId:0x6fcb, path:?, p1:1, p2:4, p3:16 convPath: 3f007fff convAid: a0000000871002ffffffff8906190000
E/RILD    (  250): TxSimIoReadRecord: for fileId: 0x6fcb session type: 0 firstLevelDfPath: 0x7fff
E/RILD    (  250): SendMessage: svc(UIM), msg(0x21:QMI_UIM_READ_RECORD), sync(0), internal(0), size(76)
D/RIL-QMI (  245): qmuxd: RX 69 bytes on fd=23 from qmux_client_id=1
D/RIL-QMI (  245): [SMDPORT] >> BEFORE, Write SMD Port [fd = 10] [msg_len = 35]
D/RIL-QMI (  245): [SMDPORT] << AFTER, Write SMD Port [rc = 0]
D/RILJ    ( 1358): [3705]< SIM_IO IccIoResponse sw1:0x90 sw2:0x0
D/SIMRecords( 1358): [SIMRecords] EF_AD: 00000003
E/RIL-QMI (  245): [SMDPORT] >> BEFORE, Read SMD Port [fd = 10]
E/RIL-QMI (  245): [SMDPORT] << AFTER, Read SMD Port [num_read = 25] [errno = 25]
D/RIL-QMI (  245): qmuxd: TX message on fd=23, to qmux_client_id=1, len=59
E/RILD    (  250): QmiSolicitedCallback: msgId(36), err(0)
E/RILD    (  250): ReceiveMessage: svc(UIM), msg(0x24:QMI_UIM_GET_FILE_ATTRIBUTES), indi(0), size(1108), err(0)
E/RILD    (  250): Result(1), Error(80)
E/RILD    (  250): RxSimIoGetResponse: for fileId: 0x6f15 sw1: 0x6a sw2: 0x82 len: 0
E/RILD    (  250): SIM-MGR: evt(201)
E/RILD    (  250): SIM-MGR: evt(101)
E/RILD    (  250): TxSimIo: cmd:0xc0, fileId:0x6f14, path:?, p1:0, p2:0, p3:15 convPath: 3f007fff convAid: a0000000871002ffffffff8906190000
E/RILD    (  250): TxSimIoGetResponse: for fileId: 0x6f14 session type: 0 firstLevelDfPath: 0x7fff
E/RILD    (  250): SendMessage: svc(UIM), msg(0x24:QMI_UIM_GET_FILE_ATTRIBUTES), sync(0), internal(0), size(72)
D/RIL-QMI (  245): qmuxd: RX 62 bytes on fd=23 from qmux_client_id=1
D/RIL-QMI (  245): [SMDPORT] >> BEFORE, Write SMD Port [fd = 10] [msg_len = 28]
D/RIL-QMI (  245): [SMDPORT] << AFTER, Write SMD Port [rc = 0]
D/RilRequest( 1358): [3691]< SIM_IO error: com.android.internal.telephony.CommandException: GENERIC_FAILURE ret=null
D/SIMRecords( 1358): [SIMRecords] onRecordLoaded 10 requested: true
E/RIL-QMI (  245): [SMDPORT] >> BEFORE, Read SMD Port [fd = 10]
E/RIL-QMI (  245): [SMDPORT] << AFTER, Read SMD Port [num_read = 91] [errno = 25]
E/SIMRecords( 1358): [SIMRecords] Exception in fetching EF_CSP data com.android.internal.telephony.CommandException: GENERIC_FAILURE
D/SIMRecords( 1358): [SIMRecords] onRecordLoaded 9 requested: true
D/RIL-QMI (  245): qmuxd: TX message on fd=23, to qmux_client_id=1, len=125
E/RILD    (  250): QmiSolicitedCallback: msgId(36), err(0)
E/RILD    (  250): ReceiveMessage: svc(UIM), msg(0x24:QMI_UIM_GET_FILE_ATTRIBUTES), indi(0), size(1108), err(0)
E/RILD    (  250): Result(0), Error(0)
E/RILD    (  250): RxSimIoGetResponse: fileSize: 2 fileId: 0x6f3e fileType: 0 recordSize: 0 recordCount: 0
E/RILD    (  250): RxSimIoGetResponse: for fileId: 0x6f3e sw1: 0x90 sw2: 0x0 len: 15
E/RILD    (  250): SIM-MGR: evt(201)
E/RILD    (  250): SIM-MGR: evt(101)
E/RILD    (  250): TxSimIo: cmd:0xb2, fileId:0x6fc5, path:?, p1:1, p2:4, p3:30 convPath: 3f007fff convAid: a0000000871002ffffffff8906190000
E/RILD    (  250): TxSimIoReadRecord: for fileId: 0x6fc5 session type: 0 firstLevelDfPath: 0x7fff
E/RILD    (  250): SendMessage: svc(UIM), msg(0x21:QMI_UIM_READ_RECORD), sync(0), internal(0), size(76)
D/RIL-QMI (  245): qmuxd: RX 69 bytes on fd=23 from qmux_client_id=1
D/RIL-QMI (  245): [SMDPORT] >> BEFORE, Write SMD Port [fd = 10] [msg_len = 35]
D/RIL-QMI (  245): [SMDPORT] << AFTER, Write SMD Port [rc = 0]
D/RILJ    ( 1358): [3692]< SIM_IO IccIoResponse sw1:0x90 sw2:0x0
D/RILJ    ( 1358): [3711]> iccIO: SIM_IO 0xb0 0x6f3e  path: 3F007FFF,0,0,2 aid: A0000000871002FFFFFFFF8906190000
D/GsmDCT  ( 1358): onReceive: action=android.net.wifi.STATE_CHANGE
D/GsmDCT  ( 1358): NETWORK_STATE_CHANGED_ACTION: mIsWifiConnected=false
E/RIL-QMI (  245): [SMDPORT] >> BEFORE, Read SMD Port [fd = 10]
E/RIL-QMI (  245): [SMDPORT] << AFTER, Read SMD Port [num_read = 91] [errno = 25]
D/RIL-QMI (  245): qmuxd: TX message on fd=23, to qmux_client_id=1, len=125
E/RILD    (  250): QmiSolicitedCallback: msgId(36), err(0)
E/RILD    (  250): ReceiveMessage: svc(UIM), msg(0x24:QMI_UIM_GET_FILE_ATTRIBUTES), indi(0), size(1108), err(0)
E/RILD    (  250): Result(0), Error(0)
E/RILD    (  250): RxSimIoGetResponse: fileSize: 255 fileId: 0x6f02 fileType: 0 recordSize: 0 recordCount: 0
E/RILD    (  250): RxSimIoGetResponse: for fileId: 0x6f02 sw1: 0x90 sw2: 0x0 len: 15
E/RILD    (  250): SIM-MGR: evt(201)
E/RILD    (  250): SIM-MGR: evt(101)
E/RILD    (  250): TxSimIo: cmd:0xb0, fileId:0x6f38, path:?, p1:0, p2:0, p3:10 convPath: 3f007fff convAid: a0000000871002ffffffff8906190000
E/RILD    (  250): TxSimIoReadBinary: for fileId: 0x6f38 session type: 0 firstLevelDfPath: 0x7fff
E/RILD    (  250): SendMessage: svc(UIM), msg(0x20:QMI_UIM_READ_TRANSPARENT), sync(0), internal(0), size(76)
D/RIL-QMI (  245): qmuxd: RX 69 bytes on fd=23 from qmux_client_id=1
D/RIL-QMI (  245): [SMDPORT] >> BEFORE, Write SMD Port [fd = 10] [msg_len = 35]
D/RIL-QMI (  245): [SMDPORT] << AFTER, Write SMD Port [rc = 0]
D/RILJ    ( 1358): [3693]< SIM_IO IccIoResponse sw1:0x90 sw2:0x0
D/RILJ    ( 1358): [3712]> iccIO: SIM_IO 0xb0 0x6f02  path: 3F007FFF,0,0,255 aid: A0000000871004FFFFFFFF8907030000
E/RIL-QMI (  245): [SMDPORT] >> BEFORE, Read SMD Port [fd = 10]
E/RIL-QMI (  245): [SMDPORT] << AFTER, Read SMD Port [num_read = 94] [errno = 25]
D/RIL-QMI (  245): qmuxd: TX message on fd=23, to qmux_client_id=1, len=128
E/RILD    (  250): QmiSolicitedCallback: msgId(36), err(0)
E/RILD    (  250): ReceiveMessage: svc(UIM), msg(0x24:QMI_UIM_GET_FILE_ATTRIBUTES), indi(0), size(1108), err(0)
E/RILD    (  250): Result(0), Error(0)
E/RILD    (  250): RxSimIoGetResponse: fileSize: 330 fileId: 0x6f04 fileType: 2 recordSize: 66 recordCount: 5
E/RILD    (  250): RxSimIoGetResponse: for fileId: 0x6f04 sw1: 0x90 sw2: 0x0 len: 15
E/RILD    (  250): SIM-MGR: evt(201)
E/RILD    (  250): SIM-MGR: evt(101)
E/RILD    (  250): TxSimIo: cmd:0xb0, fileId:0x6f3e, path:?, p1:0, p2:0, p3:2 convPath: 3f007fff convAid: a0000000871002ffffffff8906190000
E/RILD    (  250): TxSimIoReadBinary: for fileId: 0x6f3e session type: 0 firstLevelDfPath: 0x7fff
E/RILD    (  250): SendMessage: svc(UIM), msg(0x20:QMI_UIM_READ_TRANSPARENT), sync(0), internal(0), size(76)
D/RIL-QMI (  245): qmuxd: RX 69 bytes on fd=23 from qmux_client_id=1
D/RIL-QMI (  245): [SMDPORT] >> BEFORE, Write SMD Port [fd = 10] [msg_len = 35]
D/RIL-QMI (  245): [SMDPORT] << AFTER, Write SMD Port [rc = 0]
