E/RILD    (  250): IsEsmFlagZeroNetwork: 310260 operator ESM flag 1
E/RILD    (  250): getPreferredApnId(): preferredApnId = 637
E/RILD    (  250): db prepare error
E/RILD    (  250): IsAttachApnChanged: Failed to load attach apn
E/RILD    (  250): RefreshAttachApn: read Attach Apn from DB failed
E/RILD    (  250): RefreshAttachApn: delete prev retry event and set retry after 1sec
E/RIL-QMI (  245): [SMDPORT] >> BEFORE, Read SMD Port [fd = 10]
E/RIL-QMI (  245): [SMDPORT] << AFTER, Read SMD Port [num_read = 22] [errno = 25]
D/RIL-QMI (  245): qmuxd: TX message on fd=23, to qmux_client_id=1, len=56
E/RILD    (  250): QmiUnsolicitedCallback: msgId(83)
E/RILD    (  250): ReceiveMessage: svc(NAS), msg(0x53:QMI_NAS_ERR_RATE_IND), indi(1), size(14), err(0)
E/RILD    (  250): IsConsideredRegistered: cs 1x(0), gsm(13), wcdma(2), lte(2), hdr(0), Td(0)
E/RILD    (  250): IsConsideredRegistered: Cache hit 1
E/RILD    (  250): need sig info-0, need err rate-0
E/RILD    (  250): GLNET-MGR: evt(201)
E/RILD    (  250): NET-MGR: EVENT_NETWORK_SIGNAL_STRENGTH
E/RILD    (  250): OnNetworkSignalStrength() - mSignalBar: 2
E/RILD    (  250): IsRegisteredNetworkType(): netType[1]  feature[00] state[0] 
E/RILD    (  250): LDC-MGR: evt(10002)
E/RILD    (  250): RefreshAttachApn: reason 5
E/RILD    (  250): IsEsmFlagZeroNetwork: 310260 operator ESM flag 1
E/RILD    (  250): getPreferredApnId(): preferredApnId = 637
E/RILD    (  250): db prepare error
E/RILD    (  250): IsAttachApnChanged: Failed to load attach apn
E/RILD    (  250): RefreshAttachApn: read Attach Apn from DB failed
E/RILD    (  250): RefreshAttachApn: delete prev retry event and set retry after 1sec
E/RIL-QMI (  245): [SMDPORT] >> BEFORE, Read SMD Port [fd = 10]
E/RIL-QMI (  245): [SMDPORT] << AFTER, Read SMD Port [num_read = 113] [errno = 25]
D/RIL-QMI (  245): qmuxd: TX message on fd=23, to qmux_client_id=1, len=147
E/RILD    (  250): QmiUnsolicitedCallback: msgId(78)
E/RILD    (  250): ReceiveMessage: svc(NAS), msg(0x4E:QMI_NAS_SYS_INFO_IND), indi(1), size(1060), err(0)
E/RILD    (  250): GetDataRegs: group( CDMA), reg(0)
E/RILD    (  250): GetDataRegs: group( EVDO), reg(0)
E/RILD    (  250): GetDataRegs: group(  GSM), reg(2)
E/RILD    (  250): GetDataRegs: group( UMTS), reg(2)
E/RILD    (  250): GetDataRegs: group(EHRPD), reg(0)
E/RILD    (  250): GetDataRegs: group(  LTE), reg(2)
E/RILD    (  250): GetDataRegs: group(TDSCDMA), reg(0)
E/RILD    (  250): [VoLTE] VoPS [0], EbSupport [0], EmergencyAccessBarred [0]
E/RILD    (  250): [CS] 1x reg [0], gsm reg [13], wcdma reg [2], lte reg [2], hdr reg [0], Td reg [0]
E/RILD    (  250): UpdateVoiceRte() - mVoiceRte(2), mVoiceRteConfidenceTag(2), mReportedLteSmsStatus(0)
E/RILD    (  250): UpdateDataRte: [PS] 1x reg [0], gsm reg [2], wcdma reg [2], lte reg [2], hdr reg [0], Td reg [0]
E/RILD    (  250): UpdateDataRte: pref_data_tech(0), radio_tech_flag(1)
E/RILD    (  250): UpdateDataRte: mDataRte(0), confidence(4)
E/RILD    (  250): UpdateImsRte: mImsRte(0), mImsRteConfidenceTag(4)
E/RILD    (  250): UpdateVoiceTech() - RteType: 1, VoiceRadioTech: 1 -> 1
E/RILD    (  250): GetVoiceSysInfo: regState(13), voiceRte(16), isRte3gpp(1)
E/RILD    (  250): cdmaCcsSupported: 0, SimulVoiceAndDataCapability Valid: 1, Value: 0
E/RILD    (  250): mReportedDataTechnology Valid: 0, Value: 0
E/RILD    (  250): .. VoPS: 0, EbSupport: 0, EmergencyBarring: 0
E/RILD    (  250): BuildVoiceRegState : rData->mTac : 0
E/RILD    (  250): RxSysInfoInd: sys info updated
E/RILD    (  250): IsConsideredRegistered: cs 1x(0), gsm(13), wcdma(2), lte(2), hdr(0), Td(0)
E/RILD    (  250): IsConsideredRegistered: Cache hit 1
E/RILD    (  250): need sig info-0, need err rate-0
E/RILD    (  250): mCurrentRestricedState = 0
E/RILD    (  250): cs_bar_status 3
E/RILD    (  250): UpdateRestrictedDetails nRestrictedStateDetail 0
E/RILD    (  250): GLNET-MGR: evt(201)
E/RILD    (  250): NET-MGR: EVENT_NETWORK_SIGNAL_STRENGTH
E/RILD    (  250): OnNetworkSignalStrength() - mSignalBar: 2
E/RILD    (  250): IsRegisteredNetworkType(): netType[1]  feature[00] state[0] 
E/RILD    (  250): GLNET-MGR: evt(200)
E/RILD    (  250): NET-MGR: EVENT_NETWORK_STATE_CHANGED
D/RILJ    ( 1358): [UNSL]< UNSOL_RESPONSE_VOICE_NETWORK_STATE_CHANGED
D/RILJ    ( 1358): [3743]> OPERATOR
D/RILJ    ( 1358): [3744]> DATA_REGISTRATION_STATE
E/RILD    (  250): GLNET-MGR: evt(108)
E/RILD    (  250): DoOperator():
E/RILD    (  250): IsRegisteredNetworkType(): netType[1]  feature[00] state[0] 
E/RILD    (  250): IsConsideredRegistered: Cache hit 1
E/RILD    (  250): IsInService: rat(2), service(0)
E/RILD    (  250): IsInService: rat(1), service(0)
E/RILD    (  250): GLNET-MGR: evt(109)
E/RILD    (  250): GNET-MGR: EVENT_OPERATOR_DONE
D/RILJ    ( 1358): [3745]> VOICE_REGISTRATION_STATE
D/RILJ    ( 1358): [3746]> QUERY_NETWORK_SELECTION_MODE
E/RILD    (  250): GLNET-MGR: evt(102)
E/RILD    (  250): DoDataNetRegState():
E/RILD    (  250): SendMessage: svc(NAS), msg(0x4D:QMI_NAS_GET_SYS_INFO), sync(1), internal(0), size(0)
D/RIL-QMI (  245): qmuxd: RX 47 bytes on fd=23 from qmux_client_id=1
D/RIL-QMI (  245): [SMDPORT] >> BEFORE, Write SMD Port [fd = 10] [msg_len = 13]
D/RIL-QMI (  245): [SMDPORT] << AFTER, Write SMD Port [rc = 0]
E/RIL-QMI (  245): [SMDPORT] >> BEFORE, Read SMD Port [fd = 10]
E/RIL-QMI (  245): [SMDPORT] << AFTER, Read SMD Port [num_read = 120] [errno = 25]
D/RIL-QMI (  245): qmuxd: TX message on fd=23, to qmux_client_id=1, len=154
E/RILD    (  250): ReceiveMessage: svc(NAS), msg(0x4D:QMI_NAS_GET_SYS_INFO), indi(0), size(1068), err(0)
E/RILD    (  250): Result(0), Error(0)
E/RILD    (  250): [VoLTE] VoPS [0], EbSupport [0], EmergencyAccessBarred [0]
E/RILD    (  250): [CS] 1x reg [0], gsm reg [13], wcdma reg [2], lte reg [2], hdr reg [0], Td reg [0]
E/RILD    (  250): UpdateVoiceRte() - mVoiceRte(2), mVoiceRteConfidenceTag(2), mReportedLteSmsStatus(0)
E/RILD    (  250): UpdateDataRte: [PS] 1x reg [0], gsm reg [2], wcdma reg [2], lte reg [2], hdr reg [0], Td reg [0]
E/RILD    (  250): UpdateDataRte: pref_data_tech(0), radio_tech_flag(1)
E/RILD    (  250): UpdateDataRte: mDataRte(0), confidence(4)
E/RILD    (  250): UpdateImsRte: mImsRte(0), mImsRteConfidenceTag(4)
E/RILD    (  250): UpdateVoiceTech() - RteType: 1, VoiceRadioTech: 1 -> 1
E/RILD    (  250): GetDataRegs: group( CDMA), reg(0)
E/RILD    (  250): GetDataRegs: group( EVDO), reg(0)
E/RILD    (  250): GetDataRegs: group(  GSM), reg(2)
E/RILD    (  250): GetDataRegs: group( UMTS), reg(2)
E/RILD    (  250): GetDataRegs: group(EHRPD), reg(0)
E/RILD    (  250): GetDataRegs: group(  LTE), reg(2)
E/RILD    (  250): GetDataRegs: group(TDSCDMA), reg(0)
E/RILD    (  250): BuildDataRegState: prefData(0) flag(1) networktype(0) radiotech(0) from WDS
E/RILD    (  250): BuildDataRegState: not registered..
E/RILD    (  250): BuildDataRegState: vrte(5), state(2), dataTechToReport(6)
E/RILD    (  250): BuildDataRegState: isRegistered : 0, dataTechToReport : 6
E/RILD    (  250): BuildDataRegState: pref data tech reg 2
E/RILD    (  250): BuildDataRegState() - VoPS: 0, EbSupport: 0, EmergencyBarring: 0
E/RILD    (  250): mConsideredDataTechnology Valid: 1, Value: 0
E/RILD    (  250): GLNET-MGR: evt(103)
E/RILD    (  250): NET-MGR: EVENT_DATA_NET_REG_STATE_DONE
E/RILD    (  250): it was rat 0 but it will be unknown owing to no service
E/RILD    (  250): GLNET-MGR: evt(100)
E/RILD    (  250): DoVoiceNetRegState():
E/RILD    (  250): IsRegisteredNetworkType(): netType[1]  feature[00] state[0] 
E/RILD    (  250): TxGetSysInfo: Cache hit!
E/RILD    (  250): GetVoiceSysInfo: regState(13), voiceRte(16), isRte3gpp(1)
E/RILD    (  250): cdmaCcsSupported: 0, SimulVoiceAndDataCapability Valid: 1, Value: 0
E/RILD    (  250): mReportedDataTechnology Valid: 0, Value: 0
E/RILD    (  250): .. VoPS: 0, EbSupport: 0, EmergencyBarring: 0
E/RILD    (  250): BuildVoiceRegState : rData->mTac : 0
E/RILD    (  250): GLNET-MGR: evt(101)
E/RILD    (  250): GNET-MGR: EVENT_VOICE_NET_REG_STATE_DONE
E/RILD    (  250): Hall IC - OFF
E/RILD    (  250): GLNET-MGR: evt(118)
E/RILD    (  250): DoGetNetSelectionMode():
E/RILD    (  250): GLNET-MGR: evt(119)
E/RILD    (  250): NET-MGR: EVENT_GET_NETWORK_SELECTION_MODE_DONE
D/RILJ    ( 1358): [3743]< OPERATOR {null, null, 310410, null}
D/RILJ    ( 1358): [3744]< DATA_REGISTRATION_STATE {2, 0000, 00000000, 0, null, 4}
D/PHONE   ( 1358): [ServiceState] setDataRegState=1
D/PHONE   ( 1358): [ServiceState] setDataRadioTechnology=0
D/GsmSST  ( 1358): [GsmSST] handlPollStateResultMessage: GsmSST setDataRegState=1 regState=2 dataRadioTechnology=0
D/RILJ    ( 1358): [3745]< VOICE_REGISTRATION_STATE {13, a047, 00001fff, 0, null, null, null, null, null, null, null, null, null, 13, null}
D/RILJ    ( 1358): [3746]< QUERY_NETWORK_SELECTION_MODE {0}
D/PHONE   ( 1358): [ServiceState] setVoiceRegState=1
E/PHONE   ( 1358): [ServiceState] setState deprecated use setVoiceRegState()
D/GsmSST  ( 1358): [GsmSST] Poll ServiceState done:  oldSS=[1 1 home null null 310410  Unknown Unknown CSS not supported -1 -1 RoamInd=-1 DefRoamInd=-1 EmergOnly=true] newSS=[1 1 home null null 310410  Unknown Unknown CSS not supported -1 -1 RoamInd=-1 DefRoamInd=-1 EmergOnly=true] oldMaxDataCalls=4 mNewMaxDataCalls=4 oldReasonDataDenied=-1 mNewReasonDataDenied=-1
D/PHONE   ( 1358): [ServiceState] setNullState=1
E/RILD    (  250): LDC-MGR: evt(10002)
E/RILD    (  250): RefreshAttachApn: reason 5
E/RILD    (  250): IsEsmFlagZeroNetwork: 310260 operator ESM flag 1
E/RILD    (  250): getPreferredApnId(): preferredApnId = 637
E/RILD    (  250): db prepare error
E/RILD    (  250): IsAttachApnChanged: Failed to load attach apn
E/RILD    (  250): RefreshAttachApn: read Attach Apn from DB failed
E/RILD    (  250): RefreshAttachApn: delete prev retry event and set retry after 1sec
E/RIL-QMI (  245): [SMDPORT] >> BEFORE, Read SMD Port [fd = 10]
E/RIL-QMI (  245): [SMDPORT] << AFTER, Read SMD Port [num_read = 49] [errno = 25]
D/RIL-QMI (  245): qmuxd: TX message on fd=23, to qmux_client_id=1, len=83
E/RILD    (  250): QmiUnsolicitedCallback: msgId(76)
E/RILD    (  250): ReceiveMessage: svc(NAS), msg(0x4C:QMI_NAS_NETWORK_TIME_IND), indi(1), size(32), err(0)
E/RILD    (  250): GLNET-MGR: evt(203)
E/RILD    (  250): NET-MGR: EVENT_NITZ_TIME_RECEIVED
E/RILD    (  250): targetMcc: 310
D/GsmSST  ( 1358): [GsmSST] NITZ: 14/08/31,18:34:16-28,01,310,310,118508 start=118508 delay=0
D/GsmSST  ( 1358): [GsmSST] setAndBroadcastNetworkSetTimeZone: setTimeZone=America/Los_Angeles
D/GsmSST  ( 1358): [GsmSST] setAndBroadcastNetworkSetTimeZone: call alarm.setTimeZone and broadcast zoneId=America/Los_Angeles
D/GsmSST  ( 1358): [GsmSST] NITZ: Setting time of day to Sun Aug 31 11:34:16 PDT 2014 NITZ receive delay(ms): 8 gained(ms): -597 from 14/08/31,18:34:16-28,01,310,310
I/GsmSST  ( 1358): NITZ: after Setting time of day
E/RILD    (  250): LDC-MGR: evt(10002)
E/RILD    (  250): RefreshAttachApn: reason 5
E/RILD    (  250): IsEsmFlagZeroNetwork: 310260 operator ESM flag 1
E/RILD    (  250): getPreferredApnId(): preferredApnId = 637
E/RILD    (  250): db prepare error
E/RILD    (  250): IsAttachApnChanged: Failed to load attach apn
E/RILD    (  250): RefreshAttachApn: read Attach Apn from DB failed
E/RILD    (  250): RefreshAttachApn: delete prev retry event and set retry after 1sec
D/GsmSST  ( 1358): [GsmSST] setAndBroadcastNetworkSetTime: time=1409510056008ms
E/RIL-QMI (  245): [SMDPORT] >> BEFORE, Read SMD Port [fd = 10]
E/RIL-QMI (  245): [SMDPORT] << AFTER, Read SMD Port [num_read = 113] [errno = 25]
D/RIL-QMI (  245): qmuxd: TX message on fd=23, to qmux_client_id=1, len=147
E/RILD    (  250): QmiUnsolicitedCallback: msgId(78)
E/RILD    (  250): ReceiveMessage: svc(NAS), msg(0x4E:QMI_NAS_SYS_INFO_IND), indi(1), size(1060), err(0)
E/RILD    (  250): GetDataRegs: group( CDMA), reg(0)
E/RILD    (  250): GetDataRegs: group( EVDO), reg(0)
E/RILD    (  250): GetDataRegs: group(  GSM), reg(2)
E/RILD    (  250): GetDataRegs: group( UMTS), reg(2)
E/RILD    (  250): GetDataRegs: group(EHRPD), reg(0)
E/RILD    (  250): GetDataRegs: group(  LTE), reg(2)
E/RILD    (  250): GetDataRegs: group(TDSCDMA), reg(0)
E/RILD    (  250): [VoLTE] VoPS [0], EbSupport [0], EmergencyAccessBarred [0]
E/RILD    (  250): [CS] 1x reg [0], gsm reg [13], wcdma reg [2], lte reg [2], hdr reg [0], Td reg [0]
E/RILD    (  250): UpdateVoiceRte() - mVoiceRte(2), mVoiceRteConfidenceTag(2), mReportedLteSmsStatus(0)
E/RILD    (  250): UpdateDataRte: [PS] 1x reg [0], gsm reg [2], wcdma reg [2], lte reg [2], hdr reg [0], Td reg [0]
E/RILD    (  250): UpdateDataRte: pref_data_tech(0), radio_tech_flag(1)
E/RILD    (  250): UpdateDataRte: mDataRte(0), confidence(4)
E/RILD    (  250): UpdateImsRte: mImsRte(0), mImsRteConfidenceTag(4)
E/RILD    (  250): UpdateVoiceTech() - RteType: 1, VoiceRadioTech: 1 -> 1
E/RILD    (  250): GetVoiceSysInfo: regState(13), voiceRte(16), isRte3gpp(1)
E/RILD    (  250): cdmaCcsSupported: 0, SimulVoiceAndDataCapability Valid: 1, Value: 0
E/RILD    (  250): mReportedDataTechnology Valid: 0, Value: 0
E/RILD    (  250): .. VoPS: 0, EbSupport: 0, EmergencyBarring: 0
E/RILD    (  250): BuildVoiceRegState : rData->mTac : 0
E/RILD    (  250): RxSysInfoInd: sys info updated
E/RILD    (  250): IsConsideredRegistered: cs 1x(0), gsm(13), wcdma(2), lte(2), hdr(0), Td(0)
E/RILD    (  250): IsConsideredRegistered: Cache hit 1
E/RILD    (  250): need sig info-0, need err rate-0
E/RILD    (  250): mCurrentRestricedState = 0
E/RILD    (  250): cs_bar_status 3
E/RILD    (  250): UpdateRestrictedDetails nRestrictedStateDetail 0
E/RILD    (  250): GLNET-MGR: evt(201)
E/RILD    (  250): NET-MGR: EVENT_NETWORK_SIGNAL_STRENGTH
E/RILD    (  250): OnNetworkSignalStrength() - mSignalBar: 2
E/RILD    (  250): IsRegisteredNetworkType(): netType[1]  feature[00] state[0] 
E/RILD    (  250): GLNET-MGR: evt(200)
E/RILD    (  250): NET-MGR: EVENT_NETWORK_STATE_CHANGED
D/RILJ    ( 1358): [UNSL]< UNSOL_RESPONSE_VOICE_NETWORK_STATE_CHANGED
E/RIL-QMI (  245): [SMDPORT] >> BEFORE, Read SMD Port [fd = 10]
E/RIL-QMI (  245): [SMDPORT] << AFTER, Read SMD Port [num_read = 113] [errno = 25]
D/RIL-QMI (  245): qmuxd: TX message on fd=23, to qmux_client_id=1, len=147
E/RILD    (  250): QmiUnsolicitedCallback: msgId(78)
E/RILD    (  250): ReceiveMessage: svc(NAS), msg(0x4E:QMI_NAS_SYS_INFO_IND), indi(1), size(1060), err(0)
E/RILD    (  250): GetDataRegs: group( CDMA), reg(0)
E/RILD    (  250): GetDataRegs: group( EVDO), reg(0)
E/RILD    (  250): GetDataRegs: group(  GSM), reg(2)
E/RILD    (  250): GetDataRegs: group( UMTS), reg(2)
E/RILD    (  250): GetDataRegs: group(EHRPD), reg(0)
E/RILD    (  250): GetDataRegs: group(  LTE), reg(2)
E/RILD    (  250): GetDataRegs: group(TDSCDMA), reg(0)
E/RILD    (  250): [VoLTE] VoPS [0], EbSupport [0], EmergencyAccessBarred [0]
E/RILD    (  250): [CS] 1x reg [0], gsm reg [12], wcdma reg [2], lte reg [2], hdr reg [0], Td reg [0]
E/RILD    (  250): UpdateVoiceRte() - mVoiceRte(2), mVoiceRteConfidenceTag(2), mReportedLteSmsStatus(0)
E/RILD    (  250): UpdateDataRte: [PS] 1x reg [0], gsm reg [2], wcdma reg [2], lte reg [2], hdr reg [0], Td reg [0]
E/RILD    (  250): UpdateDataRte: pref_data_tech(0), radio_tech_flag(1)
E/RILD    (  250): UpdateDataRte: mDataRte(0), confidence(4)
E/RILD    (  250): UpdateImsRte: mImsRte(0), mImsRteConfidenceTag(4)
E/RILD    (  250): UpdateVoiceTech() - RteType: 1, VoiceRadioTech: 1 -> 1
E/RILD    (  250): .. cs reject follow up on re-reg to ltd (idx: 2, cause: 13)
E/RILD    (  250): GetVoiceSysInfo: regState(12), voiceRte(16), isRte3gpp(1)
E/RILD    (  250): cdmaCcsSupported: 0, SimulVoiceAndDataCapability Valid: 1, Value: 0
E/RILD    (  250): mReportedDataTechnology Valid: 0, Value: 0
E/RILD    (  250): .. VoPS: 0, EbSupport: 0, EmergencyBarring: 0
E/RILD    (  250): BuildVoiceRegState : rData->mTac : 0
E/RILD    (  250): RxSysInfoInd: sys info updated
E/RILD    (  250): IsConsideredRegistered: cs 1x(0), gsm(12), wcdma(2), lte(2), hdr(0), Td(0)
E/RILD    (  250): IsConsideredRegistered: Cache hit 1
E/RILD    (  250): need sig info-0, need err rate-0
E/RILD    (  250): mCurrentRestricedState = 0
E/RILD    (  250): cs_bar_status 3
E/RILD    (  250): UpdateRestrictedDetails nRestrictedStateDetail 0
E/RILD    (  250): GLNET-MGR: evt(201)
E/RILD    (  250): NET-MGR: EVENT_NETWORK_SIGNAL_STRENGTH
E/RILD    (  250): OnNetworkSignalStrength() - mSignalBar: 2
E/RILD    (  250): IsRegisteredNetworkType(): netType[1]  feature[00] state[0] 
E/RILD    (  250): GLNET-MGR: evt(200)
E/RILD    (  250): NET-MGR: EVENT_NETWORK_STATE_CHANGED
E/RILD    (  250): OnNetworkStateChanged(): Don't send UNSOL_RESPONSE_VOICE_NETWORK_STATE_CHANGED (1)
D/RILJ    ( 1358): [3747]> OPERATOR
D/RILJ    ( 1358): [3748]> DATA_REGISTRATION_STATE
E/RILD    (  250): GLNET-MGR: evt(108)
E/RILD    (  250): DoOperator():
E/RILD    (  250): IsRegisteredNetworkType(): netType[1]  feature[00] state[0] 
E/RILD    (  250): IsConsideredRegistered: Cache hit 1
E/RILD    (  250): IsInService: rat(2), service(0)
E/RILD    (  250): IsInService: rat(1), service(0)
E/RILD    (  250): GLNET-MGR: evt(109)
E/RILD    (  250): GNET-MGR: EVENT_OPERATOR_DONE
D/RILJ    ( 1358): [3749]> VOICE_REGISTRATION_STATE
D/RILJ    ( 1358): [3747]< OPERATOR {null, null, 310410, null}
E/RILD    (  250): GLNET-MGR: evt(102)
E/RILD    (  250): DoDataNetRegState():
E/RILD    (  250): SendMessage: svc(NAS), msg(0x4D:QMI_NAS_GET_SYS_INFO), sync(1), internal(0), size(0)
D/RIL-QMI (  245): qmuxd: RX 47 bytes on fd=23 from qmux_client_id=1
D/RIL-QMI (  245): [SMDPORT] >> BEFORE, Write SMD Port [fd = 10] [msg_len = 13]
D/RIL-QMI (  245): [SMDPORT] << AFTER, Write SMD Port [rc = 0]
D/RILJ    ( 1358): [3750]> QUERY_NETWORK_SELECTION_MODE
E/RIL-QMI (  245): [SMDPORT] >> BEFORE, Read SMD Port [fd = 10]
E/RIL-QMI (  245): [SMDPORT] << AFTER, Read SMD Port [num_read = 113] [errno = 25]
D/RIL-QMI (  245): qmuxd: TX message on fd=23, to qmux_client_id=1, len=147
E/RIL-QMI (  245): [SMDPORT] >> BEFORE, Read SMD Port [fd = 10]
E/RIL-QMI (  245): [SMDPORT] << AFTER, Read SMD Port [num_read = 22] [errno = 25]
D/RIL-QMI (  245): qmuxd: TX message on fd=23, to qmux_client_id=1, len=56
E/RIL-QMI (  245): [SMDPORT] >> BEFORE, Read SMD Port [fd = 10]
E/RIL-QMI (  245): [SMDPORT] << AFTER, Read SMD Port [num_read = 113] [errno = 25]
D/RIL-QMI (  245): qmuxd: TX message on fd=23, to qmux_client_id=1, len=147
E/RIL-QMI (  245): [SMDPORT] >> BEFORE, Read SMD Port [fd = 10]
E/RIL-QMI (  245): [SMDPORT] << AFTER, Read SMD Port [num_read = 49] [errno = 25]
D/RIL-QMI (  245): qmuxd: TX message on fd=23, to qmux_client_id=1, len=83
E/RILD    (  250): QmiUnsolicitedCallback: msgId(78)
E/RILD    (  250): QmiUnsolicitedCallback: msgId(83)
E/RILD    (  250): ReceiveMessage: svc(NAS), msg(0x4E:QMI_NAS_SYS_INFO_IND), indi(1), size(1060), err(0)
E/RILD    (  250): GetDataRegs: group( CDMA), reg(0)
E/RILD    (  250): GetDataRegs: group( EVDO), reg(0)
E/RILD    (  250): GetDataRegs: group(  GSM), reg(2)
E/RILD    (  250): GetDataRegs: group( UMTS), reg(2)
E/RILD    (  250): QmiUnsolicitedCallback: msgId(78)
E/RILD    (  250): GetDataRegs: group(EHRPD), reg(0)
E/RILD    (  250): GetDataRegs: group(  LTE), reg(2)
E/RILD    (  250): GetDataRegs: group(TDSCDMA), reg(0)
E/RILD    (  250): [VoLTE] VoPS [0], EbSupport [0], EmergencyAccessBarred [0]
E/RILD    (  250): [CS] 1x reg [0], gsm reg [12], wcdma reg [2], lte reg [2], hdr reg [0], Td reg [0]
E/RILD    (  250): UpdateVoiceRte() - mVoiceRte(2), mVoiceRteConfidenceTag(2), mReportedLteSmsStatus(0)
E/RILD    (  250): QmiUnsolicitedCallback: msgId(76)
E/RILD    (  250): UpdateDataRte: [PS] 1x reg [0], gsm reg [2], wcdma reg [2], lte reg [2], hdr reg [0], Td reg [0]
E/RILD    (  250): UpdateDataRte: pref_data_tech(0), radio_tech_flag(1)
E/RILD    (  250): UpdateDataRte: mDataRte(0), confidence(4)
E/RILD    (  250): UpdateImsRte: mImsRte(0), mImsRteConfidenceTag(4)
E/RILD    (  250): UpdateVoiceTech() - RteType: 1, VoiceRadioTech: 1 -> 1
E/RILD    (  250): .. cs reject follow up on re-reg to ltd (idx: 2, cause: 13)
E/RILD    (  250): GetVoiceSysInfo: regState(12), voiceRte(16), isRte3gpp(1)
E/RILD    (  250): cdmaCcsSupported: 0, SimulVoiceAndDataCapability Valid: 1, Value: 0
E/RILD    (  250): mReportedDataTechnology Valid: 0, Value: 0
E/RIL-QMI (  245): [SMDPORT] >> BEFORE, Read SMD Port [fd = 10]
E/RILD    (  250): .. VoPS: 0, EbSupport: 0, EmergencyBarring: 0
E/RILD    (  250): BuildVoiceRegState : rData->mTac : 0
E/RILD    (  250): RxSysInfoInd: sys info updated
E/RILD    (  250): IsConsideredRegistered: cs 1x(0), gsm(12), wcdma(2), lte(2), hdr(0), Td(0)
E/RIL-QMI (  245): [SMDPORT] << AFTER, Read SMD Port [num_read = 120] [errno = 25]
E/RILD    (  250): IsConsideredRegistered: Cache hit 1
E/RILD    (  250): need sig info-0, need err rate-0
E/RILD    (  250): mCurrentRestricedState = 0
D/RIL-QMI (  245): qmuxd: TX message on fd=23, to qmux_client_id=1, len=154
E/RILD    (  250): cs_bar_status 3
E/RILD    (  250): UpdateRestrictedDetails nRestrictedStateDetail 0
E/RILD    (  250): ReceiveMessage: svc(NAS), msg(0x53:QMI_NAS_ERR_RATE_IND), indi(1), size(14), err(0)
E/RILD    (  250): IsConsideredRegistered: Cache hit 1
E/RILD    (  250): IsConsideredRegistered: Cache hit 1
E/RILD    (  250): need sig info-0, need err rate-0
E/RILD    (  250): ReceiveMessage: svc(NAS), msg(0x4E:QMI_NAS_SYS_INFO_IND), indi(1), size(1060), err(0)
E/RILD    (  250): GetDataRegs: group( CDMA), reg(0)
E/RILD    (  250): GetDataRegs: group( EVDO), reg(0)
E/RILD    (  250): GetDataRegs: group(  GSM), reg(2)
E/RILD    (  250): GetDataRegs: group( UMTS), reg(2)
E/RILD    (  250): GetDataRegs: group(EHRPD), reg(0)
E/RILD    (  250): GetDataRegs: group(  LTE), reg(2)
E/RILD    (  250): GetDataRegs: group(TDSCDMA), reg(0)
E/RILD    (  250): [VoLTE] VoPS [0], EbSupport [0], EmergencyAccessBarred [0]
E/RIL-QMI (  245): [SMDPORT] >> BEFORE, Read SMD Port [fd = 10]
E/RILD    (  250): [CS] 1x reg [0], gsm reg [1], wcdma reg [2], lte reg [2], hdr reg [0], Td reg [0]
E/RILD    (  250): UpdateVoiceRte() - mVoiceRte(2), mVoiceRteConfidenceTag(1), mReportedLteSmsStatus(0)
E/RILD    (  250): UpdateDataRte: [PS] 1x reg [0], gsm reg [2], wcdma reg [2], lte reg [2], hdr reg [0], Td reg [0]
E/RILD    (  250): UpdateDataRte: pref_data_tech(0), radio_tech_flag(1)
E/RILD    (  250): UpdateDataRte: mDataRte(0), confidence(4)
E/RILD    (  250): UpdateImsRte: mImsRte(0), mImsRteConfidenceTag(4)
E/RIL-QMI (  245): [SMDPORT] << AFTER, Read SMD Port [num_read = 78] [errno = 25]
E/RILD    (  250): UpdateVoiceTech() - RteType: 1, VoiceRadioTech: 1 -> 1
E/RILD    (  250): IsAnyRteChanged: rte changed, old and new rte snapshot:
E/RILD    (  250): rte voice(2), data(0), ims(0), voiceConf(2), dataConf(4), imsConf(4)
E/RILD    (  250): rte voice(2), data(0), ims(0), voiceConf(1), dataConf(4), imsConf(4)
E/RILD    (  250): [VoLTE] VoPS [0], EbSupport [0], EmergencyAccessBarred [0]
D/RIL-QMI (  245): qmuxd: TX message on fd=23, to qmux_client_id=1, len=112
E/RILD    (  250): [CS] 1x reg [0], gsm reg [1], wcdma reg [2], lte reg [2], hdr reg [0], Td reg [0]
E/RILD    (  250): UpdateVoiceRte() - mVoiceRte(2), mVoiceRteConfidenceTag(1), mReportedLteSmsStatus(0)
E/RILD    (  250): UpdateDataRte: [PS] 1x reg [0], gsm reg [2], wcdma reg [2], lte reg [2], hdr reg [0], Td reg [0]
E/RILD    (  250): UpdateDataRte: pref_data_tech(0), radio_tech_flag(1)
E/RILD    (  250): UpdateDataRte: mDataRte(0), confidence(4)
E/RILD    (  250): UpdateImsRte: mImsRte(0), mImsRteConfidenceTag(4)
E/RILD    (  250): UpdateVoiceTech() - RteType: 1, VoiceRadioTech: 1 -> 1
E/RILD    (  250): GetDataRegs: group( CDMA), reg(0)
E/RILD    (  250): GetDataRegs: group( EVDO), reg(0)
E/RILD    (  250): GetDataRegs: group(  GSM), reg(2)
E/RILD    (  250): QmiUnsolicitedCallback: msgId(97)
E/RILD    (  250): GetDataRegs: group( UMTS), reg(2)
E/RILD    (  250): GetDataRegs: group(EHRPD), reg(0)
E/RILD    (  250): GetDataRegs: group(  LTE), reg(2)
E/RILD    (  250): GetDataRegs: group(TDSCDMA), reg(0)
E/RILD    (  250): BuildDataRegState: prefData(0) flag(1) networktype(0) radiotech(0) from WDS
E/RILD    (  250): BuildDataRegState: not registered..
E/RILD    (  250): BuildDataRegState: vrte(5), state(2), dataTechToReport(6)
E/RILD    (  250): BuildDataRegState: isRegistered : 0, dataTechToReport : 6
E/RILD    (  250): BuildDataRegState: pref data tech reg 2
E/RILD    (  250): BuildDataRegState() - VoPS: 0, EbSupport: 0, EmergencyBarring: 0
E/RILD    (  250): mConsideredDataTechnology Valid: 1, Value: 0
E/RILD    (  250): RxSysInfoInd: DataRegState isn't changed.
E/RILD    (  250): GetVoiceSysInfo: regState(1), voiceRte(16), isRte3gpp(1)
E/RILD    (  250): IsConsideredRegistered: cs 1x(0), gsm(1), wcdma(2), lte(2), hdr(0), Td(0)
E/RILD    (  250): FindCurrentMccMnc: mcc(310), mnc(260)
E/RILD    (  250): cdmaCcsSupported: 0, SimulVoiceAndDataCapability Valid: 1, Value: 0
E/RILD    (  250): mReportedDataTechnology Valid: 0, Value: 0
E/RILD    (  250): .. VoPS: 0, EbSupport: 0, EmergencyBarring: 0
E/RILD    (  250): BuildVoiceRegState : rData->mTac : 0
E/RILD    (  250): RxSysInfoInd: VOICE_NETWORK_STATE_CHANGED: voice
E/RILD    (  250): IsConsideredRegistered: Cache hit 1
E/RILD    (  250): IsConsideredRegistered: Cache hit 1
E/RILD    (  250): need sig info-0, need err rate-0
E/RILD    (  250): mCurrentRestricedState = 0
E/RILD    (  250): cs_bar_status 3
E/RILD    (  250): UpdateRestrictedDetails nRestrictedStateDetail 0
E/RILD    (  250): ReceiveMessage: svc(NAS), msg(0x4C:QMI_NAS_NETWORK_TIME_IND), indi(1), size(32), err(0)
E/RILD    (  250): ReceiveMessage: svc(NAS), msg(0x61:QMI_NAS_CURRENT_PLMN_NAME_IND), indi(1), size(3832), err(0)
E/RILD    (  250): IsConsideredRegistered: Cache hit 1
E/RILD    (  250): IsConsideredRegistered: Cache hit 1
E/RILD    (  250): need sig info-0, need err rate-0
E/RILD    (  250): ReceiveMessage: svc(NAS), msg(0x4D:QMI_NAS_GET_SYS_INFO), indi(0), size(1068), err(0)
E/RILD    (  250): Result(0), Error(0)
E/RILD    (  250): [VoLTE] VoPS [0], EbSupport [0], EmergencyAccessBarred [0]
E/RILD    (  250): [CS] 1x reg [0], gsm reg [1], wcdma reg [2], lte reg [2], hdr reg [0], Td reg [0]
E/RILD    (  250): UpdateVoiceRte() - mVoiceRte(2), mVoiceRteConfidenceTag(1), mReportedLteSmsStatus(0)
E/RILD    (  250): UpdateDataRte: [PS] 1x reg [0], gsm reg [2], wcdma reg [2], lte reg [2], hdr reg [0], Td reg [0]
E/RILD    (  250): UpdateDataRte: pref_data_tech(0), radio_tech_flag(1)
E/RILD    (  250): UpdateDataRte: mDataRte(0), confidence(4)
E/RILD    (  250): UpdateImsRte: mImsRte(0), mImsRteConfidenceTag(4)
E/RILD    (  250): UpdateVoiceTech() - RteType: 1, VoiceRadioTech: 1 -> 1
E/RILD    (  250): GetDataRegs: group( CDMA), reg(0)
E/RILD    (  250): GetDataRegs: group( EVDO), reg(0)
E/RILD    (  250): GetDataRegs: group(  GSM), reg(2)
E/RILD    (  250): GetDataRegs: group( UMTS), reg(2)
E/RILD    (  250): GetDataRegs: group(EHRPD), reg(0)
E/RILD    (  250): GetDataRegs: group(  LTE), reg(2)
E/RILD    (  250): GetDataRegs: group(TDSCDMA), reg(0)
E/RILD    (  250): BuildDataRegState: prefData(0) flag(1) networktype(0) radiotech(0) from WDS
E/RILD    (  250): BuildDataRegState: not registered..
E/RILD    (  250): BuildDataRegState: vrte(5), state(2), dataTechToReport(6)
E/RILD    (  250): BuildDataRegState: isRegistered : 0, dataTechToReport : 6
E/RILD    (  250): BuildDataRegState: pref data tech reg 2
E/RILD    (  250): BuildDataRegState() - VoPS: 0, EbSupport: 0, EmergencyBarring: 0
E/RILD    (  250): mConsideredDataTechnology Valid: 1, Value: 0
E/RILD    (  250): GLNET-MGR: evt(201)
E/RILD    (  250): NET-MGR: EVENT_NETWORK_SIGNAL_STRENGTH
E/RILD    (  250): OnNetworkSignalStrength() - mSignalBar: 2
E/RILD    (  250): IsRegisteredNetworkType(): netType[1]  feature[00] state[0] 
E/RILD    (  250): GLNET-MGR: evt(200)
E/RILD    (  250): NET-MGR: EVENT_NETWORK_STATE_CHANGED
E/RILD    (  250): GLNET-MGR: evt(201)
E/RILD    (  250): NET-MGR: EVENT_NETWORK_SIGNAL_STRENGTH
E/RILD    (  250): OnNetworkSignalStrength() - mSignalBar: 2
E/RILD    (  250): IsRegisteredNetworkType(): netType[1]  feature[00] state[0] 
E/RILD    (  250): GLNET-MGR: evt(201)
E/RILD    (  250): NET-MGR: EVENT_NETWORK_SIGNAL_STRENGTH
E/RILD    (  250): OnNetworkSignalStrength() - mSignalBar: 2
E/RILD    (  250): IsRegisteredNetworkType(): netType[1]  feature[00] state[0] 
E/RILD    (  250): GLNET-MGR: evt(200)
E/RILD    (  250): NET-MGR: EVENT_NETWORK_STATE_CHANGED
E/RILD    (  250): OnNetworkStateChanged(): Don't send UNSOL_RESPONSE_VOICE_NETWORK_STATE_CHANGED (1)
E/RILD    (  250): GLNET-MGR: evt(203)
E/RILD    (  250): NET-MGR: EVENT_NITZ_TIME_RECEIVED
E/RILD    (  250): targetMcc: 310
E/RILD    (  250): GLNET-MGR: evt(201)
E/RILD    (  250): NET-MGR: EVENT_NETWORK_SIGNAL_STRENGTH
E/RILD    (  250): OnNetworkSignalStrength() - mSignalBar: 2
E/RILD    (  250): IsRegisteredNetworkType(): netType[1]  feature[00] state[0] 
E/RILD    (  250): GLNET-MGR: evt(103)
E/RILD    (  250): NET-MGR: EVENT_DATA_NET_REG_STATE_DONE
E/RILD    (  250): it was rat 0 but it will be unknown owing to no service
E/RILD    (  250): GLNET-MGR: evt(100)
E/RILD    (  250): DoVoiceNetRegState():
E/RILD    (  250): IsRegisteredNetworkType(): netType[1]  feature[00] state[0] 
E/RILD    (  250): TxGetSysInfo: Cache hit!
E/RILD    (  250): GetVoiceSysInfo: regState(1), voiceRte(16), isRte3gpp(1)
E/RILD    (  250): IsConsideredRegistered: cs 1x(0), gsm(1), wcdma(2), lte(2), hdr(0), Td(0)
E/RILD    (  250): FindCurrentMccMnc: mcc(310), mnc(260)
E/RILD    (  250): cdmaCcsSupported: 0, SimulVoiceAndDataCapability Valid: 1, Value: 0
E/RILD    (  250): mReportedDataTechnology Valid: 0, Value: 0
E/RILD    (  250): .. VoPS: 0, EbSupport: 0, EmergencyBarring: 0
E/RILD    (  250): BuildVoiceRegState : rData->mTac : 0
E/RILD    (  250): GLNET-MGR: evt(101)
E/RILD    (  250): GNET-MGR: EVENT_VOICE_NET_REG_STATE_DONE
D/RILJ    ( 1358): [UNSL]< UNSOL_RESPONSE_VOICE_NETWORK_STATE_CHANGED
E/RILD    (  250): Hall IC - ON
E/RILD    (  250): GLNET-MGR: evt(118)
E/RILD    (  250): DoGetNetSelectionMode():
E/RILD    (  250): GLNET-MGR: evt(119)
E/RILD    (  250): NET-MGR: EVENT_GET_NETWORK_SELECTION_MODE_DONE
D/RILJ    ( 1358): [3748]< DATA_REGISTRATION_STATE {2, 0000, 00000000, 0, null, 4}
D/RILJ    ( 1358): [3749]< VOICE_REGISTRATION_STATE {1, a192, 00007f6d, 16, null, null, null, null, null, null, null, null, null, null, null}
D/RILJ    ( 1358): [3750]< QUERY_NETWORK_SELECTION_MODE {0}
D/RILJ    ( 1358): [3751]> OPERATOR
D/RILJ    ( 1358): [3752]> DATA_REGISTRATION_STATE
E/RILD    (  250): GLNET-MGR: evt(108)
E/RILD    (  250): DoOperator():
E/RILD    (  250): IsRegisteredNetworkType(): netType[1]  feature[00] state[0] 
E/RILD    (  250): IsConsideredRegistered: Cache hit 1
E/RILD    (  250): IsInService: rat(2), service(1)
E/RILD    (  250): IsConsideredRegistered: Cache hit 1
E/RILD    (  250): FindCurrentMccMnc: mcc(310), mnc(260)
E/RILD    (  250): IsInService: rat(1), service(0)
E/RILD    (  250): GLNET-MGR: evt(109)
E/RILD    (  250): GNET-MGR: EVENT_OPERATOR_DONE
E/RILD    (  250): EVENT_OPERATOR_DONE (T-Mobile ,TMO,310260)
D/RILJ    ( 1358): [3751]< OPERATOR {T-Mobile , TMO, 310260, null}
E/RIL-QMI (  245): [SMDPORT] >> BEFORE, Read SMD Port [fd = 10]
E/RIL-QMI (  245): [SMDPORT] << AFTER, Read SMD Port [num_read = 36] [errno = 25]
D/RIL-QMI (  245): qmuxd: TX message on fd=23, to qmux_client_id=1, len=70
E/RILD    (  250): QmiWdsGlobalIndCallback: hndl(0x110100), ind ID(0x2)
E/RILD    (  250): ReceiveMessage: svc(WDS), msg(0x2:QMI_WDS_EVENT_REPORT), indi(1), size(152), err(0)
E/RILD    (  250): ProcessGlobalIndication: ind ID(0x2)
E/RILD    (  250): Event report mask (0x100)
E/RILD    (  250): WDS pref_network(0), num info(2), tech flag(1)
E/RILD    (  250): WDS cdma_rat_mask(0x8000), umts_rat_mask(0x8000), network(0)
E/RILD    (  250): WDS indication RadioTech(0), NetworkType(0) PrefRadioGroup(0) RadioTechFlag(2)
E/RILD    (  250): UpdateDataRte: [PS] 1x reg [0], gsm reg [2], wcdma reg [2], lte reg [2], hdr reg [0], Td reg [0]
E/RILD    (  250): UpdateDataRte: pref_data_tech(0), radio_tech_flag(2)
E/RILD    (  250): UpdateDataRte: mDataRte(0), confidence(4)
E/RILD    (  250): UpdateVoiceTech() - RteType: 1, VoiceRadioTech: 1 -> 1
E/RILD    (  250): mCurrentRestricedState = 0
E/RILD    (  250): cs_bar_status 3
E/RILD    (  250): UpdateRestrictedDetails nRestrictedStateDetail 0
E/RILD    (  250): GLNET-MGR: evt(102)
E/RILD    (  250): DoDataNetRegState():
E/RILD    (  250): SendMessage: svc(NAS), msg(0x4D:QMI_NAS_GET_SYS_INFO), sync(1), internal(0), size(0)
D/RIL-QMI (  245): qmuxd: RX 47 bytes on fd=23 from qmux_client_id=1
D/RIL-QMI (  245): [SMDPORT] >> BEFORE, Write SMD Port [fd = 10] [msg_len = 13]
D/RIL-QMI (  245): [SMDPORT] << AFTER, Write SMD Port [rc = 0]
D/RILJ    ( 1358): [3753]> VOICE_REGISTRATION_STATE
E/RIL-QMI (  245): [SMDPORT] >> BEFORE, Read SMD Port [fd = 10]
E/RIL-QMI (  245): [SMDPORT] << AFTER, Read SMD Port [num_read = 120] [errno = 25]
D/RIL-QMI (  245): qmuxd: TX message on fd=23, to qmux_client_id=1, len=154
E/RILD    (  250): ReceiveMessage: svc(NAS), msg(0x4D:QMI_NAS_GET_SYS_INFO), indi(0), size(1068), err(0)
E/RILD    (  250): Result(0), Error(0)
E/RILD    (  250): [VoLTE] VoPS [0], EbSupport [0], EmergencyAccessBarred [0]
E/RILD    (  250): [CS] 1x reg [0], gsm reg [1], wcdma reg [2], lte reg [2], hdr reg [0], Td reg [0]
E/RILD    (  250): UpdateVoiceRte() - mVoiceRte(2), mVoiceRteConfidenceTag(1), mReportedLteSmsStatus(0)
E/RILD    (  250): UpdateDataRte: [PS] 1x reg [0], gsm reg [2], wcdma reg [2], lte reg [2], hdr reg [0], Td reg [0]
E/RILD    (  250): UpdateDataRte: pref_data_tech(0), radio_tech_flag(2)
E/RILD    (  250): UpdateDataRte: mDataRte(0), confidence(4)
E/RILD    (  250): UpdateImsRte: mImsRte(0), mImsRteConfidenceTag(4)
E/RILD    (  250): UpdateVoiceTech() - RteType: 1, VoiceRadioTech: 1 -> 1
E/RILD    (  250): GetDataRegs: group( CDMA), reg(0)
E/RILD    (  250): GetDataRegs: group( EVDO), reg(0)
E/RILD    (  250): GetDataRegs: group(  GSM), reg(2)
E/RILD    (  250): GetDataRegs: group( UMTS), reg(2)
E/RILD    (  250): GetDataRegs: group(EHRPD), reg(0)
E/RILD    (  250): GetDataRegs: group(  LTE), reg(2)
E/RILD    (  250): GetDataRegs: group(TDSCDMA), reg(0)
E/RILD    (  250): BuildDataRegState: prefData(0) flag(2) networktype(0) radiotech(0) from WDS
E/RILD    (  250): BuildDataRegState: not registered..
E/RILD    (  250): BuildDataRegState: vrte(5), state(2), dataTechToReport(6)
E/RILD    (  250): BuildDataRegState: isRegistered : 0, dataTechToReport : 6
E/RILD    (  250): BuildDataRegState: pref data tech reg 2
E/RILD    (  250): BuildDataRegState() - VoPS: 0, EbSupport: 0, EmergencyBarring: 0
E/RILD    (  250): mConsideredDataTechnology Valid: 1, Value: 0
E/RILD    (  250): GLNET-MGR: evt(103)
E/RILD    (  250): NET-MGR: EVENT_DATA_NET_REG_STATE_DONE
E/RILD    (  250): it was rat 0 but it will be unknown owing to no service
D/RILJ    ( 1358): [3752]< DATA_REGISTRATION_STATE {2, 0000, 00000000, 0, null, 4}
D/RILJ    ( 1358): [3754]> QUERY_NETWORK_SELECTION_MODE
E/RILD    (  250): GLNET-MGR: evt(100)
E/RILD    (  250): DoVoiceNetRegState():
E/RILD    (  250): IsRegisteredNetworkType(): netType[1]  feature[00] state[0] 
E/RILD    (  250): TxGetSysInfo: Cache hit!
E/RILD    (  250): GetVoiceSysInfo: regState(1), voiceRte(16), isRte3gpp(1)
E/RILD    (  250): IsConsideredRegistered: cs 1x(0), gsm(1), wcdma(2), lte(2), hdr(0), Td(0)
E/RILD    (  250): FindCurrentMccMnc: mcc(310), mnc(260)
E/RILD    (  250): cdmaCcsSupported: 0, SimulVoiceAndDataCapability Valid: 1, Value: 0
E/RILD    (  250): mReportedDataTechnology Valid: 0, Value: 0
E/RILD    (  250): .. VoPS: 0, EbSupport: 0, EmergencyBarring: 0
E/RILD    (  250): BuildVoiceRegState : rData->mTac : 0
E/RILD    (  250): GLNET-MGR: evt(101)
E/RILD    (  250): GNET-MGR: EVENT_VOICE_NET_REG_STATE_DONE
E/RILD    (  250): Hall IC - ON
D/RILJ    ( 1358): [3753]< VOICE_REGISTRATION_STATE {1, a192, 00007f6d, 16, null, null, null, null, null, null, null, null, null, null, null}
E/RILD    (  250): GLNET-MGR: evt(118)
E/RILD    (  250): DoGetNetSelectionMode():
E/RILD    (  250): GLNET-MGR: evt(119)
E/RILD    (  250): NET-MGR: EVENT_GET_NETWORK_SELECTION_MODE_DONE
D/RILJ    ( 1358): [3754]< QUERY_NETWORK_SELECTION_MODE {0}
D/GsmSST  ( 1358): [GsmSST] NITZ: 14/08/31,18:34:16-28,01,310,310,119242 start=119253 delay=11
D/GsmSST  ( 1358): [GsmSST] setAndBroadcastNetworkSetTimeZone: setTimeZone=America/Los_Angeles
D/GsmSST  ( 1358): [GsmSST] setAndBroadcastNetworkSetTimeZone: call alarm.setTimeZone and broadcast zoneId=America/Los_Angeles
D/GsmSST  ( 1358): [GsmSST] NITZ: Setting time of day to Sun Aug 31 11:34:16 PDT 2014 NITZ receive delay(ms): 15 gained(ms): -731 from 14/08/31,18:34:16-28,01,310,310
I/GsmSST  ( 1358): NITZ: after Setting time of day
D/PHONE   ( 1358): [ServiceState] setDataRegState=1
D/PHONE   ( 1358): [ServiceState] setDataRadioTechnology=0
D/GsmSST  ( 1358): [GsmSST] handlPollStateResultMessage: GsmSST setDataRegState=1 regState=2 dataRadioTechnology=0
D/PHONE   ( 1358): [ServiceState] setVoiceRegState=0
E/PHONE   ( 1358): [ServiceState] setState deprecated use setVoiceRegState()
D/GsmSST  ( 1358): [GsmSST] Poll ServiceState done:  oldSS=[1 1 home null null 310410  Unknown Unknown CSS not supported -1 -1 RoamInd=-1 DefRoamInd=-1 EmergOnly=true] newSS=[0 1 home T-Mobile  TMO 310260  GSM Unknown CSS not supported -1 -1 RoamInd=-1 DefRoamInd=-1 EmergOnly=false] oldMaxDataCalls=4 mNewMaxDataCalls=4 oldReasonDataDenied=-1 mNewReasonDataDenied=-1
D/GsmSST  ( 1358): [GsmSST] RAT switched Unknown -> GSM at cell 32621
D/PHONE   ( 1358): [ServiceState] setNullState=1
D/PhoneProxy( 1358): [PhoneProxy] updatePhoneObject: radioTechnology=16
D/GsmSST  ( 1358): [GsmSST] pollStateDone: registering current mNitzUpdatedTime=true changing to false
D/GsmSST  ( 1358): [GsmSST] updateSpnDisplay: changed sending intent rule=2 showPlmn='true' plmn='T-Mobile ' showSpn='false' spn='null'
D/GsmSST  ( 1358): [GsmSST] pollStateDone: there are 6 unique offsets for iso-cc='us testOneUniqueOffsetPath=false', do nothing
D/GsmSST  ( 1358): [GsmSST] shouldFixTimeZoneNow: retVal=true iccCardExist=true operatorNumeric=310260 mcc=310 prevOperatorNumeric=310410 prevMcc=310 needToFixTimeZone=true ltod=08-31 11:34:16.026
D/GsmSST  ( 1358): [GsmSST] pollStateDone: fix time zone zoneName='America/Los_Angeles' mZoneOffset=-25200000 mZoneDst=true iso-cc='us' iso-cc-idx=-21
D/GsmSST  ( 1358): [GsmSST] pollStateDone: using getTimeZone(off, dst, time, iso)
D/GsmSST  ( 1358): [GsmSST] pollStateDone: zone != null zone.getID=America/Los_Angeles
D/GsmSST  ( 1358): [GsmSST] setAndBroadcastNetworkSetTimeZone: setTimeZone=America/Los_Angeles
D/GsmSST  ( 1358): [GsmSST] setAndBroadcastNetworkSetTimeZone: call alarm.setTimeZone and broadcast zoneId=America/Los_Angeles
D/GsmSST  ( 1358): [GsmSST] getCellLocation(): X good mCellLoc=[41362,32621,-1]
D/PhoneProxy( 1358): [PhoneProxy] phoneObjectUpdater: newVoiceRadioTech=16
D/PhoneProxy( 1358): [PhoneProxy] phoneObjectUpdater: No change ignore, newVoiceRadioTech=16 mActivePhone=GSM
D/GsmSST  ( 1358): [GsmSST] getCellLocation(): X good mCellLoc=[41362,32621,-1]
D/RILJ    ( 1358): [3755]> REQUEST_GET_NEIGHBORING_CELL_IDS
E/RILD    (  250): GMISC-MGR: evt(100)
D/RilRequest( 1358): [3755]< REQUEST_GET_NEIGHBORING_CELL_IDS error: com.android.internal.telephony.CommandException: REQUEST_NOT_SUPPORTED ret=null
D/GsmSST  ( 1358): [GsmSST] SST.getAllCellInfo(): not implemented
D/GsmSST  ( 1358): [GsmSST] SST.getAllCellInfo(): X size=0 list=null
D/GsmSST  ( 1358): [GsmSST] getCellLocation(): X good mCellLoc=[41362,32621,-1]
E/RILD    (  250): LDC-MGR: evt(10002)
E/RILD    (  250): RefreshAttachApn: reason 5
E/RILD    (  250): IsEsmFlagZeroNetwork: 310260 operator ESM flag 1
E/RILD    (  250): getPreferredApnId(): preferredApnId = 637
E/RILD    (  250): db prepare error
E/RILD    (  250): IsAttachApnChanged: Failed to load attach apn
E/RILD    (  250): RefreshAttachApn: read Attach Apn from DB failed
E/RILD    (  250): RefreshAttachApn: delete prev retry event and set retry after 1sec
D/GsmDCT  ( 1358): handleMessage msg={ when=0 what=270368 arg1=1 target=com.android.internal.telephony.dataconnection.DcTracker }
D/GsmSST  ( 1358): [GsmSST] setAndBroadcastNetworkSetTime: time=1409510056015ms
E/RIL-QMI (  245): [SMDPORT] >> BEFORE, Read SMD Port [fd = 10]
E/RIL-QMI (  245): [SMDPORT] << AFTER, Read SMD Port [num_read = 22] [errno = 25]
D/RIL-QMI (  245): qmuxd: TX message on fd=23, to qmux_client_id=1, len=56
E/RILD    (  250): QmiUnsolicitedCallback: msgId(83)
E/RILD    (  250): ReceiveMessage: svc(NAS), msg(0x53:QMI_NAS_ERR_RATE_IND), indi(1), size(14), err(0)
E/RILD    (  250): IsConsideredRegistered: Cache hit 1
E/RILD    (  250): IsConsideredRegistered: Cache hit 1
E/RILD    (  250): need sig info-0, need err rate-0
E/RILD    (  250): GLNET-MGR: evt(201)
E/RILD    (  250): NET-MGR: EVENT_NETWORK_SIGNAL_STRENGTH
E/RILD    (  250): OnNetworkSignalStrength() - mSignalBar: 2
E/RILD    (  250): IsRegisteredNetworkType(): netType[1]  feature[00] state[0] 
E/RILD    (  250): LDC-MGR: evt(10002)
E/RILD    (  250): RefreshAttachApn: reason 5
E/RILD    (  250): IsEsmFlagZeroNetwork: 310260 operator ESM flag 1
E/RILD    (  250): getPreferredApnId(): preferredApnId = 637
E/RILD    (  250): db prepare error
E/RILD    (  250): IsAttachApnChanged: Failed to load attach apn
E/RILD    (  250): RefreshAttachApn: read Attach Apn from DB failed
E/RILD    (  250): RefreshAttachApn: delete prev retry event and set retry after 1sec
E/RILD    (  250): LDC-MGR: evt(10002)
E/RILD    (  250): RefreshAttachApn: reason 5
E/RILD    (  250): IsEsmFlagZeroNetwork: 310260 operator ESM flag 1
E/RILD    (  250): getPreferredApnId(): preferredApnId = 637
E/RILD    (  250): db prepare error
E/RILD    (  250): IsAttachApnChanged: Failed to load attach apn
E/RILD    (  250): RefreshAttachApn: read Attach Apn from DB failed
E/RILD    (  250): RefreshAttachApn: delete prev retry event and set retry after 1sec
E/RIL-QMI (  245): [SMDPORT] >> BEFORE, Read SMD Port [fd = 10]
E/RIL-QMI (  245): [SMDPORT] << AFTER, Read SMD Port [num_read = 22] [errno = 25]
D/RIL-QMI (  245): qmuxd: TX message on fd=23, to qmux_client_id=1, len=56
E/RIL-QMI (  245): [SMDPORT] >> BEFORE, Read SMD Port [fd = 10]
E/RIL-QMI (  245): [SMDPORT] << AFTER, Read SMD Port [num_read = 127] [errno = 25]
D/RIL-QMI (  245): qmuxd: TX message on fd=23, to qmux_client_id=1, len=161
E/RILD    (  250): QmiUnsolicitedCallback: msgId(83)
E/RILD    (  250): QmiUnsolicitedCallback: msgId(78)
E/RILD    (  250): ReceiveMessage: svc(NAS), msg(0x53:QMI_NAS_ERR_RATE_IND), indi(1), size(14), err(0)
E/RILD    (  250): IsConsideredRegistered: Cache hit 1
E/RILD    (  250): IsConsideredRegistered: Cache hit 1
E/RILD    (  250): need sig info-0, need err rate-0
E/RILD    (  250): ReceiveMessage: svc(NAS), msg(0x4E:QMI_NAS_SYS_INFO_IND), indi(1), size(1060), err(0)
E/RILD    (  250): GetDataRegs: group( CDMA), reg(0)
E/RILD    (  250): GetDataRegs: group( EVDO), reg(0)
E/RILD    (  250): GetDataRegs: group(  GSM), reg(2)
E/RILD    (  250): GetDataRegs: group( UMTS), reg(2)
E/RILD    (  250): GetDataRegs: group(EHRPD), reg(0)
E/RILD    (  250): GetDataRegs: group(  LTE), reg(2)
E/RILD    (  250): GetDataRegs: group(TDSCDMA), reg(0)
E/RILD    (  250): [VoLTE] VoPS [0], EbSupport [0], EmergencyAccessBarred [0]
E/RILD    (  250): [CS] 1x reg [0], gsm reg [1], wcdma reg [2], lte reg [2], hdr reg [0], Td reg [0]
E/RILD    (  250): UpdateVoiceRte() - mVoiceRte(2), mVoiceRteConfidenceTag(1), mReportedLteSmsStatus(0)
E/RILD    (  250): UpdateDataRte: [PS] 1x reg [0], gsm reg [1], wcdma reg [2], lte reg [2], hdr reg [0], Td reg [0]
E/RILD    (  250): UpdateDataRte: pref_data_tech(0), radio_tech_flag(2)
E/RILD    (  250): UpdateDataRte: mDataRte(2), confidence(1)
E/RILD    (  250): UpdateImsRte: mImsRte(0), mImsRteConfidenceTag(4)
E/RILD    (  250): UpdateVoiceTech() - RteType: 1, VoiceRadioTech: 1 -> 1
E/RILD    (  250): IsAnyRteChanged: rte changed, old and new rte snapshot:
E/RILD    (  250): rte voice(2), data(0), ims(0), voiceConf(1), dataConf(4), imsConf(4)
E/RILD    (  250): rte voice(2), data(2), ims(0), voiceConf(1), dataConf(1), imsConf(4)
E/RILD    (  250): [VoLTE] VoPS [0], EbSupport [0], EmergencyAccessBarred [0]
E/RIL-QMI (  245): [SMDPORT] >> BEFORE, Read SMD Port [fd = 10]
E/RILD    (  250): [CS] 1x reg [0], gsm reg [1], wcdma reg [2], lte reg [2], hdr reg [0], Td reg [0]
E/RILD    (  250): UpdateVoiceRte() - mVoiceRte(2), mVoiceRteConfidenceTag(1), mReportedLteSmsStatus(0)
E/RILD    (  250): UpdateDataRte: [PS] 1x reg [0], gsm reg [1], wcdma reg [2], lte reg [2], hdr reg [0], Td reg [0]
E/RILD    (  250): UpdateDataRte: pref_data_tech(0), radio_tech_flag(2)
E/RILD    (  250): UpdateDataRte: mDataRte(2), confidence(1)
E/RIL-QMI (  245): [SMDPORT] << AFTER, Read SMD Port [num_read = 36] [errno = 25]
E/RILD    (  250): UpdateImsRte: mImsRte(0), mImsRteConfidenceTag(4)
E/RILD    (  250): UpdateVoiceTech() - RteType: 1, VoiceRadioTech: 1 -> 1
E/RILD    (  250): GetDataRegs: group( CDMA), reg(0)
E/RILD    (  250): GetDataRegs: group( EVDO), reg(0)
E/RILD    (  250): GetDataRegs: group(  GSM), reg(1)
E/RILD    (  250): GetDataRegs: group( UMTS), reg(2)
E/RILD    (  250): GetDataRegs: group(EHRPD), reg(0)
E/RILD    (  250): GetDataRegs: group(  LTE), reg(2)
D/RIL-QMI (  245): qmuxd: TX message on fd=23, to qmux_client_id=1, len=70
E/RILD    (  250): GetDataRegs: group(TDSCDMA), reg(0)
E/RILD    (  250): BuildDataRegState: prefData(0) flag(2) networktype(0) radiotech(0) from WDS
E/RILD    (  250): BuildDataRegState: not registered..
E/RILD    (  250): BuildDataRegState: vrte(5), state(2), dataTechToReport(6)
E/RILD    (  250): BuildDataRegState: isRegistered : 0, dataTechToReport : 6
E/RILD    (  250): BuildDataRegState: pref data tech reg 2
E/RILD    (  250): BuildDataRegState() - VoPS: 0, EbSupport: 0, EmergencyBarring: 0
E/RILD    (  250): mConsideredDataTechnology Valid: 1, Value: 0
E/RILD    (  250): RxSysInfoInd: DataRegState isn't changed.
E/RILD    (  250): QmiWdsGlobalIndCallback: hndl(0x110100), ind ID(0x2)
E/RILD    (  250): GetVoiceSysInfo: regState(1), voiceRte(16), isRte3gpp(1)
E/RILD    (  250): IsConsideredRegistered: cs 1x(0), gsm(1), wcdma(2), lte(2), hdr(0), Td(0)
E/RILD    (  250): FindCurrentMccMnc: mcc(310), mnc(260)
E/RILD    (  250): cdmaCcsSupported: 0, SimulVoiceAndDataCapability Valid: 1, Value: 0
E/RILD    (  250): mReportedDataTechnology Valid: 0, Value: 0
E/RILD    (  250): .. VoPS: 0, EbSupport: 0, EmergencyBarring: 0
E/RILD    (  250): BuildVoiceRegState : rData->mTac : 0
E/RILD    (  250): RxSysInfoInd: VoiceRegState isn't changed.
E/RILD    (  250): IsConsideredRegistered: Cache hit 1
E/RILD    (  250): IsConsideredRegistered: Cache hit 1
E/RILD    (  250): need sig info-0, need err rate-0
E/RILD    (  250): GLNET-MGR: evt(201)
E/RILD    (  250): NET-MGR: EVENT_NETWORK_SIGNAL_STRENGTH
E/RILD    (  250): OnNetworkSignalStrength() - mSignalBar: 2
E/RILD    (  250): IsRegisteredNetworkType(): netType[1]  feature[00] state[0] 
E/RILD    (  250): mCurrentRestricedState = 0
E/RILD    (  250): cs_bar_status 3
E/RILD    (  250): ps_bar_status 3
E/RILD    (  250): UpdateRestrictedDetails nRestrictedStateDetail 0
E/RILD    (  250): GLNET-MGR: evt(201)
E/RILD    (  250): NET-MGR: EVENT_NETWORK_SIGNAL_STRENGTH
E/RILD    (  250): OnNetworkSignalStrength() - mSignalBar: 2
E/RILD    (  250): IsRegisteredNetworkType(): netType[1]  feature[00] state[0] 
E/RILD    (  250): ReceiveMessage: svc(WDS), msg(0x2:QMI_WDS_EVENT_REPORT), indi(1), size(152), err(0)
E/RILD    (  250): ProcessGlobalIndication: ind ID(0x2)
E/RILD    (  250): Event report mask (0x100)
E/RILD    (  250): WDS pref_network(0), num info(2), tech flag(1)
E/RILD    (  250): WDS cdma_rat_mask(0x10), umts_rat_mask(0x10), network(0)
E/RILD    (  250): WDS indication RadioTech(2), NetworkType(0) PrefRadioGroup(3) RadioTechFlag(1)
E/RILD    (  250): UpdateDataRte: [PS] 1x reg [0], gsm reg [1], wcdma reg [2], lte reg [2], hdr reg [0], Td reg [0]
E/RILD    (  250): UpdateDataRte: pref_data_tech(3), radio_tech_flag(1)
E/RILD    (  250): UpdateDataRte: mDataRte(2), confidence(1)
E/RILD    (  250): GLNET-MGR: evt(200)
E/RILD    (  250): UpdateVoiceTech() - RteType: 1, VoiceRadioTech: 1 -> 1
E/RILD    (  250): NET-MGR: EVENT_NETWORK_STATE_CHANGED
E/RILD    (  250): mCurrentRestricedState = 0
E/RILD    (  250): cs_bar_status 3
E/RILD    (  250): ps_bar_status 3
E/RILD    (  250): UpdateRestrictedDetails nRestrictedStateDetail 0
D/RILJ    ( 1358): [UNSL]< UNSOL_RESPONSE_VOICE_NETWORK_STATE_CHANGED
D/RILJ    ( 1358): [3756]> OPERATOR
E/RILD    (  250): GLNET-MGR: evt(108)
E/RILD    (  250): DoOperator():
E/RILD    (  250): IsRegisteredNetworkType(): netType[1]  feature[00] state[0] 
E/RILD    (  250): IsConsideredRegistered: Cache hit 1
E/RILD    (  250): IsInService: rat(2), service(1)
E/RILD    (  250): IsConsideredRegistered: Cache hit 1
E/RILD    (  250): FindCurrentMccMnc: mcc(310), mnc(260)
E/RILD    (  250): IsInService: rat(1), service(0)
E/RILD    (  250): GLNET-MGR: evt(109)
E/RILD    (  250): GNET-MGR: EVENT_OPERATOR_DONE
E/RILD    (  250): EVENT_OPERATOR_DONE (T-Mobile ,TMO,310260)
D/RILJ    ( 1358): [3756]< OPERATOR {T-Mobile , TMO, 310260, null}
D/RILJ    ( 1358): [3757]> DATA_REGISTRATION_STATE
E/RILD    (  250): GLNET-MGR: evt(102)
E/RILD    (  250): DoDataNetRegState():
E/RILD    (  250): TxGetSysInfo: Cache hit!
E/RILD    (  250): GetDataRegs: group( CDMA), reg(0)
E/RILD    (  250): GetDataRegs: group( EVDO), reg(0)
E/RILD    (  250): GetDataRegs: group(  GSM), reg(1)
E/RILD    (  250): GetDataRegs: group( UMTS), reg(2)
E/RILD    (  250): GetDataRegs: group(EHRPD), reg(0)
E/RILD    (  250): GetDataRegs: group(  LTE), reg(2)
E/RILD    (  250): GetDataRegs: group(TDSCDMA), reg(0)
E/RILD    (  250): BuildDataRegState: prefData(3) flag(1) networktype(0) radiotech(2) from WDS
