D/RIL-QMI (  648): qmi_client [648] 2: calling release of fd=220
E/RIL-QMI (  245): qmuxd: RX on fd=22 returned error=0 errno[2:No such file or directory]
E/RIL-RAWDATA(  245): QMUX qmux_client_id=2 not found in qmux client list, unable to remove
D/RIL-QMI (  245): qmuxd: RX 904 bytes on fd=22 from qmux_client_id=3
D/RIL-QMI (  245): qmuxd: TX message on fd=22, to qmux_client_id=3, len=904
D/RIL-QMI (  245): qmuxd: RX 904 bytes on fd=22 from qmux_client_id=3
E/RIL-RAWDATA(  245): qmi_qmux_open_connection: connection is disabled for conn_id=21
E/RIL-RAWDATA(  245): qmi_qmux_tx_msg: failed to open inactive connd_id=21
E/RIL-RAWDATA(  245): qmi_qmux: TX failed, connection inactive or in reset, conn_id=21, status_flags=4
E/RIL-RAWDATA(  245): qmi_ctl_tx_msg: qmi_qmux_tx_msg failed
E/RIL-RAWDATA(  245): qmi_ctl_handle_request: qmi_ctl_tx_msg call failed
D/RIL-QMI (  245): qmuxd: TX message on fd=22, to qmux_client_id=3, len=904
D/RIL-QMI (  245): qmuxd: RX 904 bytes on fd=22 from qmux_client_id=3
E/RIL-RAWDATA(  245): qmi_qmux_open_connection: connection is disabled for conn_id=21
E/RIL-RAWDATA(  245): qmi_qmux_tx_msg: failed to open inactive connd_id=21
E/RIL-RAWDATA(  245): qmi_qmux: TX failed, connection inactive or in reset, conn_id=21, status_flags=4
E/RIL-RAWDATA(  245): qmi_ctl_tx_msg: qmi_qmux_tx_msg failed
E/RIL-RAWDATA(  245): qmi_ctl_handle_request: qmi_ctl_tx_msg call failed
D/RIL-QMI (  245): qmuxd: TX message on fd=22, to qmux_client_id=3, len=904
D/RIL-QMI (  245): qmuxd: RX 904 bytes on fd=22 from qmux_client_id=3
E/RIL-RAWDATA(  245): qmi_qmux_open_connection: connection is disabled for conn_id=40
E/RIL-RAWDATA(  245): qmi_qmux_tx_msg: failed to open inactive connd_id=40
E/RIL-RAWDATA(  245): qmi_qmux: TX failed, connection inactive or in reset, conn_id=40, status_flags=4
E/RIL-RAWDATA(  245): qmi_ctl_tx_msg: qmi_qmux_tx_msg failed
E/RIL-RAWDATA(  245): qmi_ctl_handle_request: qmi_ctl_tx_msg call failed
D/RIL-QMI (  245): qmuxd: TX message on fd=22, to qmux_client_id=3, len=904
D/RIL-QMI (  245): qmuxd: RX 904 bytes on fd=22 from qmux_client_id=3
E/RIL-RAWDATA(  245): qmi_qmux_open_connection: connection is disabled for conn_id=40
E/RIL-RAWDATA(  245): qmi_qmux_tx_msg: failed to open inactive connd_id=40
E/RIL-RAWDATA(  245): qmi_qmux: TX failed, connection inactive or in reset, conn_id=40, status_flags=4
E/RIL-RAWDATA(  245): qmi_ctl_tx_msg: qmi_qmux_tx_msg failed
E/RIL-RAWDATA(  245): qmi_ctl_handle_request: qmi_ctl_tx_msg call failed
D/RIL-QMI (  245): qmuxd: TX message on fd=22, to qmux_client_id=3, len=904
D/GsmSST  ( 1358): [GsmSST] getCellLocation(): X good mCellLoc=[41031,8191,-1]
D/RILJ    ( 1358): [3726]> REQUEST_GET_NEIGHBORING_CELL_IDS
E/RILD    (  250): GMISC-MGR: evt(100)
D/RilRequest( 1358): [3726]< REQUEST_GET_NEIGHBORING_CELL_IDS error: com.android.internal.telephony.CommandException: REQUEST_NOT_SUPPORTED ret=null
D/GsmSST  ( 1358): [GsmSST] SST.getAllCellInfo(): not implemented
D/GsmSST  ( 1358): [GsmSST] SST.getAllCellInfo(): X size=0 list=null
D/GsmSST  ( 1358): [GsmSST] getCellLocation(): X good mCellLoc=[41031,8191,-1]
D/GsmSST  ( 1358): [GsmSST] getCellLocation(): X good mCellLoc=[41031,8191,-1]
D/RILJ    ( 1358): [3727]> REQUEST_GET_NEIGHBORING_CELL_IDS
E/RILD    (  250): GMISC-MGR: evt(100)
D/RilRequest( 1358): [3727]< REQUEST_GET_NEIGHBORING_CELL_IDS error: com.android.internal.telephony.CommandException: REQUEST_NOT_SUPPORTED ret=null
D/GsmSST  ( 1358): [GsmSST] SST.getAllCellInfo(): not implemented
D/GsmSST  ( 1358): [GsmSST] SST.getAllCellInfo(): X size=0 list=null
D/GsmSST  ( 1358): [GsmSST] getCellLocation(): X good mCellLoc=[41031,8191,-1]
D/GsmSST  ( 1358): [GsmSST] getCellLocation(): X good mCellLoc=[41031,8191,-1]
D/RILJ    ( 1358): [3728]> REQUEST_GET_NEIGHBORING_CELL_IDS
E/RILD    (  250): GMISC-MGR: evt(100)
D/RilRequest( 1358): [3728]< REQUEST_GET_NEIGHBORING_CELL_IDS error: com.android.internal.telephony.CommandException: REQUEST_NOT_SUPPORTED ret=null
D/GsmSST  ( 1358): [GsmSST] SST.getAllCellInfo(): not implemented
D/GsmSST  ( 1358): [GsmSST] SST.getAllCellInfo(): X size=0 list=null
D/GsmSST  ( 1358): [GsmSST] getCellLocation(): X good mCellLoc=[41031,8191,-1]
E/RIL-QMI (  245): [SMDPORT] >> BEFORE, Read SMD Port [fd = 10]
E/RIL-QMI (  245): [SMDPORT] << AFTER, Read SMD Port [num_read = 113] [errno = 25]
D/RIL-QMI (  245): qmuxd: TX message on fd=23, to qmux_client_id=1, len=147
E/RIL-QMI (  245): [SMDPORT] >> BEFORE, Read SMD Port [fd = 10]
E/RIL-QMI (  245): [SMDPORT] << AFTER, Read SMD Port [num_read = 19] [errno = 25]
E/RILD    (  250): QmiUnsolicitedCallback: msgId(78)
D/RIL-QMI (  245): qmuxd: TX message on fd=23, to qmux_client_id=1, len=53
E/RILD    (  250): QmiUnsolicitedCallback: msgId(2)
E/RILD    (  250): ReceiveMessage: svc(NAS), msg(0x4E:QMI_NAS_SYS_INFO_IND), indi(1), size(1060), err(0)
E/RILD    (  250): GetDataRegs: group( CDMA), reg(0)
E/RILD    (  250): GetDataRegs: group( EVDO), reg(0)
E/RILD    (  250): GetDataRegs: group(  GSM), reg(2)
E/RILD    (  250): GetDataRegs: group( UMTS), reg(2)
E/RILD    (  250): GetDataRegs: group(EHRPD), reg(0)
E/RILD    (  250): GetDataRegs: group(  LTE), reg(2)
E/RILD    (  250): GetDataRegs: group(TDSCDMA), reg(0)
E/RILD    (  250): [VoLTE] VoPS [0], EbSupport [0], EmergencyAccessBarred [0]
E/RILD    (  250): [CS] 1x reg [0], gsm reg [13], wcdma reg [2], lte reg [2], hdr reg [0], Td reg [0]
E/RILD    (  250): UpdateVoiceRte() - mVoiceRte(2), mVoiceRteConfidenceTag(2), mReportedLteSmsStatus(0)
E/RILD    (  250): UpdateDataRte: [PS] 1x reg [0], gsm reg [2], wcdma reg [2], lte reg [2], hdr reg [0], Td reg [0]
E/RILD    (  250): UpdateDataRte: pref_data_tech(0), radio_tech_flag(1)
E/RILD    (  250): UpdateDataRte: mDataRte(0), confidence(4)
E/RILD    (  250): UpdateImsRte: mImsRte(0), mImsRteConfidenceTag(4)
E/RILD    (  250): UpdateVoiceTech() - RteType: 1, VoiceRadioTech: 1 -> 1
E/RILD    (  250): GetVoiceSysInfo: regState(13), voiceRte(16), isRte3gpp(1)
E/RILD    (  250): cdmaCcsSupported: 0, SimulVoiceAndDataCapability Valid: 1, Value: 0
E/RILD    (  250): mReportedDataTechnology Valid: 0, Value: 0
E/RILD    (  250): .. VoPS: 0, EbSupport: 0, EmergencyBarring: 0
E/RILD    (  250): BuildVoiceRegState : rData->mTac : 0
E/RILD    (  250): RxSysInfoInd: sys info updated
E/RILD    (  250): IsConsideredRegistered: cs 1x(0), gsm(13), wcdma(2), lte(2), hdr(0), Td(0)
E/RILD    (  250): IsConsideredRegistered: Cache hit 1
E/RILD    (  250): need sig info-0, need err rate-0
E/RILD    (  250): mCurrentRestricedState = 0
E/RILD    (  250): cs_bar_status 3
E/RILD    (  250): UpdateRestrictedDetails nRestrictedStateDetail 0
E/RILD    (  250): GLNET-MGR: evt(201)
E/RILD    (  250): NET-MGR: EVENT_NETWORK_SIGNAL_STRENGTH
E/RILD    (  250): OnNetworkSignalStrength() - mSignalBar: 2
E/RILD    (  250): IsRegisteredNetworkType(): netType[1]  feature[00] state[0] 
E/RILD    (  250): ReceiveMessage: svc(NAS), msg(0x2:QMI_NAS_SET_EVENT_REPORT), indi(1), size(3156), err(0)
E/RILD    (  250): RxSetEventReport: Receive event report indication
E/RILD    (  250): UpdateEventReport: reject_cause(13)
E/RILD    (  250): GLNET-MGR: evt(200)
E/RILD    (  250): NET-MGR: EVENT_NETWORK_STATE_CHANGED
D/RILJ    ( 1358): [UNSL]< UNSOL_RESPONSE_VOICE_NETWORK_STATE_CHANGED
D/RILJ    ( 1358): [3729]> OPERATOR
D/RILJ    ( 1358): [3730]> DATA_REGISTRATION_STATE
E/RILD    (  250): GLNET-MGR: evt(108)
E/RILD    (  250): DoOperator():
E/RILD    (  250): IsRegisteredNetworkType(): netType[1]  feature[00] state[0] 
E/RILD    (  250): IsConsideredRegistered: Cache hit 1
E/RILD    (  250): IsInService: rat(2), service(0)
E/RILD    (  250): IsInService: rat(1), service(0)
E/RILD    (  250): GLNET-MGR: evt(109)
E/RILD    (  250): GNET-MGR: EVENT_OPERATOR_DONE
D/RILJ    ( 1358): [3731]> VOICE_REGISTRATION_STATE
E/RILD    (  250): GLNET-MGR: evt(102)
E/RILD    (  250): DoDataNetRegState():
E/RILD    (  250): SendMessage: svc(NAS), msg(0x4D:QMI_NAS_GET_SYS_INFO), sync(1), internal(0), size(0)
D/RILJ    ( 1358): [3729]< OPERATOR {null, null, 310410, null}
D/RIL-QMI (  245): qmuxd: RX 47 bytes on fd=23 from qmux_client_id=1
D/RIL-QMI (  245): [SMDPORT] >> BEFORE, Write SMD Port [fd = 10] [msg_len = 13]
D/RIL-QMI (  245): [SMDPORT] << AFTER, Write SMD Port [rc = 0]
E/RIL-QMI (  245): [SMDPORT] >> BEFORE, Read SMD Port [fd = 10]
E/RIL-QMI (  245): [SMDPORT] << AFTER, Read SMD Port [num_read = 120] [errno = 25]
D/RIL-QMI (  245): qmuxd: TX message on fd=23, to qmux_client_id=1, len=154
E/RILD    (  250): ReceiveMessage: svc(NAS), msg(0x4D:QMI_NAS_GET_SYS_INFO), indi(0), size(1068), err(0)
E/RILD    (  250): Result(0), Error(0)
E/RILD    (  250): [VoLTE] VoPS [0], EbSupport [0], EmergencyAccessBarred [0]
E/RILD    (  250): [CS] 1x reg [0], gsm reg [13], wcdma reg [2], lte reg [2], hdr reg [0], Td reg [0]
E/RILD    (  250): UpdateVoiceRte() - mVoiceRte(2), mVoiceRteConfidenceTag(2), mReportedLteSmsStatus(0)
E/RILD    (  250): UpdateDataRte: [PS] 1x reg [0], gsm reg [2], wcdma reg [2], lte reg [2], hdr reg [0], Td reg [0]
E/RILD    (  250): UpdateDataRte: pref_data_tech(0), radio_tech_flag(1)
E/RILD    (  250): UpdateDataRte: mDataRte(0), confidence(4)
E/RILD    (  250): UpdateImsRte: mImsRte(0), mImsRteConfidenceTag(4)
E/RILD    (  250): UpdateVoiceTech() - RteType: 1, VoiceRadioTech: 1 -> 1
D/RILJ    ( 1358): [3732]> QUERY_NETWORK_SELECTION_MODE
E/RILD    (  250): GetDataRegs: group( CDMA), reg(0)
E/RILD    (  250): GetDataRegs: group( EVDO), reg(0)
E/RILD    (  250): GetDataRegs: group(  GSM), reg(2)
E/RILD    (  250): GetDataRegs: group( UMTS), reg(2)
E/RILD    (  250): GetDataRegs: group(EHRPD), reg(0)
E/RILD    (  250): GetDataRegs: group(  LTE), reg(2)
E/RILD    (  250): GetDataRegs: group(TDSCDMA), reg(0)
E/RILD    (  250): BuildDataRegState: prefData(0) flag(1) networktype(0) radiotech(0) from WDS
E/RILD    (  250): BuildDataRegState: not registered..
E/RILD    (  250): BuildDataRegState: vrte(5), state(2), dataTechToReport(6)
E/RILD    (  250): BuildDataRegState: isRegistered : 0, dataTechToReport : 6
E/RILD    (  250): BuildDataRegState: pref data tech reg 2
E/RILD    (  250): BuildDataRegState() - VoPS: 0, EbSupport: 0, EmergencyBarring: 0
E/RILD    (  250): mConsideredDataTechnology Valid: 1, Value: 0
E/RILD    (  250): GLNET-MGR: evt(103)
E/RILD    (  250): NET-MGR: EVENT_DATA_NET_REG_STATE_DONE
E/RILD    (  250): it was rat 0 but it will be unknown owing to no service
E/RILD    (  250): GLNET-MGR: evt(100)
E/RILD    (  250): DoVoiceNetRegState():
E/RILD    (  250): IsRegisteredNetworkType(): netType[1]  feature[00] state[0] 
E/RILD    (  250): TxGetSysInfo: Cache hit!
E/RILD    (  250): GetVoiceSysInfo: regState(13), voiceRte(16), isRte3gpp(1)
E/RILD    (  250): cdmaCcsSupported: 0, SimulVoiceAndDataCapability Valid: 1, Value: 0
E/RILD    (  250): mReportedDataTechnology Valid: 0, Value: 0
E/RILD    (  250): .. VoPS: 0, EbSupport: 0, EmergencyBarring: 0
E/RILD    (  250): BuildVoiceRegState : rData->mTac : 0
E/RILD    (  250): GLNET-MGR: evt(101)
E/RILD    (  250): GNET-MGR: EVENT_VOICE_NET_REG_STATE_DONE
E/RILD    (  250): Hall IC - OFF
D/RILJ    ( 1358): [3730]< DATA_REGISTRATION_STATE {2, 0000, 00000000, 0, null, 4}
D/PHONE   ( 1358): [ServiceState] setDataRegState=1
D/PHONE   ( 1358): [ServiceState] setDataRadioTechnology=0
D/GsmSST  ( 1358): [GsmSST] handlPollStateResultMessage: GsmSST setDataRegState=1 regState=2 dataRadioTechnology=0
E/RILD    (  250): GLNET-MGR: evt(118)
E/RILD    (  250): DoGetNetSelectionMode():
E/RILD    (  250): GLNET-MGR: evt(119)
E/RILD    (  250): NET-MGR: EVENT_GET_NETWORK_SELECTION_MODE_DONE
D/RILJ    ( 1358): [3731]< VOICE_REGISTRATION_STATE {13, a047, 00001fff, 0, null, null, null, null, null, null, null, null, null, 13, null}
D/RILJ    ( 1358): [3732]< QUERY_NETWORK_SELECTION_MODE {0}
D/PHONE   ( 1358): [ServiceState] setVoiceRegState=1
E/PHONE   ( 1358): [ServiceState] setState deprecated use setVoiceRegState()
D/GsmSST  ( 1358): [GsmSST] Poll ServiceState done:  oldSS=[1 1 home null null 310410  Unknown Unknown CSS not supported -1 -1 RoamInd=-1 DefRoamInd=-1 EmergOnly=true] newSS=[1 1 home null null 310410  Unknown Unknown CSS not supported -1 -1 RoamInd=-1 DefRoamInd=-1 EmergOnly=true] oldMaxDataCalls=4 mNewMaxDataCalls=4 oldReasonDataDenied=-1 mNewReasonDataDenied=-1
D/PHONE   ( 1358): [ServiceState] setNullState=1
E/RIL-QMI (  245): [SMDPORT] >> BEFORE, Read SMD Port [fd = 10]
E/RIL-QMI (  245): [SMDPORT] << AFTER, Read SMD Port [num_read = 113] [errno = 25]
D/RIL-QMI (  245): qmuxd: TX message on fd=23, to qmux_client_id=1, len=147
E/RILD    (  250): QmiUnsolicitedCallback: msgId(78)
E/RILD    (  250): ReceiveMessage: svc(NAS), msg(0x4E:QMI_NAS_SYS_INFO_IND), indi(1), size(1060), err(0)
E/RILD    (  250): GetDataRegs: group( CDMA), reg(0)
E/RILD    (  250): GetDataRegs: group( EVDO), reg(0)
E/RILD    (  250): GetDataRegs: group(  GSM), reg(2)
E/RILD    (  250): GetDataRegs: group( UMTS), reg(2)
E/RILD    (  250): GetDataRegs: group(EHRPD), reg(0)
E/RILD    (  250): GetDataRegs: group(  LTE), reg(2)
E/RILD    (  250): GetDataRegs: group(TDSCDMA), reg(0)
E/RILD    (  250): [VoLTE] VoPS [0], EbSupport [0], EmergencyAccessBarred [0]
E/RILD    (  250): [CS] 1x reg [0], gsm reg [13], wcdma reg [2], lte reg [2], hdr reg [0], Td reg [0]
E/RILD    (  250): UpdateVoiceRte() - mVoiceRte(2), mVoiceRteConfidenceTag(2), mReportedLteSmsStatus(0)
E/RILD    (  250): UpdateDataRte: [PS] 1x reg [0], gsm reg [2], wcdma reg [2], lte reg [2], hdr reg [0], Td reg [0]
E/RILD    (  250): UpdateDataRte: pref_data_tech(0), radio_tech_flag(1)
E/RILD    (  250): UpdateDataRte: mDataRte(0), confidence(4)
E/RILD    (  250): UpdateImsRte: mImsRte(0), mImsRteConfidenceTag(4)
E/RILD    (  250): UpdateVoiceTech() - RteType: 1, VoiceRadioTech: 1 -> 1
E/RILD    (  250): GetVoiceSysInfo: regState(13), voiceRte(16), isRte3gpp(1)
E/RILD    (  250): cdmaCcsSupported: 0, SimulVoiceAndDataCapability Valid: 1, Value: 0
E/RILD    (  250): mReportedDataTechnology Valid: 0, Value: 0
E/RILD    (  250): .. VoPS: 0, EbSupport: 0, EmergencyBarring: 0
E/RILD    (  250): BuildVoiceRegState : rData->mTac : 0
E/RILD    (  250): RxSysInfoInd: sys info updated
E/RILD    (  250): IsConsideredRegistered: cs 1x(0), gsm(13), wcdma(2), lte(2), hdr(0), Td(0)
E/RILD    (  250): IsConsideredRegistered: Cache hit 1
E/RILD    (  250): need sig info-0, need err rate-0
E/RILD    (  250): mCurrentRestricedState = 0
E/RILD    (  250): cs_bar_status 3
E/RILD    (  250): UpdateRestrictedDetails nRestrictedStateDetail 0
E/RILD    (  250): GLNET-MGR: evt(201)
E/RILD    (  250): NET-MGR: EVENT_NETWORK_SIGNAL_STRENGTH
E/RILD    (  250): OnNetworkSignalStrength() - mSignalBar: 2
E/RILD    (  250): IsRegisteredNetworkType(): netType[1]  feature[00] state[0] 
E/RILD    (  250): GLNET-MGR: evt(200)
E/RILD    (  250): NET-MGR: EVENT_NETWORK_STATE_CHANGED
D/RILJ    ( 1358): [UNSL]< UNSOL_RESPONSE_VOICE_NETWORK_STATE_CHANGED
D/RILJ    ( 1358): [3733]> OPERATOR
D/RILJ    ( 1358): [3734]> DATA_REGISTRATION_STATE
E/RILD    (  250): GLNET-MGR: evt(108)
E/RILD    (  250): DoOperator():
E/RILD    (  250): IsRegisteredNetworkType(): netType[1]  feature[00] state[0] 
E/RILD    (  250): IsConsideredRegistered: Cache hit 1
E/RILD    (  250): IsInService: rat(2), service(0)
E/RILD    (  250): IsInService: rat(1), service(0)
E/RILD    (  250): GLNET-MGR: evt(109)
E/RILD    (  250): GNET-MGR: EVENT_OPERATOR_DONE
D/RILJ    ( 1358): [3733]< OPERATOR {null, null, 310410, null}
D/RILJ    ( 1358): [3735]> VOICE_REGISTRATION_STATE
E/RILD    (  250): GLNET-MGR: evt(102)
E/RILD    (  250): DoDataNetRegState():
E/RILD    (  250): SendMessage: svc(NAS), msg(0x4D:QMI_NAS_GET_SYS_INFO), sync(1), internal(0), size(0)
D/RIL-QMI (  245): qmuxd: RX 47 bytes on fd=23 from qmux_client_id=1
D/RIL-QMI (  245): [SMDPORT] >> BEFORE, Write SMD Port [fd = 10] [msg_len = 13]
D/RIL-QMI (  245): [SMDPORT] << AFTER, Write SMD Port [rc = 0]
D/RILJ    ( 1358): [3736]> QUERY_NETWORK_SELECTION_MODE
E/RIL-QMI (  245): [SMDPORT] >> BEFORE, Read SMD Port [fd = 10]
E/RIL-QMI (  245): [SMDPORT] << AFTER, Read SMD Port [num_read = 120] [errno = 25]
D/RIL-QMI (  245): qmuxd: TX message on fd=23, to qmux_client_id=1, len=154
E/RILD    (  250): ReceiveMessage: svc(NAS), msg(0x4D:QMI_NAS_GET_SYS_INFO), indi(0), size(1068), err(0)
E/RILD    (  250): Result(0), Error(0)
E/RILD    (  250): [VoLTE] VoPS [0], EbSupport [0], EmergencyAccessBarred [0]
E/RILD    (  250): [CS] 1x reg [0], gsm reg [13], wcdma reg [2], lte reg [2], hdr reg [0], Td reg [0]
E/RILD    (  250): UpdateVoiceRte() - mVoiceRte(2), mVoiceRteConfidenceTag(2), mReportedLteSmsStatus(0)
E/RILD    (  250): UpdateDataRte: [PS] 1x reg [0], gsm reg [2], wcdma reg [2], lte reg [2], hdr reg [0], Td reg [0]
E/RILD    (  250): UpdateDataRte: pref_data_tech(0), radio_tech_flag(1)
E/RILD    (  250): UpdateDataRte: mDataRte(0), confidence(4)
E/RILD    (  250): UpdateImsRte: mImsRte(0), mImsRteConfidenceTag(4)
E/RILD    (  250): UpdateVoiceTech() - RteType: 1, VoiceRadioTech: 1 -> 1
E/RILD    (  250): GetDataRegs: group( CDMA), reg(0)
E/RILD    (  250): GetDataRegs: group( EVDO), reg(0)
E/RILD    (  250): GetDataRegs: group(  GSM), reg(2)
E/RILD    (  250): GetDataRegs: group( UMTS), reg(2)
E/RILD    (  250): GetDataRegs: group(EHRPD), reg(0)
E/RILD    (  250): GetDataRegs: group(  LTE), reg(2)
E/RILD    (  250): GetDataRegs: group(TDSCDMA), reg(0)
E/RILD    (  250): BuildDataRegState: prefData(0) flag(1) networktype(0) radiotech(0) from WDS
E/RILD    (  250): BuildDataRegState: not registered..
E/RILD    (  250): BuildDataRegState: vrte(5), state(2), dataTechToReport(6)
E/RILD    (  250): BuildDataRegState: isRegistered : 0, dataTechToReport : 6
E/RILD    (  250): BuildDataRegState: pref data tech reg 2
E/RILD    (  250): BuildDataRegState() - VoPS: 0, EbSupport: 0, EmergencyBarring: 0
E/RILD    (  250): mConsideredDataTechnology Valid: 1, Value: 0
E/RILD    (  250): GLNET-MGR: evt(103)
E/RILD    (  250): NET-MGR: EVENT_DATA_NET_REG_STATE_DONE
E/RILD    (  250): it was rat 0 but it will be unknown owing to no service
E/RILD    (  250): GLNET-MGR: evt(100)
E/RILD    (  250): DoVoiceNetRegState():
E/RILD    (  250): IsRegisteredNetworkType(): netType[1]  feature[00] state[0] 
E/RILD    (  250): TxGetSysInfo: Cache hit!
E/RILD    (  250): GetVoiceSysInfo: regState(13), voiceRte(16), isRte3gpp(1)
E/RILD    (  250): cdmaCcsSupported: 0, SimulVoiceAndDataCapability Valid: 1, Value: 0
E/RILD    (  250): mReportedDataTechnology Valid: 0, Value: 0
E/RILD    (  250): .. VoPS: 0, EbSupport: 0, EmergencyBarring: 0
E/RILD    (  250): BuildVoiceRegState : rData->mTac : 0
E/RILD    (  250): GLNET-MGR: evt(101)
E/RILD    (  250): GNET-MGR: EVENT_VOICE_NET_REG_STATE_DONE
E/RILD    (  250): Hall IC - OFF
D/RILJ    ( 1358): [3734]< DATA_REGISTRATION_STATE {2, 0000, 00000000, 0, null, 4}
D/RILJ    ( 1358): [3735]< VOICE_REGISTRATION_STATE {13, a047, 00001fff, 0, null, null, null, null, null, null, null, null, null, 13, null}
E/RILD    (  250): GLNET-MGR: evt(118)
E/RILD    (  250): DoGetNetSelectionMode():
D/PHONE   ( 1358): [ServiceState] setDataRegState=1
D/PHONE   ( 1358): [ServiceState] setDataRadioTechnology=0
E/RILD    (  250): GLNET-MGR: evt(119)
D/GsmSST  ( 1358): [GsmSST] handlPollStateResultMessage: GsmSST setDataRegState=1 regState=2 dataRadioTechnology=0
E/RILD    (  250): NET-MGR: EVENT_GET_NETWORK_SELECTION_MODE_DONE
D/PHONE   ( 1358): [ServiceState] setVoiceRegState=1
E/PHONE   ( 1358): [ServiceState] setState deprecated use setVoiceRegState()
D/RILJ    ( 1358): [3736]< QUERY_NETWORK_SELECTION_MODE {0}
D/GsmSST  ( 1358): [GsmSST] Poll ServiceState done:  oldSS=[1 1 home null null 310410  Unknown Unknown CSS not supported -1 -1 RoamInd=-1 DefRoamInd=-1 EmergOnly=true] newSS=[1 1 home null null 310410  Unknown Unknown CSS not supported -1 -1 RoamInd=-1 DefRoamInd=-1 EmergOnly=true] oldMaxDataCalls=4 mNewMaxDataCalls=4 oldReasonDataDenied=-1 mNewReasonDataDenied=-1
D/PHONE   ( 1358): [ServiceState] setNullState=1
E/RIL-QMI (  245): [SMDPORT] >> BEFORE, Read SMD Port [fd = 10]
E/RIL-QMI (  245): [SMDPORT] << AFTER, Read SMD Port [num_read = 22] [errno = 25]
D/RIL-QMI (  245): qmuxd: TX message on fd=23, to qmux_client_id=1, len=56
E/RILD    (  250): QmiUnsolicitedCallback: msgId(83)
E/RILD    (  250): ReceiveMessage: svc(NAS), msg(0x53:QMI_NAS_ERR_RATE_IND), indi(1), size(14), err(0)
E/RILD    (  250): IsConsideredRegistered: cs 1x(0), gsm(13), wcdma(2), lte(2), hdr(0), Td(0)
E/RILD    (  250): IsConsideredRegistered: Cache hit 1
E/RILD    (  250): need sig info-0, need err rate-0
E/RILD    (  250): GLNET-MGR: evt(201)
E/RILD    (  250): NET-MGR: EVENT_NETWORK_SIGNAL_STRENGTH
E/RILD    (  250): OnNetworkSignalStrength() - mSignalBar: 2
E/RILD    (  250): IsRegisteredNetworkType(): netType[1]  feature[00] state[0] 
E/RILD    (  250): LDC-MGR: evt(10002)
E/RILD    (  250): RefreshAttachApn: reason 5
E/RILD    (  250): IsEsmFlagZeroNetwork: 310260 operator ESM flag 1
E/RILD    (  250): getPreferredApnId(): preferredApnId = 637
E/RILD    (  250): db prepare error
E/RILD    (  250): IsAttachApnChanged: Failed to load attach apn
E/RILD    (  250): RefreshAttachApn: read Attach Apn from DB failed
E/RILD    (  250): RefreshAttachApn: delete prev retry event and set retry after 1sec
D/SipBroadcastReceiver( 1358): onReceive: start auto registration
E/RILC    (  250): RIL_register: RIL version 7
E/RILD    (  250): Reader: TIMEOUT
E/RILD    (  250): LDC-MGR: evt(10002)
E/RILD    (  250): RefreshAttachApn: reason 5
E/RILD    (  250): IsEsmFlagZeroNetwork: 310260 operator ESM flag 1
E/RILD    (  250): getPreferredApnId(): preferredApnId = 637
E/RILD    (  250): db prepare error
E/RILD    (  250): IsAttachApnChanged: Failed to load attach apn
E/RILD    (  250): RefreshAttachApn: read Attach Apn from DB failed
E/RILD    (  250): RefreshAttachApn: delete prev retry event and set retry after 1sec
E/RILD    (  250): LDC-MGR: evt(10002)
E/RILD    (  250): RefreshAttachApn: reason 5
E/RILD    (  250): IsEsmFlagZeroNetwork: 310260 operator ESM flag 1
E/RILD    (  250): getPreferredApnId(): preferredApnId = 637
E/RILD    (  250): db prepare error
E/RILD    (  250): IsAttachApnChanged: Failed to load attach apn
E/RILD    (  250): RefreshAttachApn: read Attach Apn from DB failed
E/RILD    (  250): RefreshAttachApn: delete prev retry event and set retry after 1sec
E/RILD    (  250): LDC-MGR: evt(10002)
E/RILD    (  250): RefreshAttachApn: reason 5
E/RILD    (  250): IsEsmFlagZeroNetwork: 310260 operator ESM flag 1
E/RILD    (  250): getPreferredApnId(): preferredApnId = 637
E/RILD    (  250): db prepare error
E/RILD    (  250): IsAttachApnChanged: Failed to load attach apn
E/RILD    (  250): RefreshAttachApn: read Attach Apn from DB failed
E/RILD    (  250): RefreshAttachApn: delete prev retry event and set retry after 1sec
D/RIL-QMI (  245): qmuxd: RX 904 bytes on fd=22 from qmux_client_id=3
E/RIL-RAWDATA(  245): qmi_qmux_open_connection: connection is disabled for conn_id=21
E/RIL-RAWDATA(  245): qmi_qmux_tx_msg: failed to open inactive connd_id=21
E/RIL-RAWDATA(  245): qmi_qmux: TX failed, connection inactive or in reset, conn_id=21, status_flags=4
E/RIL-RAWDATA(  245): qmi_ctl_tx_msg: qmi_qmux_tx_msg failed
E/RIL-RAWDATA(  245): qmi_ctl_handle_request: qmi_ctl_tx_msg call failed
D/RIL-QMI (  245): qmuxd: TX message on fd=22, to qmux_client_id=3, len=904
D/RIL-QMI (  245): qmuxd: RX 904 bytes on fd=22 from qmux_client_id=3
E/RIL-RAWDATA(  245): qmi_qmux_open_connection: connection is disabled for conn_id=21
E/RIL-RAWDATA(  245): qmi_qmux_tx_msg: failed to open inactive connd_id=21
E/RIL-RAWDATA(  245): qmi_qmux: TX failed, connection inactive or in reset, conn_id=21, status_flags=4
E/RIL-RAWDATA(  245): qmi_ctl_tx_msg: qmi_qmux_tx_msg failed
E/RIL-RAWDATA(  245): qmi_ctl_handle_request: qmi_ctl_tx_msg call failed
D/RIL-QMI (  245): qmuxd: TX message on fd=22, to qmux_client_id=3, len=904
D/RIL-QMI (  245): qmuxd: RX 904 bytes on fd=22 from qmux_client_id=3
E/RIL-RAWDATA(  245): qmi_qmux_open_connection: connection is disabled for conn_id=40
E/RIL-RAWDATA(  245): qmi_qmux_tx_msg: failed to open inactive connd_id=40
E/RIL-RAWDATA(  245): qmi_qmux: TX failed, connection inactive or in reset, conn_id=40, status_flags=4
E/RIL-RAWDATA(  245): qmi_ctl_tx_msg: qmi_qmux_tx_msg failed
E/RIL-RAWDATA(  245): qmi_ctl_handle_request: qmi_ctl_tx_msg call failed
D/RIL-QMI (  245): qmuxd: TX message on fd=22, to qmux_client_id=3, len=904
D/RIL-QMI (  245): qmuxd: RX 904 bytes on fd=22 from qmux_client_id=3
E/RIL-RAWDATA(  245): qmi_qmux_open_connection: connection is disabled for conn_id=40
E/RIL-RAWDATA(  245): qmi_qmux_tx_msg: failed to open inactive connd_id=40
E/RIL-RAWDATA(  245): qmi_qmux: TX failed, connection inactive or in reset, conn_id=40, status_flags=4
E/RIL-RAWDATA(  245): qmi_ctl_tx_msg: qmi_qmux_tx_msg failed
E/RIL-RAWDATA(  245): qmi_ctl_handle_request: qmi_ctl_tx_msg call failed
D/RIL-QMI (  245): qmuxd: TX message on fd=22, to qmux_client_id=3, len=904
D/RIL-QMI (  245): qmuxd: RX 904 bytes on fd=22 from qmux_client_id=3
E/RIL-RAWDATA(  245): qmi_qmux_open_connection: connection is disabled for conn_id=21
E/RIL-RAWDATA(  245): qmi_qmux_tx_msg: failed to open inactive connd_id=21
E/RIL-RAWDATA(  245): qmi_qmux: TX failed, connection inactive or in reset, conn_id=21, status_flags=4
E/RIL-RAWDATA(  245): qmi_ctl_tx_msg: qmi_qmux_tx_msg failed
E/RIL-RAWDATA(  245): qmi_ctl_handle_request: qmi_ctl_tx_msg call failed
D/RIL-QMI (  245): qmuxd: TX message on fd=22, to qmux_client_id=3, len=904
D/RIL-QMI (  245): qmuxd: RX 904 bytes on fd=22 from qmux_client_id=3
E/RIL-RAWDATA(  245): qmi_qmux_open_connection: connection is disabled for conn_id=21
E/RIL-RAWDATA(  245): qmi_qmux_tx_msg: failed to open inactive connd_id=21
E/RIL-RAWDATA(  245): qmi_qmux: TX failed, connection inactive or in reset, conn_id=21, status_flags=4
E/RIL-RAWDATA(  245): qmi_ctl_tx_msg: qmi_qmux_tx_msg failed
E/RIL-RAWDATA(  245): qmi_ctl_handle_request: qmi_ctl_tx_msg call failed
D/RIL-QMI (  245): qmuxd: TX message on fd=22, to qmux_client_id=3, len=904
D/RIL-QMI (  245): qmuxd: RX 904 bytes on fd=22 from qmux_client_id=3
E/RIL-RAWDATA(  245): qmi_qmux_open_connection: connection is disabled for conn_id=40
E/RIL-RAWDATA(  245): qmi_qmux_tx_msg: failed to open inactive connd_id=40
E/RIL-RAWDATA(  245): qmi_qmux: TX failed, connection inactive or in reset, conn_id=40, status_flags=4
E/RIL-RAWDATA(  245): qmi_ctl_tx_msg: qmi_qmux_tx_msg failed
E/RIL-RAWDATA(  245): qmi_ctl_handle_request: qmi_ctl_tx_msg call failed
D/RIL-QMI (  245): qmuxd: TX message on fd=22, to qmux_client_id=3, len=904
D/RIL-QMI (  245): qmuxd: RX 904 bytes on fd=22 from qmux_client_id=3
E/RIL-RAWDATA(  245): qmi_qmux_open_connection: connection is disabled for conn_id=40
E/RIL-RAWDATA(  245): qmi_qmux_tx_msg: failed to open inactive connd_id=40
E/RIL-RAWDATA(  245): qmi_qmux: TX failed, connection inactive or in reset, conn_id=40, status_flags=4
E/RIL-RAWDATA(  245): qmi_ctl_tx_msg: qmi_qmux_tx_msg failed
E/RIL-RAWDATA(  245): qmi_ctl_handle_request: qmi_ctl_tx_msg call failed
D/RIL-QMI (  245): qmuxd: TX message on fd=22, to qmux_client_id=3, len=904
D/RIL-QMI (  245): qmuxd: RX 904 bytes on fd=22 from qmux_client_id=3
E/RIL-RAWDATA(  245): qmi_qmux_open_connection: connection is disabled for conn_id=21
E/RIL-RAWDATA(  245): qmi_qmux_tx_msg: failed to open inactive connd_id=21
E/RIL-RAWDATA(  245): qmi_qmux: TX failed, connection inactive or in reset, conn_id=21, status_flags=4
E/RIL-RAWDATA(  245): qmi_ctl_tx_msg: qmi_qmux_tx_msg failed
E/RIL-RAWDATA(  245): qmi_ctl_handle_request: qmi_ctl_tx_msg call failed
D/RIL-QMI (  245): qmuxd: TX message on fd=22, to qmux_client_id=3, len=904
D/RIL-QMI (  245): qmuxd: RX 904 bytes on fd=22 from qmux_client_id=3
E/RIL-RAWDATA(  245): qmi_qmux_open_connection: connection is disabled for conn_id=21
E/RIL-RAWDATA(  245): qmi_qmux_tx_msg: failed to open inactive connd_id=21
E/RIL-RAWDATA(  245): qmi_qmux: TX failed, connection inactive or in reset, conn_id=21, status_flags=4
E/RIL-RAWDATA(  245): qmi_ctl_tx_msg: qmi_qmux_tx_msg failed
E/RIL-RAWDATA(  245): qmi_ctl_handle_request: qmi_ctl_tx_msg call failed
D/RIL-QMI (  245): qmuxd: TX message on fd=22, to qmux_client_id=3, len=904
D/RIL-QMI (  245): qmuxd: RX 904 bytes on fd=22 from qmux_client_id=3
E/RIL-RAWDATA(  245): qmi_qmux_open_connection: connection is disabled for conn_id=40
E/RIL-RAWDATA(  245): qmi_qmux_tx_msg: failed to open inactive connd_id=40
E/RIL-RAWDATA(  245): qmi_qmux: TX failed, connection inactive or in reset, conn_id=40, status_flags=4
E/RIL-RAWDATA(  245): qmi_ctl_tx_msg: qmi_qmux_tx_msg failed
E/RIL-RAWDATA(  245): qmi_ctl_handle_request: qmi_ctl_tx_msg call failed
D/RIL-QMI (  245): qmuxd: TX message on fd=22, to qmux_client_id=3, len=904
D/RIL-QMI (  245): qmuxd: RX 904 bytes on fd=22 from qmux_client_id=3
E/RIL-RAWDATA(  245): qmi_qmux_open_connection: connection is disabled for conn_id=40
E/RIL-RAWDATA(  245): qmi_qmux_tx_msg: failed to open inactive connd_id=40
E/RIL-RAWDATA(  245): qmi_qmux: TX failed, connection inactive or in reset, conn_id=40, status_flags=4
E/RIL-RAWDATA(  245): qmi_ctl_tx_msg: qmi_qmux_tx_msg failed
E/RIL-RAWDATA(  245): qmi_ctl_handle_request: qmi_ctl_tx_msg call failed
D/RIL-QMI (  245): qmuxd: TX message on fd=22, to qmux_client_id=3, len=904
D/RIL-QMI (  245): qmuxd: RX 904 bytes on fd=22 from qmux_client_id=3
D/RIL-QMI (  245): qmuxd: TX message on fd=22, to qmux_client_id=3, len=904
D/RIL-QMI (  648): qmi_client [648] 3: Client release, writing pipe to kill read thread, fd = 198
E/RIL-QMI (  648): qmi_client [648] 3: failed to locate client data
D/RIL-QMI (  648): qmi_client [648] 3: calling release of fd=180
E/RIL-QMI (  245): qmuxd: RX on fd=22 returned error=0 errno[2:No such file or directory]
E/RIL-RAWDATA(  245): QMUX qmux_client_id=3 not found in qmux client list, unable to remove
E/RILD    (  250): LDC-MGR: evt(10002)
E/RILD    (  250): RefreshAttachApn: reason 5
E/RILD    (  250): IsEsmFlagZeroNetwork: 310260 operator ESM flag 1
E/RILD    (  250): getPreferredApnId(): preferredApnId = 637
E/RILD    (  250): db prepare error
E/RILD    (  250): IsAttachApnChanged: Failed to load attach apn
E/RILD    (  250): RefreshAttachApn: read Attach Apn from DB failed
E/RILD    (  250): RefreshAttachApn: delete prev retry event and set retry after 1sec
D/CAT     ( 1358): CatService: Return current sInstance
D/CAT     ( 1358): StkAppService: 5called on slot:0
D/CAT     ( 1358): StkAppService$ServiceHandler: OP_BOOT_COMPLETED
E/RILD    (  250): LDC-MGR: evt(10002)
E/RILD    (  250): RefreshAttachApn: reason 5
E/RILD    (  250): IsEsmFlagZeroNetwork: 310260 operator ESM flag 1
E/RILD    (  250): getPreferredApnId(): preferredApnId = 637
E/RILD    (  250): db prepare error
E/RILD    (  250): IsAttachApnChanged: Failed to load attach apn
E/RILD    (  250): RefreshAttachApn: read Attach Apn from DB failed
E/RILD    (  250): RefreshAttachApn: delete prev retry event and set retry after 1sec
E/RILD    (  250): LDC-MGR: evt(10002)
E/RILD    (  250): RefreshAttachApn: reason 5
E/RILD    (  250): IsEsmFlagZeroNetwork: 310260 operator ESM flag 1
E/RILD    (  250): getPreferredApnId(): preferredApnId = 637
E/RILD    (  250): db prepare error
E/RILD    (  250): IsAttachApnChanged: Failed to load attach apn
E/RILD    (  250): RefreshAttachApn: read Attach Apn from DB failed
E/RILD    (  250): RefreshAttachApn: delete prev retry event and set retry after 1sec
E/RILD    (  250): LDC-MGR: evt(10002)
E/RILD    (  250): RefreshAttachApn: reason 5
E/RILD    (  250): IsEsmFlagZeroNetwork: 310260 operator ESM flag 1
E/RILD    (  250): getPreferredApnId(): preferredApnId = 637
E/RILD    (  250): db prepare error
E/RILD    (  250): IsAttachApnChanged: Failed to load attach apn
E/RILD    (  250): RefreshAttachApn: read Attach Apn from DB failed
E/RILD    (  250): RefreshAttachApn: delete prev retry event and set retry after 1sec
E/RILD    (  250): LDC-MGR: evt(10002)
E/RILD    (  250): RefreshAttachApn: reason 5
E/RILD    (  250): IsEsmFlagZeroNetwork: 310260 operator ESM flag 1
E/RILD    (  250): getPreferredApnId(): preferredApnId = 637
E/RILD    (  250): db prepare error
E/RILD    (  250): IsAttachApnChanged: Failed to load attach apn
E/RILD    (  250): RefreshAttachApn: read Attach Apn from DB failed
E/RILD    (  250): RefreshAttachApn: delete prev retry event and set retry after 1sec
E/RILD    (  250): LDC-MGR: evt(10002)
E/RILD    (  250): RefreshAttachApn: reason 5
E/RILD    (  250): IsEsmFlagZeroNetwork: 310260 operator ESM flag 1
E/RILD    (  250): getPreferredApnId(): preferredApnId = 637
E/RILD    (  250): db prepare error
E/RILD    (  250): IsAttachApnChanged: Failed to load attach apn
E/RILD    (  250): RefreshAttachApn: read Attach Apn from DB failed
E/RILD    (  250): RefreshAttachApn: delete prev retry event and set retry after 1sec
E/RILD    (  250): LDC-MGR: evt(10002)
E/RILD    (  250): RefreshAttachApn: reason 5
E/RILD    (  250): IsEsmFlagZeroNetwork: 310260 operator ESM flag 1
E/RILD    (  250): getPreferredApnId(): preferredApnId = 637
E/RILD    (  250): db prepare error
E/RILD    (  250): IsAttachApnChanged: Failed to load attach apn
E/RILD    (  250): RefreshAttachApn: read Attach Apn from DB failed
E/RILD    (  250): RefreshAttachApn: delete prev retry event and set retry after 1sec
E/RILD    (  250): LDC-MGR: evt(10002)
E/RILD    (  250): RefreshAttachApn: reason 5
E/RILD    (  250): IsEsmFlagZeroNetwork: 310260 operator ESM flag 1
E/RILD    (  250): getPreferredApnId(): preferredApnId = 637
E/RILD    (  250): db prepare error
E/RILD    (  250): IsAttachApnChanged: Failed to load attach apn
E/RILD    (  250): RefreshAttachApn: read Attach Apn from DB failed
E/RILD    (  250): RefreshAttachApn: delete prev retry event and set retry after 1sec
E/RILD    (  250): LDC-MGR: evt(10002)
E/RILD    (  250): RefreshAttachApn: reason 5
E/RILD    (  250): IsEsmFlagZeroNetwork: 310260 operator ESM flag 1
E/RILD    (  250): getPreferredApnId(): preferredApnId = 637
E/RILD    (  250): db prepare error
E/RILD    (  250): IsAttachApnChanged: Failed to load attach apn
E/RILD    (  250): RefreshAttachApn: read Attach Apn from DB failed
E/RILD    (  250): RefreshAttachApn: delete prev retry event and set retry after 1sec
E/RILD    (  250): LDC-MGR: evt(10002)
E/RILD    (  250): RefreshAttachApn: reason 5
E/RILD    (  250): IsEsmFlagZeroNetwork: 310260 operator ESM flag 1
E/RILD    (  250): getPreferredApnId(): preferredApnId = 637
E/RILD    (  250): db prepare error
E/RILD    (  250): IsAttachApnChanged: Failed to load attach apn
E/RILD    (  250): RefreshAttachApn: read Attach Apn from DB failed
E/RILD    (  250): RefreshAttachApn: delete prev retry event and set retry after 1sec
E/RILD    (  250): LDC-MGR: evt(10002)
E/RILD    (  250): RefreshAttachApn: reason 5
E/RILD    (  250): IsEsmFlagZeroNetwork: 310260 operator ESM flag 1
E/RILD    (  250): getPreferredApnId(): preferredApnId = 637
E/RILD    (  250): db prepare error
E/RILD    (  250): IsAttachApnChanged: Failed to load attach apn
E/RILD    (  250): RefreshAttachApn: read Attach Apn from DB failed
E/RILD    (  250): RefreshAttachApn: delete prev retry event and set retry after 1sec
E/RILD    (  250): LDC-MGR: evt(10002)
E/RILD    (  250): RefreshAttachApn: reason 5
E/RILD    (  250): IsEsmFlagZeroNetwork: 310260 operator ESM flag 1
E/RILD    (  250): getPreferredApnId(): preferredApnId = 637
E/RILD    (  250): db prepare error
E/RILD    (  250): IsAttachApnChanged: Failed to load attach apn
E/RILD    (  250): RefreshAttachApn: read Attach Apn from DB failed
E/RILD    (  250): RefreshAttachApn: delete prev retry event and set retry after 1sec
D/RILJ    ( 1358): [3737]> SIGNAL_STRENGTH
E/RILD    (  250): GLNET-MGR: evt(106)
E/RILD    (  250): DoSignalStrength():
E/RILD    (  250): IsConsideredRegistered: Cache hit 1
E/RILD    (  250): need sig info-0, need err rate-0
E/RILD    (  250): GLNET-MGR: evt(107)
E/RILD    (  250): NET-MGR: EVENT_SIGNAL_STRENGTH_DONE
D/RILJ    ( 1358): [3737]< SIGNAL_STRENGTH SignalStrength: 6 7 -1 -1 -1 -1 -1 99 2147483647 2147483647 2147483647 2147483647 2147483647 gsm|lte
D/GsmSST  ( 1358): [GsmSST] getCellLocation(): X good mCellLoc=[41031,8191,-1]
D/RILJ    ( 1358): [3738]> REQUEST_GET_NEIGHBORING_CELL_IDS
E/RILD    (  250): GMISC-MGR: evt(100)
D/RilRequest( 1358): [3738]< REQUEST_GET_NEIGHBORING_CELL_IDS error: com.android.internal.telephony.CommandException: REQUEST_NOT_SUPPORTED ret=null
D/GsmSST  ( 1358): [GsmSST] SST.getAllCellInfo(): not implemented
D/GsmSST  ( 1358): [GsmSST] SST.getAllCellInfo(): X size=0 list=null
D/GsmSST  ( 1358): [GsmSST] getCellLocation(): X good mCellLoc=[41031,8191,-1]
E/RILD    (  250): LDC-MGR: evt(10002)
E/RILD    (  250): RefreshAttachApn: reason 5
E/RILD    (  250): IsEsmFlagZeroNetwork: 310260 operator ESM flag 1
E/RILD    (  250): getPreferredApnId(): preferredApnId = 637
E/RILD    (  250): db prepare error
E/RILD    (  250): IsAttachApnChanged: Failed to load attach apn
E/RILD    (  250): RefreshAttachApn: read Attach Apn from DB failed
E/RILD    (  250): RefreshAttachApn: delete prev retry event and set retry after 1sec
E/RILD    (  250): LDC-MGR: evt(10002)
E/RILD    (  250): RefreshAttachApn: reason 5
E/RILD    (  250): IsEsmFlagZeroNetwork: 310260 operator ESM flag 1
E/RILD    (  250): getPreferredApnId(): preferredApnId = 637
E/RILD    (  250): db prepare error
E/RILD    (  250): IsAttachApnChanged: Failed to load attach apn
E/RILD    (  250): RefreshAttachApn: read Attach Apn from DB failed
E/RILD    (  250): RefreshAttachApn: delete prev retry event and set retry after 1sec
E/RILD    (  250): LDC-MGR: evt(10002)
E/RILD    (  250): RefreshAttachApn: reason 5
E/RILD    (  250): IsEsmFlagZeroNetwork: 310260 operator ESM flag 1
E/RILD    (  250): getPreferredApnId(): preferredApnId = 637
E/RILD    (  250): db prepare error
E/RILD    (  250): IsAttachApnChanged: Failed to load attach apn
E/RILD    (  250): RefreshAttachApn: read Attach Apn from DB failed
E/RILD    (  250): RefreshAttachApn: delete prev retry event and set retry after 1sec
E/RILD    (  250): LDC-MGR: evt(10002)
E/RILD    (  250): RefreshAttachApn: reason 5
E/RILD    (  250): IsEsmFlagZeroNetwork: 310260 operator ESM flag 1
E/RILD    (  250): getPreferredApnId(): preferredApnId = 637
E/RILD    (  250): db prepare error
E/RILD    (  250): IsAttachApnChanged: Failed to load attach apn
E/RILD    (  250): RefreshAttachApn: read Attach Apn from DB failed
E/RILD    (  250): RefreshAttachApn: delete prev retry event and set retry after 1sec
E/RILD    (  250): LDC-MGR: evt(10002)
E/RILD    (  250): RefreshAttachApn: reason 5
E/RILD    (  250): IsEsmFlagZeroNetwork: 310260 operator ESM flag 1
E/RILD    (  250): getPreferredApnId(): preferredApnId = 637
E/RILD    (  250): db prepare error
E/RILD    (  250): IsAttachApnChanged: Failed to load attach apn
E/RILD    (  250): RefreshAttachApn: read Attach Apn from DB failed
E/RILD    (  250): RefreshAttachApn: delete prev retry event and set retry after 1sec
E/RILD    (  250): LDC-MGR: evt(10002)
E/RILD    (  250): RefreshAttachApn: reason 5
E/RILD    (  250): IsEsmFlagZeroNetwork: 310260 operator ESM flag 1
E/RILD    (  250): getPreferredApnId(): preferredApnId = 637
E/RILD    (  250): db prepare error
E/RILD    (  250): IsAttachApnChanged: Failed to load attach apn
E/RILD    (  250): RefreshAttachApn: read Attach Apn from DB failed
E/RILD    (  250): RefreshAttachApn: delete prev retry event and set retry after 1sec
E/RILD    (  250): LDC-MGR: evt(10002)
E/RILD    (  250): RefreshAttachApn: reason 5
E/RILD    (  250): IsEsmFlagZeroNetwork: 310260 operator ESM flag 1
E/RILD    (  250): getPreferredApnId(): preferredApnId = 637
E/RILD    (  250): db prepare error
E/RILD    (  250): IsAttachApnChanged: Failed to load attach apn
E/RILD    (  250): RefreshAttachApn: read Attach Apn from DB failed
E/RILD    (  250): RefreshAttachApn: delete prev retry event and set retry after 1sec
E/RILD    (  250): LDC-MGR: evt(10002)
E/RILD    (  250): RefreshAttachApn: reason 5
E/RILD    (  250): IsEsmFlagZeroNetwork: 310260 operator ESM flag 1
E/RILD    (  250): getPreferredApnId(): preferredApnId = 637
E/RILD    (  250): db prepare error
E/RILD    (  250): IsAttachApnChanged: Failed to load attach apn
E/RILD    (  250): RefreshAttachApn: read Attach Apn from DB failed
E/RILD    (  250): RefreshAttachApn: delete prev retry event and set retry after 1sec
E/RILD    (  250): LDC-MGR: evt(10002)
E/RILD    (  250): RefreshAttachApn: reason 5
E/RILD    (  250): IsEsmFlagZeroNetwork: 310260 operator ESM flag 1
E/RILD    (  250): getPreferredApnId(): preferredApnId = 637
E/RILD    (  250): db prepare error
E/RILD    (  250): IsAttachApnChanged: Failed to load attach apn
E/RILD    (  250): RefreshAttachApn: read Attach Apn from DB failed
E/RILD    (  250): RefreshAttachApn: delete prev retry event and set retry after 1sec
E/RIL-QMI (  245): [SMDPORT] >> BEFORE, Read SMD Port [fd = 10]
E/RIL-QMI (  245): [SMDPORT] << AFTER, Read SMD Port [num_read = 22] [errno = 25]
D/RIL-QMI (  245): qmuxd: TX message on fd=23, to qmux_client_id=1, len=56
E/RILD    (  250): QmiUnsolicitedCallback: msgId(83)
E/RILD    (  250): ReceiveMessage: svc(NAS), msg(0x53:QMI_NAS_ERR_RATE_IND), indi(1), size(14), err(0)
E/RILD    (  250): IsConsideredRegistered: Cache hit 1
E/RILD    (  250): IsConsideredRegistered: Cache hit 1
E/RILD    (  250): need sig info-0, need err rate-0
E/RILD    (  250): GLNET-MGR: evt(201)
E/RILD    (  250): NET-MGR: EVENT_NETWORK_SIGNAL_STRENGTH
E/RILD    (  250): OnNetworkSignalStrength() - mSignalBar: 2
E/RILD    (  250): IsRegisteredNetworkType(): netType[1]  feature[00] state[0] 
E/RIL-QMI (  245): [SMDPORT] >> BEFORE, Read SMD Port [fd = 10]
E/RIL-QMI (  245): [SMDPORT] << AFTER, Read SMD Port [num_read = 113] [errno = 25]
D/RIL-QMI (  245): qmuxd: TX message on fd=23, to qmux_client_id=1, len=147
E/RILD    (  250): QmiUnsolicitedCallback: msgId(78)
E/RILD    (  250): ReceiveMessage: svc(NAS), msg(0x4E:QMI_NAS_SYS_INFO_IND), indi(1), size(1060), err(0)
E/RILD    (  250): GetDataRegs: group( CDMA), reg(0)
E/RILD    (  250): GetDataRegs: group( EVDO), reg(0)
E/RILD    (  250): GetDataRegs: group(  GSM), reg(2)
E/RILD    (  250): GetDataRegs: group( UMTS), reg(2)
E/RILD    (  250): GetDataRegs: group(EHRPD), reg(0)
E/RILD    (  250): GetDataRegs: group(  LTE), reg(2)
E/RILD    (  250): GetDataRegs: group(TDSCDMA), reg(0)
E/RILD    (  250): [VoLTE] VoPS [0], EbSupport [0], EmergencyAccessBarred [0]
E/RILD    (  250): [CS] 1x reg [0], gsm reg [13], wcdma reg [2], lte reg [2], hdr reg [0], Td reg [0]
E/RILD    (  250): UpdateVoiceRte() - mVoiceRte(2), mVoiceRteConfidenceTag(2), mReportedLteSmsStatus(0)
E/RILD    (  250): UpdateDataRte: [PS] 1x reg [0], gsm reg [2], wcdma reg [2], lte reg [2], hdr reg [0], Td reg [0]
E/RILD    (  250): UpdateDataRte: pref_data_tech(0), radio_tech_flag(1)
E/RILD    (  250): UpdateDataRte: mDataRte(0), confidence(4)
E/RILD    (  250): UpdateImsRte: mImsRte(0), mImsRteConfidenceTag(4)
E/RILD    (  250): UpdateVoiceTech() - RteType: 1, VoiceRadioTech: 1 -> 1
E/RILD    (  250): GetVoiceSysInfo: regState(13), voiceRte(16), isRte3gpp(1)
E/RILD    (  250): cdmaCcsSupported: 0, SimulVoiceAndDataCapability Valid: 1, Value: 0
E/RILD    (  250): mReportedDataTechnology Valid: 0, Value: 0
E/RILD    (  250): .. VoPS: 0, EbSupport: 0, EmergencyBarring: 0
E/RILD    (  250): BuildVoiceRegState : rData->mTac : 0
E/RILD    (  250): RxSysInfoInd: sys info updated
E/RILD    (  250): IsConsideredRegistered: cs 1x(0), gsm(13), wcdma(2), lte(2), hdr(0), Td(0)
E/RILD    (  250): IsConsideredRegistered: Cache hit 1
E/RILD    (  250): need sig info-0, need err rate-0
E/RILD    (  250): mCurrentRestricedState = 0
E/RILD    (  250): cs_bar_status 3
E/RILD    (  250): UpdateRestrictedDetails nRestrictedStateDetail 0
E/RILD    (  250): GLNET-MGR: evt(201)
E/RILD    (  250): NET-MGR: EVENT_NETWORK_SIGNAL_STRENGTH
E/RILD    (  250): OnNetworkSignalStrength() - mSignalBar: 2
E/RILD    (  250): IsRegisteredNetworkType(): netType[1]  feature[00] state[0] 
E/RILD    (  250): GLNET-MGR: evt(200)
E/RILD    (  250): NET-MGR: EVENT_NETWORK_STATE_CHANGED
D/RILJ    ( 1358): [UNSL]< UNSOL_RESPONSE_VOICE_NETWORK_STATE_CHANGED
D/RILJ    ( 1358): [3739]> OPERATOR
D/RILJ    ( 1358): [3740]> DATA_REGISTRATION_STATE
E/RILD    (  250): GLNET-MGR: evt(108)
E/RILD    (  250): DoOperator():
E/RILD    (  250): IsRegisteredNetworkType(): netType[1]  feature[00] state[0] 
E/RILD    (  250): IsConsideredRegistered: Cache hit 1
E/RILD    (  250): IsInService: rat(2), service(0)
E/RILD    (  250): IsInService: rat(1), service(0)
E/RILD    (  250): GLNET-MGR: evt(109)
E/RILD    (  250): GNET-MGR: EVENT_OPERATOR_DONE
D/RILJ    ( 1358): [3741]> VOICE_REGISTRATION_STATE
D/RILJ    ( 1358): [3739]< OPERATOR {null, null, 310410, null}
E/RILD    (  250): GLNET-MGR: evt(102)
E/RILD    (  250): DoDataNetRegState():
E/RILD    (  250): SendMessage: svc(NAS), msg(0x4D:QMI_NAS_GET_SYS_INFO), sync(1), internal(0), size(0)
D/RIL-QMI (  245): qmuxd: RX 47 bytes on fd=23 from qmux_client_id=1
D/RIL-QMI (  245): [SMDPORT] >> BEFORE, Write SMD Port [fd = 10] [msg_len = 13]
D/RIL-QMI (  245): [SMDPORT] << AFTER, Write SMD Port [rc = 0]
E/RIL-QMI (  245): [SMDPORT] >> BEFORE, Read SMD Port [fd = 10]
E/RIL-QMI (  245): [SMDPORT] << AFTER, Read SMD Port [num_read = 120] [errno = 25]
D/RIL-QMI (  245): qmuxd: TX message on fd=23, to qmux_client_id=1, len=154
E/RILD    (  250): ReceiveMessage: svc(NAS), msg(0x4D:QMI_NAS_GET_SYS_INFO), indi(0), size(1068), err(0)
E/RILD    (  250): Result(0), Error(0)
E/RILD    (  250): [VoLTE] VoPS [0], EbSupport [0], EmergencyAccessBarred [0]
E/RILD    (  250): [CS] 1x reg [0], gsm reg [13], wcdma reg [2], lte reg [2], hdr reg [0], Td reg [0]
E/RILD    (  250): UpdateVoiceRte() - mVoiceRte(2), mVoiceRteConfidenceTag(2), mReportedLteSmsStatus(0)
E/RILD    (  250): UpdateDataRte: [PS] 1x reg [0], gsm reg [2], wcdma reg [2], lte reg [2], hdr reg [0], Td reg [0]
E/RILD    (  250): UpdateDataRte: pref_data_tech(0), radio_tech_flag(1)
E/RILD    (  250): UpdateDataRte: mDataRte(0), confidence(4)
E/RILD    (  250): UpdateImsRte: mImsRte(0), mImsRteConfidenceTag(4)
E/RILD    (  250): UpdateVoiceTech() - RteType: 1, VoiceRadioTech: 1 -> 1
E/RILD    (  250): GetDataRegs: group( CDMA), reg(0)
E/RILD    (  250): GetDataRegs: group( EVDO), reg(0)
E/RILD    (  250): GetDataRegs: group(  GSM), reg(2)
E/RILD    (  250): GetDataRegs: group( UMTS), reg(2)
E/RILD    (  250): GetDataRegs: group(EHRPD), reg(0)
E/RILD    (  250): GetDataRegs: group(  LTE), reg(2)
E/RILD    (  250): GetDataRegs: group(TDSCDMA), reg(0)
E/RILD    (  250): BuildDataRegState: prefData(0) flag(1) networktype(0) radiotech(0) from WDS
E/RILD    (  250): BuildDataRegState: not registered..
E/RILD    (  250): BuildDataRegState: vrte(5), state(2), dataTechToReport(6)
E/RILD    (  250): BuildDataRegState: isRegistered : 0, dataTechToReport : 6
E/RILD    (  250): BuildDataRegState: pref data tech reg 2
E/RILD    (  250): BuildDataRegState() - VoPS: 0, EbSupport: 0, EmergencyBarring: 0
E/RILD    (  250): mConsideredDataTechnology Valid: 1, Value: 0
D/RILJ    ( 1358): [3742]> QUERY_NETWORK_SELECTION_MODE
E/RILD    (  250): GLNET-MGR: evt(103)
E/RILD    (  250): NET-MGR: EVENT_DATA_NET_REG_STATE_DONE
E/RILD    (  250): it was rat 0 but it will be unknown owing to no service
E/RILD    (  250): GLNET-MGR: evt(100)
E/RILD    (  250): DoVoiceNetRegState():
E/RILD    (  250): IsRegisteredNetworkType(): netType[1]  feature[00] state[0] 
E/RILD    (  250): TxGetSysInfo: Cache hit!
E/RILD    (  250): GetVoiceSysInfo: regState(13), voiceRte(16), isRte3gpp(1)
E/RILD    (  250): cdmaCcsSupported: 0, SimulVoiceAndDataCapability Valid: 1, Value: 0
E/RILD    (  250): mReportedDataTechnology Valid: 0, Value: 0
E/RILD    (  250): .. VoPS: 0, EbSupport: 0, EmergencyBarring: 0
E/RILD    (  250): BuildVoiceRegState : rData->mTac : 0
E/RILD    (  250): GLNET-MGR: evt(101)
E/RILD    (  250): GNET-MGR: EVENT_VOICE_NET_REG_STATE_DONE
D/RILJ    ( 1358): [3740]< DATA_REGISTRATION_STATE {2, 0000, 00000000, 0, null, 4}
E/RILD    (  250): Hall IC - OFF
D/PHONE   ( 1358): [ServiceState] setDataRegState=1
D/PHONE   ( 1358): [ServiceState] setDataRadioTechnology=0
D/GsmSST  ( 1358): [GsmSST] handlPollStateResultMessage: GsmSST setDataRegState=1 regState=2 dataRadioTechnology=0
D/RILJ    ( 1358): [3741]< VOICE_REGISTRATION_STATE {13, a047, 00001fff, 0, null, null, null, null, null, null, null, null, null, 13, null}
E/RILD    (  250): GLNET-MGR: evt(118)
E/RILD    (  250): DoGetNetSelectionMode():
D/PHONE   ( 1358): [ServiceState] setVoiceRegState=1
E/PHONE   ( 1358): [ServiceState] setState deprecated use setVoiceRegState()
E/RILD    (  250): GLNET-MGR: evt(119)
E/RILD    (  250): NET-MGR: EVENT_GET_NETWORK_SELECTION_MODE_DONE
D/RILJ    ( 1358): [3742]< QUERY_NETWORK_SELECTION_MODE {0}
D/GsmSST  ( 1358): [GsmSST] Poll ServiceState done:  oldSS=[1 1 home null null 310410  Unknown Unknown CSS not supported -1 -1 RoamInd=-1 DefRoamInd=-1 EmergOnly=true] newSS=[1 1 home null null 310410  Unknown Unknown CSS not supported -1 -1 RoamInd=-1 DefRoamInd=-1 EmergOnly=true] oldMaxDataCalls=4 mNewMaxDataCalls=4 oldReasonDataDenied=-1 mNewReasonDataDenied=-1
D/PHONE   ( 1358): [ServiceState] setNullState=1
E/RILD    (  250): LDC-MGR: evt(10002)
E/RILD    (  250): RefreshAttachApn: reason 5
E/RILD    (  250): IsEsmFlagZeroNetwork: 310260 operator ESM flag 1
E/RILD    (  250): getPreferredApnId(): preferredApnId = 637
E/RILD    (  250): db prepare error
E/RILD    (  250): IsAttachApnChanged: Failed to load attach apn
E/RILD    (  250): RefreshAttachApn: read Attach Apn from DB failed
E/RILD    (  250): RefreshAttachApn: delete prev retry event and set retry after 1sec
E/RILD    (  250): LDC-MGR: evt(10002)
E/RILD    (  250): RefreshAttachApn: reason 5
